<!doctype html public "-//w3c//dtd html 4.0 transitional//en">
<html><head>
<title>Static Call Graph - [.\nor_txt_ram\Objects\YH-RT1052.axf]</title></head>
<body><HR>
<H1>Static Call Graph for image .\nor_txt_ram\Objects\YH-RT1052.axf</H1><HR>
<BR><P>#&#060CALLGRAPH&#062# ARM Linker, 5060750: Last Updated: Sun Mar 10 21:28:49 2019
<BR><P>
<H3>Maximum Stack Usage =          0 bytes + Unknown(Cycles, Untraceable Function Pointers)</H3><H3>
Call chain for Maximum Stack Depth:</H3>

<P>
<H3>
Mutually Recursive functions
</H3> <LI><a href="#[c]">NMI_Handler</a>&nbsp;&nbsp;&nbsp;&rArr;&nbsp;&nbsp;&nbsp;<a href="#[c]">NMI_Handler</a><BR>
 <LI><a href="#[d]">HardFault_Handler</a>&nbsp;&nbsp;&nbsp;&rArr;&nbsp;&nbsp;&nbsp;<a href="#[d]">HardFault_Handler</a><BR>
 <LI><a href="#[e]">MemManage_Handler</a>&nbsp;&nbsp;&nbsp;&rArr;&nbsp;&nbsp;&nbsp;<a href="#[e]">MemManage_Handler</a><BR>
 <LI><a href="#[f]">BusFault_Handler</a>&nbsp;&nbsp;&nbsp;&rArr;&nbsp;&nbsp;&nbsp;<a href="#[f]">BusFault_Handler</a><BR>
 <LI><a href="#[10]">UsageFault_Handler</a>&nbsp;&nbsp;&nbsp;&rArr;&nbsp;&nbsp;&nbsp;<a href="#[10]">UsageFault_Handler</a><BR>
 <LI><a href="#[12]">DebugMon_Handler</a>&nbsp;&nbsp;&nbsp;&rArr;&nbsp;&nbsp;&nbsp;<a href="#[12]">DebugMon_Handler</a><BR>
 <LI><a href="#[1c9]">__aeabi_assert</a>&nbsp;&nbsp;&nbsp;&rArr;&nbsp;&nbsp;&nbsp;<a href="#[133]">DbgConsole_Printf</a><BR>
 <LI><a href="#[36b]">_Findy1</a>&nbsp;&nbsp;&nbsp;&rArr;&nbsp;&nbsp;&nbsp;<a href="#[36b]">_Findy1</a><BR>
 <LI><a href="#[36d]">_Findx1</a>&nbsp;&nbsp;&nbsp;&rArr;&nbsp;&nbsp;&nbsp;<a href="#[36d]">_Findx1</a><BR>
 <LI><a href="#[36c]">_Findx0</a>&nbsp;&nbsp;&nbsp;&rArr;&nbsp;&nbsp;&nbsp;<a href="#[36c]">_Findx0</a><BR>
 <LI><a href="#[324]">WM_SendToParent</a>&nbsp;&nbsp;&nbsp;&rArr;&nbsp;&nbsp;&nbsp;<a href="#[33b]">WM__SendMessage</a><BR>
 <LI><a href="#[34a]">WM__InvalidateRect</a>&nbsp;&nbsp;&nbsp;&rArr;&nbsp;&nbsp;&nbsp;<a href="#[34a]">WM__InvalidateRect</a><BR>
 <LI><a href="#[337]">WM_InvalidateWindowAndDescsEx</a>&nbsp;&nbsp;&nbsp;&rArr;&nbsp;&nbsp;&nbsp;<a href="#[337]">WM_InvalidateWindowAndDescsEx</a><BR>
 <LI><a href="#[332]">WM__InvalidateDrawAndDescs</a>&nbsp;&nbsp;&nbsp;&rArr;&nbsp;&nbsp;&nbsp;<a href="#[332]">WM__InvalidateDrawAndDescs</a><BR>
 <LI><a href="#[34b]">_MoveDescendents</a>&nbsp;&nbsp;&nbsp;&rArr;&nbsp;&nbsp;&nbsp;<a href="#[34b]">_MoveDescendents</a><BR>
 <LI><a href="#[33e]">WM__UpdateChildPositions</a>&nbsp;&nbsp;&nbsp;&rArr;&nbsp;&nbsp;&nbsp;<a href="#[33c]">WM_ResizeWindow</a><BR>
 <LI><a href="#[353]">_PopFreeBlock</a>&nbsp;&nbsp;&nbsp;&rArr;&nbsp;&nbsp;&nbsp;<a href="#[369]">_EnlargeBlocks</a><BR>
 <LI><a href="#[227]">_Alloc</a>&nbsp;&nbsp;&nbsp;&rArr;&nbsp;&nbsp;&nbsp;<a href="#[22f]">_InitOnce</a><BR>
 <LI><a href="#[41f]">lwip_sendto</a>&nbsp;&nbsp;&nbsp;&rArr;&nbsp;&nbsp;&nbsp;<a href="#[30d]">lwip_send</a><BR>
 <LI><a href="#[414]">netconn_drain</a>&nbsp;&nbsp;&nbsp;&rArr;&nbsp;&nbsp;&nbsp;<a href="#[414]">netconn_drain</a><BR>
 <LI><a href="#[32a]">_DeleteAllChildren</a>&nbsp;&nbsp;&nbsp;&rArr;&nbsp;&nbsp;&nbsp;<a href="#[326]">WM_DeleteWindow</a><BR>
 <LI><a href="#[34f]">_PaintTransChildren</a>&nbsp;&nbsp;&nbsp;&rArr;&nbsp;&nbsp;&nbsp;<a href="#[34f]">_PaintTransChildren</a><BR>
</UL>
<P>
<H3>
Function Pointers
</H3><UL>
 <LI><a href="#[90]">ACMP1_IRQHandler</a> from startup_mimxrt1052.o(.text) referenced from startup_mimxrt1052.o(RESET)
 <LI><a href="#[91]">ACMP2_IRQHandler</a> from startup_mimxrt1052.o(.text) referenced from startup_mimxrt1052.o(RESET)
 <LI><a href="#[92]">ACMP3_IRQHandler</a> from startup_mimxrt1052.o(.text) referenced from startup_mimxrt1052.o(RESET)
 <LI><a href="#[93]">ACMP4_IRQHandler</a> from startup_mimxrt1052.o(.text) referenced from startup_mimxrt1052.o(RESET)
 <LI><a href="#[58]">ADC1_IRQHandler</a> from startup_mimxrt1052.o(.text) referenced from startup_mimxrt1052.o(RESET)
 <LI><a href="#[59]">ADC2_IRQHandler</a> from startup_mimxrt1052.o(.text) referenced from startup_mimxrt1052.o(RESET)
 <LI><a href="#[8e]">ADC_ETC_ERROR_IRQ_IRQHandler</a> from startup_mimxrt1052.o(.text) referenced from startup_mimxrt1052.o(RESET)
 <LI><a href="#[8b]">ADC_ETC_IRQ0_IRQHandler</a> from startup_mimxrt1052.o(.text) referenced from startup_mimxrt1052.o(RESET)
 <LI><a href="#[8c]">ADC_ETC_IRQ1_IRQHandler</a> from startup_mimxrt1052.o(.text) referenced from startup_mimxrt1052.o(RESET)
 <LI><a href="#[8d]">ADC_ETC_IRQ2_IRQHandler</a> from startup_mimxrt1052.o(.text) referenced from startup_mimxrt1052.o(RESET)
 <LI><a href="#[52]">ANATOP_EVENT0_IRQHandler</a> from startup_mimxrt1052.o(.text) referenced from startup_mimxrt1052.o(RESET)
 <LI><a href="#[53]">ANATOP_EVENT1_IRQHandler</a> from startup_mimxrt1052.o(.text) referenced from startup_mimxrt1052.o(RESET)
 <LI><a href="#[54]">ANATOP_TAMP_LOW_HIGH_IRQHandler</a> from startup_mimxrt1052.o(.text) referenced from startup_mimxrt1052.o(RESET)
 <LI><a href="#[55]">ANATOP_TEMP_PANIC_IRQHandler</a> from startup_mimxrt1052.o(.text) referenced from startup_mimxrt1052.o(RESET)
 <LI><a href="#[4c]">BEE_IRQHandler</a> from startup_mimxrt1052.o(.text) referenced from startup_mimxrt1052.o(RESET)
 <LI><a href="#[1]">BOARD_PullCameraPowerDownPin</a> from bsp_ov7670.o(i.BOARD_PullCameraPowerDownPin) referenced 2 times from bsp_ov7670.o(.data)
 <LI><a href="#[0]">BOARD_PullCameraResetPin</a> from bsp_ov7670.o(i.BOARD_PullCameraResetPin) referenced 2 times from bsp_ov7670.o(.data)
 <LI><a href="#[f]">BusFault_Handler</a> from startup_mimxrt1052.o(.text) referenced from startup_mimxrt1052.o(RESET)
 <LI><a href="#[da]">CAN1_DriverIRQHandler</a> from startup_mimxrt1052.o(.text) referenced from startup_mimxrt1052.o(.text)
 <LI><a href="#[39]">CAN1_IRQHandler</a> from startup_mimxrt1052.o(.text) referenced from startup_mimxrt1052.o(RESET)
 <LI><a href="#[db]">CAN2_DriverIRQHandler</a> from startup_mimxrt1052.o(.text) referenced from startup_mimxrt1052.o(.text)
 <LI><a href="#[3a]">CAN2_IRQHandler</a> from startup_mimxrt1052.o(.text) referenced from startup_mimxrt1052.o(RESET)
 <LI><a href="#[74]">CCM_1_IRQHandler</a> from startup_mimxrt1052.o(.text) referenced from startup_mimxrt1052.o(RESET)
 <LI><a href="#[75]">CCM_2_IRQHandler</a> from startup_mimxrt1052.o(.text) referenced from startup_mimxrt1052.o(RESET)
 <LI><a href="#[28]">CORE_IRQHandler</a> from startup_mimxrt1052.o(.text) referenced from startup_mimxrt1052.o(RESET)
 <LI><a href="#[ec]">CSI_ADAPTER_Callback</a> from fsl_csi_camera_adapter.o(i.CSI_ADAPTER_Callback) referenced from fsl_csi_camera_adapter.o(i.CSI_ADAPTER_Init)
 <LI><a href="#[13f]">CSI_ADAPTER_Deinit</a> from fsl_csi_camera_adapter.o(i.CSI_ADAPTER_Deinit) referenced from fsl_csi_camera_adapter.o(.constdata)
 <LI><a href="#[143]">CSI_ADAPTER_GetFullBuffer</a> from fsl_csi_camera_adapter.o(i.CSI_ADAPTER_GetFullBuffer) referenced from fsl_csi_camera_adapter.o(.constdata)
 <LI><a href="#[13e]">CSI_ADAPTER_Init</a> from fsl_csi_camera_adapter.o(i.CSI_ADAPTER_Init) referenced from fsl_csi_camera_adapter.o(.constdata)
 <LI><a href="#[144]">CSI_ADAPTER_InitExt</a> from fsl_csi_camera_adapter.o(i.CSI_ADAPTER_InitExt) referenced from fsl_csi_camera_adapter.o(.constdata)
 <LI><a href="#[140]">CSI_ADAPTER_Start</a> from fsl_csi_camera_adapter.o(i.CSI_ADAPTER_Start) referenced from fsl_csi_camera_adapter.o(.constdata)
 <LI><a href="#[141]">CSI_ADAPTER_Stop</a> from fsl_csi_camera_adapter.o(i.CSI_ADAPTER_Stop) referenced from fsl_csi_camera_adapter.o(.constdata)
 <LI><a href="#[142]">CSI_ADAPTER_SubmitEmptyBuffer</a> from fsl_csi_camera_adapter.o(i.CSI_ADAPTER_SubmitEmptyBuffer) referenced from fsl_csi_camera_adapter.o(.constdata)
 <LI><a href="#[40]">CSI_IRQHandler</a> from bsp_ov7670.o(i.CSI_IRQHandler) referenced from startup_mimxrt1052.o(RESET)
 <LI><a href="#[ed]">CSI_TransferHandleIRQ</a> from fsl_csi.o(i.CSI_TransferHandleIRQ) referenced from fsl_csi.o(i.CSI_TransferCreateHandle)
 <LI><a href="#[46]">CSU_IRQHandler</a> from startup_mimxrt1052.o(.text) referenced from startup_mimxrt1052.o(RESET)
 <LI><a href="#[26]">CTI0_ERROR_IRQHandler</a> from startup_mimxrt1052.o(.text) referenced from startup_mimxrt1052.o(RESET)
 <LI><a href="#[27]">CTI1_ERROR_IRQHandler</a> from startup_mimxrt1052.o(.text) referenced from startup_mimxrt1052.o(RESET)
 <LI><a href="#[5a]">DCDC_IRQHandler</a> from startup_mimxrt1052.o(.text) referenced from startup_mimxrt1052.o(RESET)
 <LI><a href="#[47]">DCP_IRQHandler</a> from startup_mimxrt1052.o(.text) referenced from startup_mimxrt1052.o(RESET)
 <LI><a href="#[48]">DCP_VMI_IRQHandler</a> from startup_mimxrt1052.o(.text) referenced from startup_mimxrt1052.o(RESET)
 <LI><a href="#[b9]">DMA0_DMA16_DriverIRQHandler</a> from startup_mimxrt1052.o(.text) referenced from startup_mimxrt1052.o(.text)
 <LI><a href="#[15]">DMA0_DMA16_IRQHandler</a> from startup_mimxrt1052.o(.text) referenced from startup_mimxrt1052.o(RESET)
 <LI><a href="#[c3]">DMA10_DMA26_DriverIRQHandler</a> from startup_mimxrt1052.o(.text) referenced from startup_mimxrt1052.o(.text)
 <LI><a href="#[1f]">DMA10_DMA26_IRQHandler</a> from startup_mimxrt1052.o(.text) referenced from startup_mimxrt1052.o(RESET)
 <LI><a href="#[c4]">DMA11_DMA27_DriverIRQHandler</a> from startup_mimxrt1052.o(.text) referenced from startup_mimxrt1052.o(.text)
 <LI><a href="#[20]">DMA11_DMA27_IRQHandler</a> from startup_mimxrt1052.o(.text) referenced from startup_mimxrt1052.o(RESET)
 <LI><a href="#[c5]">DMA12_DMA28_DriverIRQHandler</a> from startup_mimxrt1052.o(.text) referenced from startup_mimxrt1052.o(.text)
 <LI><a href="#[21]">DMA12_DMA28_IRQHandler</a> from startup_mimxrt1052.o(.text) referenced from startup_mimxrt1052.o(RESET)
 <LI><a href="#[c6]">DMA13_DMA29_DriverIRQHandler</a> from startup_mimxrt1052.o(.text) referenced from startup_mimxrt1052.o(.text)
 <LI><a href="#[22]">DMA13_DMA29_IRQHandler</a> from startup_mimxrt1052.o(.text) referenced from startup_mimxrt1052.o(RESET)
 <LI><a href="#[c7]">DMA14_DMA30_DriverIRQHandler</a> from startup_mimxrt1052.o(.text) referenced from startup_mimxrt1052.o(.text)
 <LI><a href="#[23]">DMA14_DMA30_IRQHandler</a> from startup_mimxrt1052.o(.text) referenced from startup_mimxrt1052.o(RESET)
 <LI><a href="#[c8]">DMA15_DMA31_DriverIRQHandler</a> from startup_mimxrt1052.o(.text) referenced from startup_mimxrt1052.o(.text)
 <LI><a href="#[24]">DMA15_DMA31_IRQHandler</a> from startup_mimxrt1052.o(.text) referenced from startup_mimxrt1052.o(RESET)
 <LI><a href="#[ba]">DMA1_DMA17_DriverIRQHandler</a> from startup_mimxrt1052.o(.text) referenced from startup_mimxrt1052.o(.text)
 <LI><a href="#[16]">DMA1_DMA17_IRQHandler</a> from startup_mimxrt1052.o(.text) referenced from startup_mimxrt1052.o(RESET)
 <LI><a href="#[bb]">DMA2_DMA18_DriverIRQHandler</a> from startup_mimxrt1052.o(.text) referenced from startup_mimxrt1052.o(.text)
 <LI><a href="#[17]">DMA2_DMA18_IRQHandler</a> from startup_mimxrt1052.o(.text) referenced from startup_mimxrt1052.o(RESET)
 <LI><a href="#[bc]">DMA3_DMA19_DriverIRQHandler</a> from startup_mimxrt1052.o(.text) referenced from startup_mimxrt1052.o(.text)
 <LI><a href="#[18]">DMA3_DMA19_IRQHandler</a> from startup_mimxrt1052.o(.text) referenced from startup_mimxrt1052.o(RESET)
 <LI><a href="#[bd]">DMA4_DMA20_DriverIRQHandler</a> from startup_mimxrt1052.o(.text) referenced from startup_mimxrt1052.o(.text)
 <LI><a href="#[19]">DMA4_DMA20_IRQHandler</a> from startup_mimxrt1052.o(.text) referenced from startup_mimxrt1052.o(RESET)
 <LI><a href="#[be]">DMA5_DMA21_DriverIRQHandler</a> from startup_mimxrt1052.o(.text) referenced from startup_mimxrt1052.o(.text)
 <LI><a href="#[1a]">DMA5_DMA21_IRQHandler</a> from startup_mimxrt1052.o(.text) referenced from startup_mimxrt1052.o(RESET)
 <LI><a href="#[bf]">DMA6_DMA22_DriverIRQHandler</a> from startup_mimxrt1052.o(.text) referenced from startup_mimxrt1052.o(.text)
 <LI><a href="#[1b]">DMA6_DMA22_IRQHandler</a> from startup_mimxrt1052.o(.text) referenced from startup_mimxrt1052.o(RESET)
 <LI><a href="#[c0]">DMA7_DMA23_DriverIRQHandler</a> from startup_mimxrt1052.o(.text) referenced from startup_mimxrt1052.o(.text)
 <LI><a href="#[1c]">DMA7_DMA23_IRQHandler</a> from startup_mimxrt1052.o(.text) referenced from startup_mimxrt1052.o(RESET)
 <LI><a href="#[c1]">DMA8_DMA24_DriverIRQHandler</a> from startup_mimxrt1052.o(.text) referenced from startup_mimxrt1052.o(.text)
 <LI><a href="#[1d]">DMA8_DMA24_IRQHandler</a> from startup_mimxrt1052.o(.text) referenced from startup_mimxrt1052.o(RESET)
 <LI><a href="#[c2]">DMA9_DMA25_DriverIRQHandler</a> from startup_mimxrt1052.o(.text) referenced from startup_mimxrt1052.o(.text)
 <LI><a href="#[1e]">DMA9_DMA25_IRQHandler</a> from startup_mimxrt1052.o(.text) referenced from startup_mimxrt1052.o(RESET)
 <LI><a href="#[c9]">DMA_ERROR_DriverIRQHandler</a> from startup_mimxrt1052.o(.text) referenced from startup_mimxrt1052.o(.text)
 <LI><a href="#[25]">DMA_ERROR_IRQHandler</a> from startup_mimxrt1052.o(.text) referenced from startup_mimxrt1052.o(RESET)
 <LI><a href="#[133]">DbgConsole_Printf</a> from t_debug.o(i.DbgConsole_Printf) referenced from freertos.o(i.vTaskCodeShell)
 <LI><a href="#[ee]">DbgConsole_RelocateLog</a> from t_debug.o(i.DbgConsole_RelocateLog) referenced from t_debug.o(i.DbgConsole_Printf)
 <LI><a href="#[12]">DebugMon_Handler</a> from startup_mimxrt1052.o(.text) referenced from startup_mimxrt1052.o(RESET)
 <LI><a href="#[b5]">DefaultISR</a> from startup_mimxrt1052.o(.text) referenced from startup_mimxrt1052.o(.text)
 <LI><a href="#[b5]">DefaultISR</a> from startup_mimxrt1052.o(.text) referenced 79 times from startup_mimxrt1052.o(RESET)
 <LI><a href="#[139]">DhcpCommand</a> from lwip_app.o(i.DhcpCommand) referenced from lwip_app.o(.constdata)
 <LI><a href="#[96]">ENC1_IRQHandler</a> from startup_mimxrt1052.o(.text) referenced from startup_mimxrt1052.o(RESET)
 <LI><a href="#[97]">ENC2_IRQHandler</a> from startup_mimxrt1052.o(.text) referenced from startup_mimxrt1052.o(RESET)
 <LI><a href="#[98]">ENC3_IRQHandler</a> from startup_mimxrt1052.o(.text) referenced from startup_mimxrt1052.o(RESET)
 <LI><a href="#[99]">ENC4_IRQHandler</a> from startup_mimxrt1052.o(.text) referenced from startup_mimxrt1052.o(RESET)
 <LI><a href="#[e7]">ENET_1588_Timer_DriverIRQHandler</a> from startup_mimxrt1052.o(.text) referenced from startup_mimxrt1052.o(.text)
 <LI><a href="#[88]">ENET_1588_Timer_IRQHandler</a> from fsl_enet.o(i.ENET_1588_Timer_IRQHandler) referenced from startup_mimxrt1052.o(RESET)
 <LI><a href="#[e6]">ENET_DriverIRQHandler</a> from fsl_enet.o(i.ENET_DriverIRQHandler) referenced from startup_mimxrt1052.o(.text)
 <LI><a href="#[f1]">ENET_ErrorIRQHandler</a> from fsl_enet.o(i.ENET_ErrorIRQHandler) referenced from fsl_enet.o(i.ENET_SetHandler)
 <LI><a href="#[87]">ENET_IRQHandler</a> from startup_mimxrt1052.o(.text) referenced from startup_mimxrt1052.o(RESET)
 <LI><a href="#[f0]">ENET_ReceiveIRQHandler</a> from fsl_enet.o(i.ENET_ReceiveIRQHandler) referenced from fsl_enet.o(i.ENET_SetHandler)
 <LI><a href="#[ef]">ENET_TransmitIRQHandler</a> from fsl_enet.o(i.ENET_TransmitIRQHandler) referenced from fsl_enet.o(i.ENET_SetHandler)
 <LI><a href="#[73]">EWM_IRQHandler</a> from startup_mimxrt1052.o(.text) referenced from startup_mimxrt1052.o(RESET)
 <LI><a href="#[14f]">ExitCommand</a> from t_shell.o(i.ExitCommand) referenced from t_shell.o(.constdata)
 <LI><a href="#[e1]">FLEXIO1_DriverIRQHandler</a> from startup_mimxrt1052.o(.text) referenced from startup_mimxrt1052.o(.text)
 <LI><a href="#[6f]">FLEXIO1_IRQHandler</a> from startup_mimxrt1052.o(.text) referenced from startup_mimxrt1052.o(RESET)
 <LI><a href="#[e2]">FLEXIO2_DriverIRQHandler</a> from startup_mimxrt1052.o(.text) referenced from startup_mimxrt1052.o(.text)
 <LI><a href="#[70]">FLEXIO2_IRQHandler</a> from startup_mimxrt1052.o(.text) referenced from startup_mimxrt1052.o(RESET)
 <LI><a href="#[3b]">FLEXRAM_IRQHandler</a> from startup_mimxrt1052.o(.text) referenced from startup_mimxrt1052.o(RESET)
 <LI><a href="#[e3]">FLEXSPI_DriverIRQHandler</a> from startup_mimxrt1052.o(.text) referenced from startup_mimxrt1052.o(.text)
 <LI><a href="#[81]">FLEXSPI_IRQHandler</a> from startup_mimxrt1052.o(.text) referenced from startup_mimxrt1052.o(RESET)
 <LI><a href="#[76]">GPC_IRQHandler</a> from startup_mimxrt1052.o(.text) referenced from startup_mimxrt1052.o(RESET)
 <LI><a href="#[65]">GPIO1_Combined_0_15_IRQHandler</a> from startup_mimxrt1052.o(.text) referenced from startup_mimxrt1052.o(RESET)
 <LI><a href="#[66]">GPIO1_Combined_16_31_IRQHandler</a> from startup_mimxrt1052.o(.text) referenced from startup_mimxrt1052.o(RESET)
 <LI><a href="#[5d]">GPIO1_INT0_IRQHandler</a> from startup_mimxrt1052.o(.text) referenced from startup_mimxrt1052.o(RESET)
 <LI><a href="#[5e]">GPIO1_INT1_IRQHandler</a> from startup_mimxrt1052.o(.text) referenced from startup_mimxrt1052.o(RESET)
 <LI><a href="#[5f]">GPIO1_INT2_IRQHandler</a> from startup_mimxrt1052.o(.text) referenced from startup_mimxrt1052.o(RESET)
 <LI><a href="#[60]">GPIO1_INT3_IRQHandler</a> from startup_mimxrt1052.o(.text) referenced from startup_mimxrt1052.o(RESET)
 <LI><a href="#[61]">GPIO1_INT4_IRQHandler</a> from startup_mimxrt1052.o(.text) referenced from startup_mimxrt1052.o(RESET)
 <LI><a href="#[62]">GPIO1_INT5_IRQHandler</a> from startup_mimxrt1052.o(.text) referenced from startup_mimxrt1052.o(RESET)
 <LI><a href="#[63]">GPIO1_INT6_IRQHandler</a> from startup_mimxrt1052.o(.text) referenced from startup_mimxrt1052.o(RESET)
 <LI><a href="#[64]">GPIO1_INT7_IRQHandler</a> from startup_mimxrt1052.o(.text) referenced from startup_mimxrt1052.o(RESET)
 <LI><a href="#[67]">GPIO2_Combined_0_15_IRQHandler</a> from startup_mimxrt1052.o(.text) referenced from startup_mimxrt1052.o(RESET)
 <LI><a href="#[68]">GPIO2_Combined_16_31_IRQHandler</a> from startup_mimxrt1052.o(.text) referenced from startup_mimxrt1052.o(RESET)
 <LI><a href="#[69]">GPIO3_Combined_0_15_IRQHandler</a> from startup_mimxrt1052.o(.text) referenced from startup_mimxrt1052.o(RESET)
 <LI><a href="#[6a]">GPIO3_Combined_16_31_IRQHandler</a> from startup_mimxrt1052.o(.text) referenced from startup_mimxrt1052.o(RESET)
 <LI><a href="#[6b]">GPIO4_Combined_0_15_IRQHandler</a> from startup_mimxrt1052.o(.text) referenced from startup_mimxrt1052.o(RESET)
 <LI><a href="#[6c]">GPIO4_Combined_16_31_IRQHandler</a> from startup_mimxrt1052.o(.text) referenced from startup_mimxrt1052.o(RESET)
 <LI><a href="#[6d]">GPIO5_Combined_0_15_IRQHandler</a> from startup_mimxrt1052.o(.text) referenced from startup_mimxrt1052.o(RESET)
 <LI><a href="#[6e]">GPIO5_Combined_16_31_IRQHandler</a> from startup_mimxrt1052.o(.text) referenced from startup_mimxrt1052.o(RESET)
 <LI><a href="#[3e]">GPR_IRQ_IRQHandler</a> from startup_mimxrt1052.o(.text) referenced from startup_mimxrt1052.o(RESET)
 <LI><a href="#[79]">GPT1_IRQHandler</a> from startup_mimxrt1052.o(.text) referenced from startup_mimxrt1052.o(RESET)
 <LI><a href="#[7a]">GPT2_IRQHandler</a> from startup_mimxrt1052.o(.text) referenced from startup_mimxrt1052.o(RESET)
 <LI><a href="#[15c]">GUIMONO_DispChar</a> from GUI_CharM.o(i.GUIMONO_DispChar) referenced from F6x8.o(.constdata)
 <LI><a href="#[15d]">GUIMONO_GetCharDistX</a> from GUI_CharM.o(i.GUIMONO_GetCharDistX) referenced from F6x8.o(.constdata)
 <LI><a href="#[15e]">GUIMONO_GetFontInfo</a> from GUI_CharM.o(i.GUIMONO_GetFontInfo) referenced from F6x8.o(.constdata)
 <LI><a href="#[15f]">GUIMONO_IsInFont</a> from GUI_CharM.o(i.GUIMONO_IsInFont) referenced from F6x8.o(.constdata)
 <LI><a href="#[113]">GUI_MEMDEV_Paint1Static</a> from GUIDEV_StaticDevices.o(i.GUI_MEMDEV_Paint1Static) referenced from WM.o(i._Paint1)
 <LI><a href="#[112]">GUI_MEMDEV__WriteToActiveAlpha</a> from GUIDEV_WriteToActiveAlpha.o(i.GUI_MEMDEV__WriteToActiveAlpha) referenced from GUIDEV_32.o(i._GetDevFunc)
 <LI><a href="#[111]">GUI_MEMDEV__WriteToActiveOpaque</a> from GUIDEV_WriteToActiveOpaque.o(i.GUI_MEMDEV__WriteToActiveOpaque) referenced from GUIDEV_8.o(i._GetDevFunc)
 <LI><a href="#[18e]">GUI_USAGE_BM_AddHLine</a> from GUIDEV_UsageBM.o(i.GUI_USAGE_BM_AddHLine) referenced from GUIDEV_UsageBM.o(.constdata)
 <LI><a href="#[18d]">GUI_USAGE_BM_AddPixel</a> from GUIDEV_UsageBM.o(i.GUI_USAGE_BM_AddPixel) referenced from GUIDEV_UsageBM.o(.constdata)
 <LI><a href="#[18f]">GUI_USAGE_BM_Clear</a> from GUIDEV_UsageBM.o(i.GUI_USAGE_BM_Clear) referenced from GUIDEV_UsageBM.o(.constdata)
 <LI><a href="#[191]">GUI_USAGE_BM_GetNextDirty</a> from GUIDEV_UsageBM.o(i.GUI_USAGE_BM_GetNextDirty) referenced from GUIDEV_UsageBM.o(.constdata)
 <LI><a href="#[9]">GUI_X_ExecIdle</a> from emwin_support.o(i.GUI_X_ExecIdle) referenced 2 times from GUI_WaitEvent.o(.data)
 <LI><a href="#[7]">GUI__MixColors</a> from GUI__Alpha.o(i.GUI__MixColors) referenced 2 times from GUI__Alpha.o(.data)
 <LI><a href="#[8]">GUI__MixColorsBulk</a> from GUI__Alpha.o(i.GUI__MixColorsBulk) referenced 2 times from GUI__Alpha.o(.data)
 <LI><a href="#[d]">HardFault_Handler</a> from startup_mimxrt1052.o(.text) referenced from startup_mimxrt1052.o(RESET)
 <LI><a href="#[14e]">HelpCommand</a> from t_shell.o(i.HelpCommand) referenced from t_shell.o(.constdata)
 <LI><a href="#[13a]">IfconfigCommand</a> from lwip_app.o(i.IfconfigCommand) referenced from lwip_app.o(.constdata)
 <LI><a href="#[13c]">IpCommand</a> from lwip_app.o(i.IpCommand) referenced from lwip_app.o(.constdata)
 <LI><a href="#[3c]">KPP_IRQHandler</a> from startup_mimxrt1052.o(.text) referenced from startup_mimxrt1052.o(RESET)
 <LI><a href="#[3f]">LCDIF_IRQHandler</a> from startup_mimxrt1052.o(.text) referenced from startup_mimxrt1052.o(RESET)
 <LI><a href="#[a]">LCD_AA_MixColors16</a> from LCD_AA.o(i.LCD_AA_MixColors16) referenced 2 times from LCD_AA.o(.data)
 <LI><a href="#[164]">LCD_DrawHLine</a> from LCD.o(i.LCD_DrawHLine) referenced from GUI_Core.o(.constdata)
 <LI><a href="#[165]">LCD_DrawPixel</a> from LCD.o(i.LCD_DrawPixel) referenced from GUI_Core.o(.constdata)
 <LI><a href="#[2]">LCD_GetpPalConvTableBM</a> from LCD_Color.o(i.LCD_GetpPalConvTableBM) referenced 2 times from GUI_Core.o(.data)
 <LI><a href="#[f6]">LCD_Index2Color_888</a> from GUICC_888_Index2Color.o(i.LCD_Index2Color_888) referenced from GUI__Alpha.o(i.GUI__DoAlphaBlending)
 <LI><a href="#[f5]">LCD_Index2Color_8888</a> from GUICC_8888_Index2Color.o(i.LCD_Index2Color_8888) referenced from GUICC_8888.o(.constdata)
 <LI><a href="#[f5]">LCD_Index2Color_8888</a> from GUICC_8888_Index2Color.o(i.LCD_Index2Color_8888) referenced from GUI__Alpha.o(i.GUI__DoAlphaBlending)
 <LI><a href="#[f5]">LCD_Index2Color_8888</a> from GUICC_8888_Index2Color.o(i.LCD_Index2Color_8888) referenced from GUIDEV_WriteToActiveAlpha.o(i._WriteToActiveAlpha)
 <LI><a href="#[ff]">LCD_Index2Color_M565</a> from GUICC_M565.o(i.LCD_Index2Color_M565) referenced 2 times from GUI_DrawBitmap_565.o(.constdata)
 <LI><a href="#[ff]">LCD_Index2Color_M565</a> from GUICC_M565.o(i.LCD_Index2Color_M565) referenced from GUI_DrawBitmap_565.o(i._DrawBitmapSwapRB)
 <LI><a href="#[d2]">LPI2C1_DriverIRQHandler</a> from fsl_lpi2c.o(i.LPI2C1_DriverIRQHandler) referenced from startup_mimxrt1052.o(.text)
 <LI><a href="#[31]">LPI2C1_IRQHandler</a> from startup_mimxrt1052.o(.text) referenced from startup_mimxrt1052.o(RESET)
 <LI><a href="#[d3]">LPI2C2_DriverIRQHandler</a> from fsl_lpi2c.o(i.LPI2C2_DriverIRQHandler) referenced from startup_mimxrt1052.o(.text)
 <LI><a href="#[32]">LPI2C2_IRQHandler</a> from startup_mimxrt1052.o(.text) referenced from startup_mimxrt1052.o(RESET)
 <LI><a href="#[d4]">LPI2C3_DriverIRQHandler</a> from fsl_lpi2c.o(i.LPI2C3_DriverIRQHandler) referenced from startup_mimxrt1052.o(.text)
 <LI><a href="#[33]">LPI2C3_IRQHandler</a> from startup_mimxrt1052.o(.text) referenced from startup_mimxrt1052.o(RESET)
 <LI><a href="#[d5]">LPI2C4_DriverIRQHandler</a> from startup_mimxrt1052.o(.text) referenced from startup_mimxrt1052.o(.text)
 <LI><a href="#[34]">LPI2C4_IRQHandler</a> from startup_mimxrt1052.o(.text) referenced from startup_mimxrt1052.o(RESET)
 <LI><a href="#[d6]">LPSPI1_DriverIRQHandler</a> from startup_mimxrt1052.o(.text) referenced from startup_mimxrt1052.o(.text)
 <LI><a href="#[35]">LPSPI1_IRQHandler</a> from startup_mimxrt1052.o(.text) referenced from startup_mimxrt1052.o(RESET)
 <LI><a href="#[d7]">LPSPI2_DriverIRQHandler</a> from startup_mimxrt1052.o(.text) referenced from startup_mimxrt1052.o(.text)
 <LI><a href="#[36]">LPSPI2_IRQHandler</a> from startup_mimxrt1052.o(.text) referenced from startup_mimxrt1052.o(RESET)
 <LI><a href="#[d8]">LPSPI3_DriverIRQHandler</a> from startup_mimxrt1052.o(.text) referenced from startup_mimxrt1052.o(.text)
 <LI><a href="#[37]">LPSPI3_IRQHandler</a> from startup_mimxrt1052.o(.text) referenced from startup_mimxrt1052.o(RESET)
 <LI><a href="#[d9]">LPSPI4_DriverIRQHandler</a> from startup_mimxrt1052.o(.text) referenced from startup_mimxrt1052.o(.text)
 <LI><a href="#[38]">LPSPI4_IRQHandler</a> from startup_mimxrt1052.o(.text) referenced from startup_mimxrt1052.o(RESET)
 <LI><a href="#[ca]">LPUART1_DriverIRQHandler</a> from fsl_lpuart.o(i.LPUART1_DriverIRQHandler) referenced from startup_mimxrt1052.o(.text)
 <LI><a href="#[29]">LPUART1_IRQHandler</a> from bsp_lpuart.o(i.LPUART1_IRQHandler) referenced from startup_mimxrt1052.o(RESET)
 <LI><a href="#[cb]">LPUART2_DriverIRQHandler</a> from fsl_lpuart.o(i.LPUART2_DriverIRQHandler) referenced from startup_mimxrt1052.o(.text)
 <LI><a href="#[2a]">LPUART2_IRQHandler</a> from startup_mimxrt1052.o(.text) referenced from startup_mimxrt1052.o(RESET)
 <LI><a href="#[cc]">LPUART3_DriverIRQHandler</a> from fsl_lpuart.o(i.LPUART3_DriverIRQHandler) referenced from startup_mimxrt1052.o(.text)
 <LI><a href="#[2b]">LPUART3_IRQHandler</a> from startup_mimxrt1052.o(.text) referenced from startup_mimxrt1052.o(RESET)
 <LI><a href="#[cd]">LPUART4_DriverIRQHandler</a> from fsl_lpuart.o(i.LPUART4_DriverIRQHandler) referenced from startup_mimxrt1052.o(.text)
 <LI><a href="#[2c]">LPUART4_IRQHandler</a> from startup_mimxrt1052.o(.text) referenced from startup_mimxrt1052.o(RESET)
 <LI><a href="#[ce]">LPUART5_DriverIRQHandler</a> from fsl_lpuart.o(i.LPUART5_DriverIRQHandler) referenced from startup_mimxrt1052.o(.text)
 <LI><a href="#[2d]">LPUART5_IRQHandler</a> from startup_mimxrt1052.o(.text) referenced from startup_mimxrt1052.o(RESET)
 <LI><a href="#[cf]">LPUART6_DriverIRQHandler</a> from fsl_lpuart.o(i.LPUART6_DriverIRQHandler) referenced from startup_mimxrt1052.o(.text)
 <LI><a href="#[2e]">LPUART6_IRQHandler</a> from startup_mimxrt1052.o(.text) referenced from startup_mimxrt1052.o(RESET)
 <LI><a href="#[d0]">LPUART7_DriverIRQHandler</a> from fsl_lpuart.o(i.LPUART7_DriverIRQHandler) referenced from startup_mimxrt1052.o(.text)
 <LI><a href="#[2f]">LPUART7_IRQHandler</a> from startup_mimxrt1052.o(.text) referenced from startup_mimxrt1052.o(RESET)
 <LI><a href="#[d1]">LPUART8_DriverIRQHandler</a> from fsl_lpuart.o(i.LPUART8_DriverIRQHandler) referenced from startup_mimxrt1052.o(.text)
 <LI><a href="#[30]">LPUART8_IRQHandler</a> from startup_mimxrt1052.o(.text) referenced from startup_mimxrt1052.o(RESET)
 <LI><a href="#[e]">MemManage_Handler</a> from startup_mimxrt1052.o(.text) referenced from startup_mimxrt1052.o(RESET)
 <LI><a href="#[c]">NMI_Handler</a> from startup_mimxrt1052.o(.text) referenced from startup_mimxrt1052.o(RESET)
 <LI><a href="#[b4]">NMI_WAKEUP_IRQHandler</a> from startup_mimxrt1052.o(.text) referenced from startup_mimxrt1052.o(RESET)
 <LI><a href="#[13b]">NetifCommand</a> from lwip_app.o(i.NetifCommand) referenced from lwip_app.o(.constdata)
 <LI><a href="#[145]">OV7670_Init</a> from fsl_ov7670.o(i.OV7670_Init) referenced from fsl_ov7670.o(.constdata)
 <LI><a href="#[148]">OV7670_InitExt</a> from fsl_ov7670.o(i.OV7670_InitExt) referenced from fsl_ov7670.o(.constdata)
 <LI><a href="#[146]">OV7670_Start</a> from fsl_ov7670.o(i.OV7670_Start) referenced from fsl_ov7670.o(.constdata)
 <LI><a href="#[147]">OV7670_Stop</a> from fsl_ov7670.o(i.OV7670_Stop) referenced from fsl_ov7670.o(.constdata)
 <LI><a href="#[8f]">PIT_IRQHandler</a> from startup_mimxrt1052.o(.text) referenced from startup_mimxrt1052.o(RESET)
 <LI><a href="#[7b]">PWM1_0_IRQHandler</a> from startup_mimxrt1052.o(.text) referenced from startup_mimxrt1052.o(RESET)
 <LI><a href="#[7c]">PWM1_1_IRQHandler</a> from startup_mimxrt1052.o(.text) referenced from startup_mimxrt1052.o(RESET)
 <LI><a href="#[7d]">PWM1_2_IRQHandler</a> from startup_mimxrt1052.o(.text) referenced from startup_mimxrt1052.o(RESET)
 <LI><a href="#[7e]">PWM1_3_IRQHandler</a> from startup_mimxrt1052.o(.text) referenced from startup_mimxrt1052.o(RESET)
 <LI><a href="#[7f]">PWM1_FAULT_IRQHandler</a> from startup_mimxrt1052.o(.text) referenced from startup_mimxrt1052.o(RESET)
 <LI><a href="#[9e]">PWM2_0_IRQHandler</a> from startup_mimxrt1052.o(.text) referenced from startup_mimxrt1052.o(RESET)
 <LI><a href="#[9f]">PWM2_1_IRQHandler</a> from startup_mimxrt1052.o(.text) referenced from startup_mimxrt1052.o(RESET)
 <LI><a href="#[a0]">PWM2_2_IRQHandler</a> from startup_mimxrt1052.o(.text) referenced from startup_mimxrt1052.o(RESET)
 <LI><a href="#[a1]">PWM2_3_IRQHandler</a> from startup_mimxrt1052.o(.text) referenced from startup_mimxrt1052.o(RESET)
 <LI><a href="#[a2]">PWM2_FAULT_IRQHandler</a> from startup_mimxrt1052.o(.text) referenced from startup_mimxrt1052.o(RESET)
 <LI><a href="#[a3]">PWM3_0_IRQHandler</a> from startup_mimxrt1052.o(.text) referenced from startup_mimxrt1052.o(RESET)
 <LI><a href="#[a4]">PWM3_1_IRQHandler</a> from startup_mimxrt1052.o(.text) referenced from startup_mimxrt1052.o(RESET)
 <LI><a href="#[a5]">PWM3_2_IRQHandler</a> from startup_mimxrt1052.o(.text) referenced from startup_mimxrt1052.o(RESET)
 <LI><a href="#[a6]">PWM3_3_IRQHandler</a> from startup_mimxrt1052.o(.text) referenced from startup_mimxrt1052.o(RESET)
 <LI><a href="#[a7]">PWM3_FAULT_IRQHandler</a> from startup_mimxrt1052.o(.text) referenced from startup_mimxrt1052.o(RESET)
 <LI><a href="#[a8]">PWM4_0_IRQHandler</a> from startup_mimxrt1052.o(.text) referenced from startup_mimxrt1052.o(RESET)
 <LI><a href="#[a9]">PWM4_1_IRQHandler</a> from startup_mimxrt1052.o(.text) referenced from startup_mimxrt1052.o(RESET)
 <LI><a href="#[aa]">PWM4_2_IRQHandler</a> from startup_mimxrt1052.o(.text) referenced from startup_mimxrt1052.o(RESET)
 <LI><a href="#[ab]">PWM4_3_IRQHandler</a> from startup_mimxrt1052.o(.text) referenced from startup_mimxrt1052.o(RESET)
 <LI><a href="#[ac]">PWM4_FAULT_IRQHandler</a> from startup_mimxrt1052.o(.text) referenced from startup_mimxrt1052.o(RESET)
 <LI><a href="#[41]">PXP_IRQHandler</a> from startup_mimxrt1052.o(.text) referenced from startup_mimxrt1052.o(RESET)
 <LI><a href="#[13]">PendSV_Handler</a> from port.o(.emb_text) referenced from startup_mimxrt1052.o(RESET)
 <LI><a href="#[72]">RTWDOG_IRQHandler</a> from startup_mimxrt1052.o(.text) referenced from startup_mimxrt1052.o(RESET)
 <LI><a href="#[78]">Reserved115_IRQHandler</a> from startup_mimxrt1052.o(.text) referenced from startup_mimxrt1052.o(RESET)
 <LI><a href="#[80]">Reserved123_IRQHandler</a> from startup_mimxrt1052.o(.text) referenced from startup_mimxrt1052.o(RESET)
 <LI><a href="#[94]">Reserved143_IRQHandler</a> from startup_mimxrt1052.o(.text) referenced from startup_mimxrt1052.o(RESET)
 <LI><a href="#[95]">Reserved144_IRQHandler</a> from startup_mimxrt1052.o(.text) referenced from startup_mimxrt1052.o(RESET)
 <LI><a href="#[ad]">Reserved168_IRQHandler</a> from startup_mimxrt1052.o(.text) referenced from startup_mimxrt1052.o(RESET)
 <LI><a href="#[ae]">Reserved169_IRQHandler</a> from startup_mimxrt1052.o(.text) referenced from startup_mimxrt1052.o(RESET)
 <LI><a href="#[af]">Reserved170_IRQHandler</a> from startup_mimxrt1052.o(.text) referenced from startup_mimxrt1052.o(RESET)
 <LI><a href="#[b0]">Reserved171_IRQHandler</a> from startup_mimxrt1052.o(.text) referenced from startup_mimxrt1052.o(RESET)
 <LI><a href="#[b1]">Reserved172_IRQHandler</a> from startup_mimxrt1052.o(.text) referenced from startup_mimxrt1052.o(RESET)
 <LI><a href="#[b2]">Reserved173_IRQHandler</a> from startup_mimxrt1052.o(.text) referenced from startup_mimxrt1052.o(RESET)
 <LI><a href="#[49]">Reserved68_IRQHandler</a> from startup_mimxrt1052.o(.text) referenced from startup_mimxrt1052.o(RESET)
 <LI><a href="#[5b]">Reserved86_IRQHandler</a> from startup_mimxrt1052.o(.text) referenced from startup_mimxrt1052.o(RESET)
 <LI><a href="#[5c]">Reserved87_IRQHandler</a> from startup_mimxrt1052.o(.text) referenced from startup_mimxrt1052.o(RESET)
 <LI><a href="#[b]">Reset_Handler</a> from startup_mimxrt1052.o(.text) referenced from startup_mimxrt1052.o(RESET)
 <LI><a href="#[dc]">SAI1_DriverIRQHandler</a> from startup_mimxrt1052.o(.text) referenced from startup_mimxrt1052.o(.text)
 <LI><a href="#[4d]">SAI1_IRQHandler</a> from startup_mimxrt1052.o(.text) referenced from startup_mimxrt1052.o(RESET)
 <LI><a href="#[dd]">SAI2_DriverIRQHandler</a> from startup_mimxrt1052.o(.text) referenced from startup_mimxrt1052.o(.text)
 <LI><a href="#[4e]">SAI2_IRQHandler</a> from startup_mimxrt1052.o(.text) referenced from startup_mimxrt1052.o(RESET)
 <LI><a href="#[de]">SAI3_RX_DriverIRQHandler</a> from startup_mimxrt1052.o(.text) referenced from startup_mimxrt1052.o(.text)
 <LI><a href="#[4f]">SAI3_RX_IRQHandler</a> from startup_mimxrt1052.o(.text) referenced from startup_mimxrt1052.o(RESET)
 <LI><a href="#[df]">SAI3_TX_DriverIRQHandler</a> from startup_mimxrt1052.o(.text) referenced from startup_mimxrt1052.o(.text)
 <LI><a href="#[50]">SAI3_TX_IRQHandler</a> from startup_mimxrt1052.o(.text) referenced from startup_mimxrt1052.o(RESET)
 <LI><a href="#[82]">SEMC_IRQHandler</a> from startup_mimxrt1052.o(.text) referenced from startup_mimxrt1052.o(RESET)
 <LI><a href="#[b3]">SJC_ARM_DEBUG_IRQHandler</a> from startup_mimxrt1052.o(.text) referenced from startup_mimxrt1052.o(RESET)
 <LI><a href="#[4b]">SJC_IRQHandler</a> from startup_mimxrt1052.o(.text) referenced from startup_mimxrt1052.o(RESET)
 <LI><a href="#[43]">SNVS_HP_WRAPPER_IRQHandler</a> from startup_mimxrt1052.o(.text) referenced from startup_mimxrt1052.o(RESET)
 <LI><a href="#[44]">SNVS_HP_WRAPPER_TZ_IRQHandler</a> from startup_mimxrt1052.o(.text) referenced from startup_mimxrt1052.o(RESET)
 <LI><a href="#[45]">SNVS_LP_WRAPPER_IRQHandler</a> from startup_mimxrt1052.o(.text) referenced from startup_mimxrt1052.o(RESET)
 <LI><a href="#[e0]">SPDIF_DriverIRQHandler</a> from startup_mimxrt1052.o(.text) referenced from startup_mimxrt1052.o(.text)
 <LI><a href="#[51]">SPDIF_IRQHandler</a> from startup_mimxrt1052.o(.text) referenced from startup_mimxrt1052.o(RESET)
 <LI><a href="#[77]">SRC_IRQHandler</a> from startup_mimxrt1052.o(.text) referenced from startup_mimxrt1052.o(RESET)
 <LI><a href="#[11]">SVC_Handler</a> from port.o(.emb_text) referenced from startup_mimxrt1052.o(RESET)
 <LI><a href="#[13d]">SocketCommand</a> from lwip_app.o(i.SocketCommand) referenced from lwip_app.o(.constdata)
 <LI><a href="#[14]">SysTick_Handler</a> from port.o(i.SysTick_Handler) referenced from startup_mimxrt1052.o(RESET)
 <LI><a href="#[b7]">SystemInit</a> from system_mimxrt1052.o(i.SystemInit) referenced from startup_mimxrt1052.o(.text)
 <LI><a href="#[9a]">TMR1_IRQHandler</a> from startup_mimxrt1052.o(.text) referenced from startup_mimxrt1052.o(RESET)
 <LI><a href="#[9b]">TMR2_IRQHandler</a> from startup_mimxrt1052.o(.text) referenced from startup_mimxrt1052.o(RESET)
 <LI><a href="#[9c]">TMR3_IRQHandler</a> from startup_mimxrt1052.o(.text) referenced from startup_mimxrt1052.o(RESET)
 <LI><a href="#[9d]">TMR4_IRQHandler</a> from startup_mimxrt1052.o(.text) referenced from startup_mimxrt1052.o(RESET)
 <LI><a href="#[4a]">TRNG_IRQHandler</a> from startup_mimxrt1052.o(.text) referenced from startup_mimxrt1052.o(RESET)
 <LI><a href="#[3d]">TSC_DIG_IRQHandler</a> from startup_mimxrt1052.o(.text) referenced from startup_mimxrt1052.o(RESET)
 <LI><a href="#[86]">USB_OTG1_IRQHandler</a> from startup_mimxrt1052.o(.text) referenced from startup_mimxrt1052.o(RESET)
 <LI><a href="#[85]">USB_OTG2_IRQHandler</a> from startup_mimxrt1052.o(.text) referenced from startup_mimxrt1052.o(RESET)
 <LI><a href="#[56]">USB_PHY1_IRQHandler</a> from startup_mimxrt1052.o(.text) referenced from startup_mimxrt1052.o(RESET)
 <LI><a href="#[57]">USB_PHY2_IRQHandler</a> from startup_mimxrt1052.o(.text) referenced from startup_mimxrt1052.o(RESET)
 <LI><a href="#[e4]">USDHC1_DriverIRQHandler</a> from startup_mimxrt1052.o(.text) referenced from startup_mimxrt1052.o(.text)
 <LI><a href="#[83]">USDHC1_IRQHandler</a> from startup_mimxrt1052.o(.text) referenced from startup_mimxrt1052.o(RESET)
 <LI><a href="#[e5]">USDHC2_DriverIRQHandler</a> from startup_mimxrt1052.o(.text) referenced from startup_mimxrt1052.o(.text)
 <LI><a href="#[84]">USDHC2_IRQHandler</a> from startup_mimxrt1052.o(.text) referenced from startup_mimxrt1052.o(RESET)
 <LI><a href="#[10]">UsageFault_Handler</a> from startup_mimxrt1052.o(.text) referenced from startup_mimxrt1052.o(RESET)
 <LI><a href="#[71]">WDOG1_IRQHandler</a> from startup_mimxrt1052.o(.text) referenced from startup_mimxrt1052.o(RESET)
 <LI><a href="#[42]">WDOG2_IRQHandler</a> from startup_mimxrt1052.o(.text) referenced from startup_mimxrt1052.o(RESET)
 <LI><a href="#[114]">WM__Paint1</a> from WM.o(i.WM__Paint1) referenced from WM.o(i._Paint1)
 <LI><a href="#[89]">XBAR1_IRQ_0_1_IRQHandler</a> from startup_mimxrt1052.o(.text) referenced from startup_mimxrt1052.o(RESET)
 <LI><a href="#[8a]">XBAR1_IRQ_2_3_IRQHandler</a> from startup_mimxrt1052.o(.text) referenced from startup_mimxrt1052.o(RESET)
 <LI><a href="#[17f]">_CalcSizeOfChar</a> from GUI_UC_EncodeNone.o(i._CalcSizeOfChar) referenced from GUI_UC_EncodeNone.o(.constdata)
 <LI><a href="#[174]">_Color2IndexBulk</a> from GUICC_8888.o(i._Color2IndexBulk) referenced 2 times from GUICC_8888.o(.constdata)
 <LI><a href="#[161]">_Color2Index_0</a> from GUICC_0.o(i._Color2Index_0) referenced from GUICC_0.o(.constdata)
 <LI><a href="#[172]">_Color2Index_8888</a> from GUICC_8888.o(i._Color2Index_8888) referenced from GUICC_8888.o(.constdata)
 <LI><a href="#[176]">_Color2Index_M565</a> from GUICC_M565.o(i._Color2Index_M565) referenced from GUICC_M565.o(.constdata)
 <LI><a href="#[10d]">_CopyBuffer</a> from GUIDRV_Lin_8.o(i._CopyBuffer) referenced from GUIDRV_Lin_8.o(i._GetDevFunc)
 <LI><a href="#[150]">_DrawBitmap</a> from GUIDRV_Lin_8.o(i._DrawBitmap) referenced 3 times from GUIDRV_Lin_8.o(.constdata)
 <LI><a href="#[160]">_DrawBitmapSwapRB</a> from GUI_DrawBitmap_565.o(i._DrawBitmapSwapRB) referenced from GUI_DrawBitmap_565.o(.constdata)
 <LI><a href="#[151]">_DrawHLine</a> from GUIDRV_Lin_8.o(i._DrawHLine) referenced 3 times from GUIDRV_Lin_8.o(.constdata)
 <LI><a href="#[152]">_DrawVLine</a> from GUIDRV_Lin_8.o(i._DrawVLine) referenced 3 times from GUIDRV_Lin_8.o(.constdata)
 <LI><a href="#[180]">_Encode</a> from GUI_UC_EncodeNone.o(i._Encode) referenced from GUI_UC_EncodeNone.o(.constdata)
 <LI><a href="#[153]">_FillRect</a> from GUIDRV_Lin_8.o(i._FillRect) referenced 3 times from GUIDRV_Lin_8.o(.constdata)
 <LI><a href="#[190]">_GUI_USAGE_BM_Delete</a> from GUIDEV_UsageBM.o(i._GUI_USAGE_BM_Delete) referenced from GUIDEV_UsageBM.o(.constdata)
 <LI><a href="#[17d]">_GetCharCode</a> from GUI_UC_EncodeNone.o(i._GetCharCode) referenced from GUI_UC_EncodeNone.o(.constdata)
 <LI><a href="#[17e]">_GetCharSize</a> from GUI_UC_EncodeNone.o(i._GetCharSize) referenced from GUI_UC_EncodeNone.o(.constdata)
 <LI><a href="#[15a]">_GetDevData</a> from GUIDRV_Lin_8.o(i._GetDevData) referenced 3 times from GUIDRV_Lin_8.o(.constdata)
 <LI><a href="#[158]">_GetDevFunc</a> from GUIDRV_Lin_8.o(i._GetDevFunc) referenced 3 times from GUIDRV_Lin_8.o(.constdata)
 <LI><a href="#[159]">_GetDevProp</a> from GUIDRV_Lin_8.o(i._GetDevProp) referenced 3 times from GUIDRV_Lin_8.o(.constdata)
 <LI><a href="#[163]">_GetIndexMask_0</a> from GUICC_0.o(i._GetIndexMask_0) referenced from GUICC_0.o(.constdata)
 <LI><a href="#[173]">_GetIndexMask_8888</a> from GUICC_8888.o(i._GetIndexMask_8888) referenced from GUICC_8888.o(.constdata)
 <LI><a href="#[177]">_GetIndexMask_M565</a> from GUICC_M565.o(i._GetIndexMask_M565) referenced from GUICC_M565.o(.constdata)
 <LI><a href="#[154]">_GetPixelIndex</a> from GUIDRV_Lin_8.o(i._GetPixelIndex) referenced 3 times from GUIDRV_Lin_8.o(.constdata)
 <LI><a href="#[104]">_GetPos</a> from GUIDRV_Lin_8.o(i._GetPos) referenced from GUIDRV_Lin_8.o(i._GetDevFunc)
 <LI><a href="#[15b]">_GetRect</a> from GUIDRV_Lin_8.o(i._GetRect) referenced 3 times from GUIDRV_Lin_8.o(.constdata)
 <LI><a href="#[175]">_Index2ColorBulk</a> from GUICC_8888.o(i._Index2ColorBulk) referenced 2 times from GUICC_8888.o(.constdata)
 <LI><a href="#[162]">_Index2Color_0</a> from GUICC_0.o(i._Index2Color_0) referenced from GUICC_0.o(.constdata)
 <LI><a href="#[107]">_Init</a> from GUIDRV_Lin_8.o(i._Init) referenced from GUIDRV_Lin_8.o(i._GetDevFunc)
 <LI><a href="#[6]">_NextPixel_End</a> from LCD_NextPixelAPI.o(i._NextPixel_End) referenced 2 times from LCD_NextPixelAPI.o(.data)
 <LI><a href="#[5]">_NextPixel_NextLine</a> from LCD_NextPixelAPI.o(i._NextPixel_NextLine) referenced 2 times from LCD_NextPixelAPI.o(.data)
 <LI><a href="#[4]">_NextPixel_SetPixel</a> from LCD_NextPixelAPI.o(i._NextPixel_SetPixel) referenced 2 times from LCD_NextPixelAPI.o(.data)
 <LI><a href="#[3]">_NextPixel_Start</a> from LCD_NextPixelAPI.o(i._NextPixel_Start) referenced 2 times from LCD_NextPixelAPI.o(.data)
 <LI><a href="#[109]">_Off</a> from GUIDRV_Lin_8.o(i._Off) referenced from GUIDRV_Lin_8.o(i._GetDevFunc)
 <LI><a href="#[108]">_On</a> from GUIDRV_Lin_8.o(i._On) referenced from GUIDRV_Lin_8.o(i._GetDevFunc)
 <LI><a href="#[f2]">_OnExit</a> from GUI_Task.o(i._OnExit) referenced from GUI_Task.o(i.GUITASK_Init)
 <LI><a href="#[f3]">_OnExit</a> from GUI_MULTIBUF.o(i._OnExit) referenced from GUI_MULTIBUF.o(i.GUI_MULTIBUF_ConfigEx)
 <LI><a href="#[f4]">_OnExit</a> from GUI_Core.o(i._OnExit) referenced from GUI_Core.o(i.GUI__Config)
 <LI><a href="#[f7]">_OnExit</a> from GUI__Alpha.o(i._OnExit) referenced from GUI__Alpha.o(i.GUI__GetAlphaBuffer)
 <LI><a href="#[f8]">_OnExit</a> from LCD_Color.o(i._OnExit) referenced from LCD_Color.o(i.LCD_InitColors)
 <LI><a href="#[fd]">_OnExit</a> from WM.o(i._OnExit) referenced from WM.o(i.WM_Init)
 <LI><a href="#[105]">_SetAlpha</a> from GUIDRV_Lin_8.o(i._SetAlpha) referenced from GUIDRV_Lin_8.o(i._GetDevFunc)
 <LI><a href="#[10a]">_SetAlphaMode</a> from GUIDRV_Lin_8.o(i._SetAlphaMode) referenced from GUIDRV_Lin_8.o(i._GetDevFunc)
 <LI><a href="#[17b]">_SetBkColor</a> from LCD.o(i._SetBkColor) referenced from LCD.o(.constdata)
 <LI><a href="#[10c]">_SetChroma</a> from GUIDRV_Lin_8.o(i._SetChroma) referenced from GUIDRV_Lin_8.o(i._GetDevFunc)
 <LI><a href="#[10b]">_SetChromaMode</a> from GUIDRV_Lin_8.o(i._SetChromaMode) referenced from GUIDRV_Lin_8.o(i._GetDevFunc)
 <LI><a href="#[17a]">_SetColor</a> from LCD.o(i._SetColor) referenced from LCD.o(.constdata)
 <LI><a href="#[10f]">_SetDevFunc</a> from GUIDRV_Lin_8.o(i._SetDevFunc) referenced from GUIDRV_Lin_8.o(i._GetDevFunc)
 <LI><a href="#[17c]">_SetDrawMode</a> from LCD.o(i._SetDrawMode) referenced from LCD.o(.constdata)
 <LI><a href="#[110]">_SetLUTEntry</a> from GUIDRV_Lin_8.o(i._SetLUTEntry) referenced from GUIDRV_Lin_8.o(i._GetDevFunc)
 <LI><a href="#[157]">_SetOrg</a> from GUIDRV_Lin_8.o(i._SetOrg) referenced 3 times from GUIDRV_Lin_8.o(.constdata)
 <LI><a href="#[155]">_SetPixelIndex</a> from GUIDRV_Lin_8.o(i._SetPixelIndex) referenced 3 times from GUIDRV_Lin_8.o(.constdata)
 <LI><a href="#[103]">_SetPos</a> from GUIDRV_Lin_8.o(i._SetPos) referenced from GUIDRV_Lin_8.o(i._GetDevFunc)
 <LI><a href="#[102]">_SetSize</a> from GUIDRV_Lin_8.o(i._SetSize) referenced from GUIDRV_Lin_8.o(i._GetDevFunc)
 <LI><a href="#[100]">_SetVRAMAddr</a> from GUIDRV_Lin_8.o(i._SetVRAMAddr) referenced from GUIDRV_Lin_8.o(i._GetDevFunc)
 <LI><a href="#[101]">_SetVSize</a> from GUIDRV_Lin_8.o(i._SetVSize) referenced from GUIDRV_Lin_8.o(i._GetDevFunc)
 <LI><a href="#[106]">_SetVis</a> from GUIDRV_Lin_8.o(i._SetVis) referenced from GUIDRV_Lin_8.o(i._GetDevFunc)
 <LI><a href="#[10e]">_ShowBuffer</a> from GUIDRV_Lin_8.o(i._ShowBuffer) referenced from GUIDRV_Lin_8.o(i._GetDevFunc)
 <LI><a href="#[156]">_XorPixel</a> from GUIDRV_Lin_8.o(i._XorPixel) referenced 3 times from GUIDRV_Lin_8.o(.constdata)
 <LI><a href="#[b8]">__main</a> from entry.o(.ARM.Collect$$$$00000000) referenced from startup_mimxrt1052.o(.text)
 <LI><a href="#[fc]">_cbBackWin</a> from WM.o(i._cbBackWin) referenced from WM.o(i.WM_Init)
 <LI><a href="#[fe]">_cbPaintMemDev</a> from WM.o(i._cbPaintMemDev) referenced from WM.o(i.WM__Paint)
 <LI><a href="#[e9]">_sbackspace</a> from _sgetc.o(.text) referenced from __0sscanf.o(.text)
 <LI><a href="#[ea]">_scanf_char_input</a> from scanf_char.o(.text) referenced from scanf_char.o(.text)
 <LI><a href="#[e8]">_sgetc</a> from _sgetc.o(.text) referenced from __0sscanf.o(.text)
 <LI><a href="#[116]">cyclic_timer</a> from timeouts.o(i.cyclic_timer) referenced from timeouts.o(i.cyclic_timer)
 <LI><a href="#[116]">cyclic_timer</a> from timeouts.o(i.cyclic_timer) referenced from timeouts.o(i.sys_timeouts_init)
 <LI><a href="#[14c]">dhcp_coarse_tmr</a> from dhcp.o(i.dhcp_coarse_tmr) referenced from timeouts.o(.constdata)
 <LI><a href="#[14d]">dhcp_fine_tmr</a> from dhcp.o(i.dhcp_fine_tmr) referenced from timeouts.o(.constdata)
 <LI><a href="#[117]">dhcp_recv</a> from dhcp.o(i.dhcp_recv) referenced from dhcp.o(i.dhcp_inc_pcb_refcount)
 <LI><a href="#[121]">err_tcp</a> from api_msg.o(i.err_tcp) referenced from api_msg.o(i.lwip_netconn_do_close_internal)
 <LI><a href="#[121]">err_tcp</a> from api_msg.o(i.err_tcp) referenced from api_msg.o(i.setup_tcp)
 <LI><a href="#[119]">etharp_output</a> from etharp.o(i.etharp_output) referenced from ethernetif.o(i.ethernetif_init)
 <LI><a href="#[14b]">etharp_tmr</a> from etharp.o(i.etharp_tmr) referenced from timeouts.o(.constdata)
 <LI><a href="#[118]">ethernet_callback</a> from ethernetif.o(i.ethernet_callback) referenced from ethernetif.o(i.enet_init)
 <LI><a href="#[131]">ethernet_input</a> from ethernet.o(i.ethernet_input) referenced from tcpip.o(i.tcpip_input)
 <LI><a href="#[fa]">ethernetif0_init</a> from ethernetif.o(i.ethernetif0_init) referenced from lwip_app.o(i.LWIP_Init)
 <LI><a href="#[123]">event_callback</a> from sockets.o(i.event_callback) referenced from sockets.o(i.lwip_socket)
 <LI><a href="#[132]">ip4_input</a> from ip4.o(i.ip4_input) referenced from tcpip.o(i.tcpip_input)
 <LI><a href="#[14a]">ip_reass_tmr</a> from ip4_frag.o(i.ip_reass_tmr) referenced from timeouts.o(.constdata)
 <LI><a href="#[11e]">ipfrag_free_pbuf_custom</a> from ip4_frag.o(i.ipfrag_free_pbuf_custom) referenced from ip4_frag.o(i.ip4_frag)
 <LI><a href="#[eb]">isspace</a> from isspace_c.o(.text) referenced from scanf_char.o(.text)
 <LI><a href="#[11a]">low_level_output</a> from ethernetif.o(i.low_level_output) referenced from ethernetif.o(i.ethernetif_init)
 <LI><a href="#[124]">lwip_netconn_do_connect</a> from api_msg.o(i.lwip_netconn_do_connect) referenced from api_lib.o(i.netconn_connect)
 <LI><a href="#[122]">lwip_netconn_do_connected</a> from api_msg.o(i.lwip_netconn_do_connected) referenced from api_msg.o(i.lwip_netconn_do_connect)
 <LI><a href="#[125]">lwip_netconn_do_delconn</a> from api_msg.o(i.lwip_netconn_do_delconn) referenced from api_lib.o(i.netconn_delete)
 <LI><a href="#[126]">lwip_netconn_do_disconnect</a> from api_msg.o(i.lwip_netconn_do_disconnect) referenced from api_lib.o(i.netconn_disconnect)
 <LI><a href="#[127]">lwip_netconn_do_newconn</a> from api_msg.o(i.lwip_netconn_do_newconn) referenced from api_lib.o(i.netconn_new_with_proto_and_callback)
 <LI><a href="#[128]">lwip_netconn_do_send</a> from api_msg.o(i.lwip_netconn_do_send) referenced from api_lib.o(i.netconn_send)
 <LI><a href="#[129]">lwip_netconn_do_write</a> from api_msg.o(i.lwip_netconn_do_write) referenced from api_lib.o(i.netconn_write_partly)
 <LI><a href="#[b6]">main</a> from main.o(i.main) referenced from entry9a.o(.ARM.Collect$$$$0000000B)
 <LI><a href="#[120]">poll_tcp</a> from api_msg.o(i.poll_tcp) referenced from api_msg.o(i.lwip_netconn_do_close_internal)
 <LI><a href="#[120]">poll_tcp</a> from api_msg.o(i.poll_tcp) referenced from api_msg.o(i.setup_tcp)
 <LI><a href="#[115]">privateCallBack</a> from fsl_csi_camera_adapter.o(i.privateCallBack) referenced from bsp_ov7670.o(i.bsp_InitCamera)
 <LI><a href="#[136]">prvIdleTask</a> from tasks.o(i.prvIdleTask) referenced from tasks.o(i.vTaskStartScheduler)
 <LI><a href="#[12c]">prvTaskExitError</a> from port.o(i.prvTaskExitError) referenced from port.o(i.pxPortInitialiseStack)
 <LI><a href="#[138]">prvTimerTask</a> from timers.o(i.prvTimerTask) referenced from timers.o(i.xTimerCreateTimerTask)
 <LI><a href="#[fb]">readCharCallback</a> from t_debug.o(i.readCharCallback) referenced from t_debug.o(i.T_Debug_Init)
 <LI><a href="#[12a]">recv_raw</a> from api_msg.o(i.recv_raw) referenced from api_msg.o(i.pcb_new)
 <LI><a href="#[12d]">recv_tcp</a> from api_msg.o(i.recv_tcp) referenced from api_msg.o(i.setup_tcp)
 <LI><a href="#[12b]">recv_udp</a> from api_msg.o(i.recv_udp) referenced from api_msg.o(i.pcb_new)
 <LI><a href="#[11f]">sent_tcp</a> from api_msg.o(i.sent_tcp) referenced from api_msg.o(i.lwip_netconn_do_close_internal)
 <LI><a href="#[11f]">sent_tcp</a> from api_msg.o(i.sent_tcp) referenced from api_msg.o(i.setup_tcp)
 <LI><a href="#[134]">t_recv_data</a> from t_debug.o(i.t_recv_data) referenced from freertos.o(i.vTaskCodeShell)
 <LI><a href="#[135]">t_send_data</a> from t_debug.o(i.t_send_data) referenced from freertos.o(i.vTaskCodeShell)
 <LI><a href="#[12e]">tcp_recv_null</a> from tcp.o(i.tcp_recv_null) referenced from tcp.o(i.tcp_alloc)
 <LI><a href="#[149]">tcp_tmr</a> from tcp.o(i.tcp_tmr) referenced from timeouts.o(.constdata)
 <LI><a href="#[f9]">tcpip_input</a> from tcpip.o(i.tcpip_input) referenced from lwip_app.o(i.LWIP_Init)
 <LI><a href="#[12f]">tcpip_tcp_timer</a> from timeouts.o(i.tcpip_tcp_timer) referenced from timeouts.o(i.tcp_timer_needed)
 <LI><a href="#[12f]">tcpip_tcp_timer</a> from timeouts.o(i.tcpip_tcp_timer) referenced from timeouts.o(i.tcpip_tcp_timer)
 <LI><a href="#[130]">tcpip_thread</a> from tcpip.o(i.tcpip_thread) referenced from tcpip.o(i.tcpip_init)
 <LI><a href="#[137]">vEventGroupSetBitsCallback</a> from event_groups.o(i.vEventGroupSetBitsCallback) referenced from event_groups.o(i.xEventGroupSetBitsFromISR)
 <LI><a href="#[11b]">vTaskCodeLed</a> from freertos.o(i.vTaskCodeLed) referenced from freertos.o(i.freeRtosInit)
 <LI><a href="#[11c]">vTaskCodeShell</a> from freertos.o(i.vTaskCodeShell) referenced from freertos.o(i.freeRtosInit)
 <LI><a href="#[11d]">vTaskCodeUi</a> from freertos.o(i.vTaskCodeUi) referenced from freertos.o(i.freeRtosInit)
</UL>
<P>
<H3>
Global Symbols
</H3>
<P><STRONG><a name="[b8]"></a>__main</STRONG> (Thumb, 0 bytes, Stack size 0 bytes, entry.o(.ARM.Collect$$$$00000000))
<BR>[Address Reference Count : 1]<UL><LI> startup_mimxrt1052.o(.text)
</UL>
<P><STRONG><a name="[192]"></a>_main_scatterload</STRONG> (Thumb, 0 bytes, Stack size 0 bytes, entry5.o(.ARM.Collect$$$$00000004))
<BR><BR>[Calls]<UL><LI><a href="#[193]">&gt;&gt;</a>&nbsp;&nbsp;&nbsp;__scatterload
</UL>

<P><STRONG><a name="[1a5]"></a>__main_after_scatterload</STRONG> (Thumb, 0 bytes, Stack size 0 bytes, entry5.o(.ARM.Collect$$$$00000004))
<BR><BR>[Called By]<UL><LI><a href="#[193]">&gt;&gt;</a>&nbsp;&nbsp;&nbsp;__scatterload
</UL>

<P><STRONG><a name="[11]"></a>SVC_Handler</STRONG> (Thumb, 28 bytes, Stack size 0 bytes, port.o(.emb_text))
<BR>[Address Reference Count : 1]<UL><LI> startup_mimxrt1052.o(RESET)
</UL>
<P><STRONG><a name="[4bd]"></a>__asm___6_port_c_39a90d8d__prvStartFirstTask</STRONG> (Thumb, 36 bytes, Stack size 0 bytes, port.o(.emb_text))
<BR><BR>[Called By]<UL><LI><a href="#[4b6]">&gt;&gt;</a>&nbsp;&nbsp;&nbsp;xPortStartScheduler
</UL>

<P><STRONG><a name="[4bc]"></a>__asm___6_port_c_39a90d8d__prvEnableVFP</STRONG> (Thumb, 16 bytes, Stack size 0 bytes, port.o(.emb_text))
<BR><BR>[Called By]<UL><LI><a href="#[4b6]">&gt;&gt;</a>&nbsp;&nbsp;&nbsp;xPortStartScheduler
</UL>

<P><STRONG><a name="[13]"></a>PendSV_Handler</STRONG> (Thumb, 88 bytes, Stack size 0 bytes, port.o(.emb_text))
<BR><BR>[Calls]<UL><LI><a href="#[194]">&gt;&gt;</a>&nbsp;&nbsp;&nbsp;vTaskSwitchContext
</UL>
<BR>[Address Reference Count : 1]<UL><LI> startup_mimxrt1052.o(RESET)
</UL>
<P><STRONG><a name="[4ad]"></a>vPortGetIPSR</STRONG> (Thumb, 6 bytes, Stack size 0 bytes, port.o(.emb_text))
<BR><BR>[Called By]<UL><LI><a href="#[4ac]">&gt;&gt;</a>&nbsp;&nbsp;&nbsp;vPortValidateInterruptPriority
</UL>

<P><STRONG><a name="[b]"></a>Reset_Handler</STRONG> (Thumb, 24 bytes, Stack size 0 bytes, startup_mimxrt1052.o(.text))
<BR>[Address Reference Count : 1]<UL><LI> startup_mimxrt1052.o(RESET)
</UL>
<P><STRONG><a name="[c]"></a>NMI_Handler</STRONG> (Thumb, 2 bytes, Stack size 0 bytes, startup_mimxrt1052.o(.text))
<BR><BR>[Calls]<UL><LI><a href="#[c]">&gt;&gt;</a>&nbsp;&nbsp;&nbsp;NMI_Handler
</UL>
<BR>[Called By]<UL><LI><a href="#[c]">&gt;&gt;</a>&nbsp;&nbsp;&nbsp;NMI_Handler
</UL>
<BR>[Address Reference Count : 1]<UL><LI> startup_mimxrt1052.o(RESET)
</UL>
<P><STRONG><a name="[d]"></a>HardFault_Handler</STRONG> (Thumb, 2 bytes, Stack size 0 bytes, startup_mimxrt1052.o(.text))
<BR><BR>[Calls]<UL><LI><a href="#[d]">&gt;&gt;</a>&nbsp;&nbsp;&nbsp;HardFault_Handler
</UL>
<BR>[Called By]<UL><LI><a href="#[d]">&gt;&gt;</a>&nbsp;&nbsp;&nbsp;HardFault_Handler
</UL>
<BR>[Address Reference Count : 1]<UL><LI> startup_mimxrt1052.o(RESET)
</UL>
<P><STRONG><a name="[e]"></a>MemManage_Handler</STRONG> (Thumb, 2 bytes, Stack size 0 bytes, startup_mimxrt1052.o(.text))
<BR><BR>[Calls]<UL><LI><a href="#[e]">&gt;&gt;</a>&nbsp;&nbsp;&nbsp;MemManage_Handler
</UL>
<BR>[Called By]<UL><LI><a href="#[e]">&gt;&gt;</a>&nbsp;&nbsp;&nbsp;MemManage_Handler
</UL>
<BR>[Address Reference Count : 1]<UL><LI> startup_mimxrt1052.o(RESET)
</UL>
<P><STRONG><a name="[f]"></a>BusFault_Handler</STRONG> (Thumb, 2 bytes, Stack size 0 bytes, startup_mimxrt1052.o(.text))
<BR><BR>[Calls]<UL><LI><a href="#[f]">&gt;&gt;</a>&nbsp;&nbsp;&nbsp;BusFault_Handler
</UL>
<BR>[Called By]<UL><LI><a href="#[f]">&gt;&gt;</a>&nbsp;&nbsp;&nbsp;BusFault_Handler
</UL>
<BR>[Address Reference Count : 1]<UL><LI> startup_mimxrt1052.o(RESET)
</UL>
<P><STRONG><a name="[10]"></a>UsageFault_Handler</STRONG> (Thumb, 2 bytes, Stack size 0 bytes, startup_mimxrt1052.o(.text))
<BR><BR>[Calls]<UL><LI><a href="#[10]">&gt;&gt;</a>&nbsp;&nbsp;&nbsp;UsageFault_Handler
</UL>
<BR>[Called By]<UL><LI><a href="#[10]">&gt;&gt;</a>&nbsp;&nbsp;&nbsp;UsageFault_Handler
</UL>
<BR>[Address Reference Count : 1]<UL><LI> startup_mimxrt1052.o(RESET)
</UL>
<P><STRONG><a name="[12]"></a>DebugMon_Handler</STRONG> (Thumb, 2 bytes, Stack size 0 bytes, startup_mimxrt1052.o(.text))
<BR><BR>[Calls]<UL><LI><a href="#[12]">&gt;&gt;</a>&nbsp;&nbsp;&nbsp;DebugMon_Handler
</UL>
<BR>[Called By]<UL><LI><a href="#[12]">&gt;&gt;</a>&nbsp;&nbsp;&nbsp;DebugMon_Handler
</UL>
<BR>[Address Reference Count : 1]<UL><LI> startup_mimxrt1052.o(RESET)
</UL>
<P><STRONG><a name="[15]"></a>DMA0_DMA16_IRQHandler</STRONG> (Thumb, 4 bytes, Stack size 0 bytes, startup_mimxrt1052.o(.text))
<BR>[Address Reference Count : 1]<UL><LI> startup_mimxrt1052.o(RESET)
</UL>
<P><STRONG><a name="[16]"></a>DMA1_DMA17_IRQHandler</STRONG> (Thumb, 4 bytes, Stack size 0 bytes, startup_mimxrt1052.o(.text))
<BR>[Address Reference Count : 1]<UL><LI> startup_mimxrt1052.o(RESET)
</UL>
<P><STRONG><a name="[17]"></a>DMA2_DMA18_IRQHandler</STRONG> (Thumb, 4 bytes, Stack size 0 bytes, startup_mimxrt1052.o(.text))
<BR>[Address Reference Count : 1]<UL><LI> startup_mimxrt1052.o(RESET)
</UL>
<P><STRONG><a name="[18]"></a>DMA3_DMA19_IRQHandler</STRONG> (Thumb, 4 bytes, Stack size 0 bytes, startup_mimxrt1052.o(.text))
<BR>[Address Reference Count : 1]<UL><LI> startup_mimxrt1052.o(RESET)
</UL>
<P><STRONG><a name="[19]"></a>DMA4_DMA20_IRQHandler</STRONG> (Thumb, 4 bytes, Stack size 0 bytes, startup_mimxrt1052.o(.text))
<BR>[Address Reference Count : 1]<UL><LI> startup_mimxrt1052.o(RESET)
</UL>
<P><STRONG><a name="[1a]"></a>DMA5_DMA21_IRQHandler</STRONG> (Thumb, 4 bytes, Stack size 0 bytes, startup_mimxrt1052.o(.text))
<BR>[Address Reference Count : 1]<UL><LI> startup_mimxrt1052.o(RESET)
</UL>
<P><STRONG><a name="[1b]"></a>DMA6_DMA22_IRQHandler</STRONG> (Thumb, 4 bytes, Stack size 0 bytes, startup_mimxrt1052.o(.text))
<BR>[Address Reference Count : 1]<UL><LI> startup_mimxrt1052.o(RESET)
</UL>
<P><STRONG><a name="[1c]"></a>DMA7_DMA23_IRQHandler</STRONG> (Thumb, 4 bytes, Stack size 0 bytes, startup_mimxrt1052.o(.text))
<BR>[Address Reference Count : 1]<UL><LI> startup_mimxrt1052.o(RESET)
</UL>
<P><STRONG><a name="[1d]"></a>DMA8_DMA24_IRQHandler</STRONG> (Thumb, 4 bytes, Stack size 0 bytes, startup_mimxrt1052.o(.text))
<BR>[Address Reference Count : 1]<UL><LI> startup_mimxrt1052.o(RESET)
</UL>
<P><STRONG><a name="[1e]"></a>DMA9_DMA25_IRQHandler</STRONG> (Thumb, 4 bytes, Stack size 0 bytes, startup_mimxrt1052.o(.text))
<BR>[Address Reference Count : 1]<UL><LI> startup_mimxrt1052.o(RESET)
</UL>
<P><STRONG><a name="[1f]"></a>DMA10_DMA26_IRQHandler</STRONG> (Thumb, 4 bytes, Stack size 0 bytes, startup_mimxrt1052.o(.text))
<BR>[Address Reference Count : 1]<UL><LI> startup_mimxrt1052.o(RESET)
</UL>
<P><STRONG><a name="[20]"></a>DMA11_DMA27_IRQHandler</STRONG> (Thumb, 4 bytes, Stack size 0 bytes, startup_mimxrt1052.o(.text))
<BR>[Address Reference Count : 1]<UL><LI> startup_mimxrt1052.o(RESET)
</UL>
<P><STRONG><a name="[21]"></a>DMA12_DMA28_IRQHandler</STRONG> (Thumb, 4 bytes, Stack size 0 bytes, startup_mimxrt1052.o(.text))
<BR>[Address Reference Count : 1]<UL><LI> startup_mimxrt1052.o(RESET)
</UL>
<P><STRONG><a name="[22]"></a>DMA13_DMA29_IRQHandler</STRONG> (Thumb, 4 bytes, Stack size 0 bytes, startup_mimxrt1052.o(.text))
<BR>[Address Reference Count : 1]<UL><LI> startup_mimxrt1052.o(RESET)
</UL>
<P><STRONG><a name="[23]"></a>DMA14_DMA30_IRQHandler</STRONG> (Thumb, 4 bytes, Stack size 0 bytes, startup_mimxrt1052.o(.text))
<BR>[Address Reference Count : 1]<UL><LI> startup_mimxrt1052.o(RESET)
</UL>
<P><STRONG><a name="[24]"></a>DMA15_DMA31_IRQHandler</STRONG> (Thumb, 4 bytes, Stack size 0 bytes, startup_mimxrt1052.o(.text))
<BR>[Address Reference Count : 1]<UL><LI> startup_mimxrt1052.o(RESET)
</UL>
<P><STRONG><a name="[25]"></a>DMA_ERROR_IRQHandler</STRONG> (Thumb, 4 bytes, Stack size 0 bytes, startup_mimxrt1052.o(.text))
<BR>[Address Reference Count : 1]<UL><LI> startup_mimxrt1052.o(RESET)
</UL>
<P><STRONG><a name="[2a]"></a>LPUART2_IRQHandler</STRONG> (Thumb, 4 bytes, Stack size 0 bytes, startup_mimxrt1052.o(.text))
<BR>[Address Reference Count : 1]<UL><LI> startup_mimxrt1052.o(RESET)
</UL>
<P><STRONG><a name="[2b]"></a>LPUART3_IRQHandler</STRONG> (Thumb, 4 bytes, Stack size 0 bytes, startup_mimxrt1052.o(.text))
<BR>[Address Reference Count : 1]<UL><LI> startup_mimxrt1052.o(RESET)
</UL>
<P><STRONG><a name="[2c]"></a>LPUART4_IRQHandler</STRONG> (Thumb, 4 bytes, Stack size 0 bytes, startup_mimxrt1052.o(.text))
<BR>[Address Reference Count : 1]<UL><LI> startup_mimxrt1052.o(RESET)
</UL>
<P><STRONG><a name="[2d]"></a>LPUART5_IRQHandler</STRONG> (Thumb, 4 bytes, Stack size 0 bytes, startup_mimxrt1052.o(.text))
<BR>[Address Reference Count : 1]<UL><LI> startup_mimxrt1052.o(RESET)
</UL>
<P><STRONG><a name="[2e]"></a>LPUART6_IRQHandler</STRONG> (Thumb, 4 bytes, Stack size 0 bytes, startup_mimxrt1052.o(.text))
<BR>[Address Reference Count : 1]<UL><LI> startup_mimxrt1052.o(RESET)
</UL>
<P><STRONG><a name="[2f]"></a>LPUART7_IRQHandler</STRONG> (Thumb, 4 bytes, Stack size 0 bytes, startup_mimxrt1052.o(.text))
<BR>[Address Reference Count : 1]<UL><LI> startup_mimxrt1052.o(RESET)
</UL>
<P><STRONG><a name="[30]"></a>LPUART8_IRQHandler</STRONG> (Thumb, 4 bytes, Stack size 0 bytes, startup_mimxrt1052.o(.text))
<BR>[Address Reference Count : 1]<UL><LI> startup_mimxrt1052.o(RESET)
</UL>
<P><STRONG><a name="[31]"></a>LPI2C1_IRQHandler</STRONG> (Thumb, 4 bytes, Stack size 0 bytes, startup_mimxrt1052.o(.text))
<BR>[Address Reference Count : 1]<UL><LI> startup_mimxrt1052.o(RESET)
</UL>
<P><STRONG><a name="[32]"></a>LPI2C2_IRQHandler</STRONG> (Thumb, 4 bytes, Stack size 0 bytes, startup_mimxrt1052.o(.text))
<BR>[Address Reference Count : 1]<UL><LI> startup_mimxrt1052.o(RESET)
</UL>
<P><STRONG><a name="[33]"></a>LPI2C3_IRQHandler</STRONG> (Thumb, 4 bytes, Stack size 0 bytes, startup_mimxrt1052.o(.text))
<BR>[Address Reference Count : 1]<UL><LI> startup_mimxrt1052.o(RESET)
</UL>
<P><STRONG><a name="[34]"></a>LPI2C4_IRQHandler</STRONG> (Thumb, 4 bytes, Stack size 0 bytes, startup_mimxrt1052.o(.text))
<BR>[Address Reference Count : 1]<UL><LI> startup_mimxrt1052.o(RESET)
</UL>
<P><STRONG><a name="[35]"></a>LPSPI1_IRQHandler</STRONG> (Thumb, 4 bytes, Stack size 0 bytes, startup_mimxrt1052.o(.text))
<BR>[Address Reference Count : 1]<UL><LI> startup_mimxrt1052.o(RESET)
</UL>
<P><STRONG><a name="[36]"></a>LPSPI2_IRQHandler</STRONG> (Thumb, 4 bytes, Stack size 0 bytes, startup_mimxrt1052.o(.text))
<BR>[Address Reference Count : 1]<UL><LI> startup_mimxrt1052.o(RESET)
</UL>
<P><STRONG><a name="[37]"></a>LPSPI3_IRQHandler</STRONG> (Thumb, 4 bytes, Stack size 0 bytes, startup_mimxrt1052.o(.text))
<BR>[Address Reference Count : 1]<UL><LI> startup_mimxrt1052.o(RESET)
</UL>
<P><STRONG><a name="[38]"></a>LPSPI4_IRQHandler</STRONG> (Thumb, 4 bytes, Stack size 0 bytes, startup_mimxrt1052.o(.text))
<BR>[Address Reference Count : 1]<UL><LI> startup_mimxrt1052.o(RESET)
</UL>
<P><STRONG><a name="[39]"></a>CAN1_IRQHandler</STRONG> (Thumb, 4 bytes, Stack size 0 bytes, startup_mimxrt1052.o(.text))
<BR>[Address Reference Count : 1]<UL><LI> startup_mimxrt1052.o(RESET)
</UL>
<P><STRONG><a name="[3a]"></a>CAN2_IRQHandler</STRONG> (Thumb, 4 bytes, Stack size 0 bytes, startup_mimxrt1052.o(.text))
<BR>[Address Reference Count : 1]<UL><LI> startup_mimxrt1052.o(RESET)
</UL>
<P><STRONG><a name="[4d]"></a>SAI1_IRQHandler</STRONG> (Thumb, 4 bytes, Stack size 0 bytes, startup_mimxrt1052.o(.text))
<BR>[Address Reference Count : 1]<UL><LI> startup_mimxrt1052.o(RESET)
</UL>
<P><STRONG><a name="[4e]"></a>SAI2_IRQHandler</STRONG> (Thumb, 4 bytes, Stack size 0 bytes, startup_mimxrt1052.o(.text))
<BR>[Address Reference Count : 1]<UL><LI> startup_mimxrt1052.o(RESET)
</UL>
<P><STRONG><a name="[4f]"></a>SAI3_RX_IRQHandler</STRONG> (Thumb, 4 bytes, Stack size 0 bytes, startup_mimxrt1052.o(.text))
<BR>[Address Reference Count : 1]<UL><LI> startup_mimxrt1052.o(RESET)
</UL>
<P><STRONG><a name="[50]"></a>SAI3_TX_IRQHandler</STRONG> (Thumb, 4 bytes, Stack size 0 bytes, startup_mimxrt1052.o(.text))
<BR>[Address Reference Count : 1]<UL><LI> startup_mimxrt1052.o(RESET)
</UL>
<P><STRONG><a name="[51]"></a>SPDIF_IRQHandler</STRONG> (Thumb, 4 bytes, Stack size 0 bytes, startup_mimxrt1052.o(.text))
<BR>[Address Reference Count : 1]<UL><LI> startup_mimxrt1052.o(RESET)
</UL>
<P><STRONG><a name="[6f]"></a>FLEXIO1_IRQHandler</STRONG> (Thumb, 4 bytes, Stack size 0 bytes, startup_mimxrt1052.o(.text))
<BR>[Address Reference Count : 1]<UL><LI> startup_mimxrt1052.o(RESET)
</UL>
<P><STRONG><a name="[70]"></a>FLEXIO2_IRQHandler</STRONG> (Thumb, 4 bytes, Stack size 0 bytes, startup_mimxrt1052.o(.text))
<BR>[Address Reference Count : 1]<UL><LI> startup_mimxrt1052.o(RESET)
</UL>
<P><STRONG><a name="[81]"></a>FLEXSPI_IRQHandler</STRONG> (Thumb, 4 bytes, Stack size 0 bytes, startup_mimxrt1052.o(.text))
<BR>[Address Reference Count : 1]<UL><LI> startup_mimxrt1052.o(RESET)
</UL>
<P><STRONG><a name="[83]"></a>USDHC1_IRQHandler</STRONG> (Thumb, 4 bytes, Stack size 0 bytes, startup_mimxrt1052.o(.text))
<BR>[Address Reference Count : 1]<UL><LI> startup_mimxrt1052.o(RESET)
</UL>
<P><STRONG><a name="[84]"></a>USDHC2_IRQHandler</STRONG> (Thumb, 4 bytes, Stack size 0 bytes, startup_mimxrt1052.o(.text))
<BR>[Address Reference Count : 1]<UL><LI> startup_mimxrt1052.o(RESET)
</UL>
<P><STRONG><a name="[87]"></a>ENET_IRQHandler</STRONG> (Thumb, 4 bytes, Stack size 0 bytes, startup_mimxrt1052.o(.text))
<BR>[Address Reference Count : 1]<UL><LI> startup_mimxrt1052.o(RESET)
</UL>
<P><STRONG><a name="[90]"></a>ACMP1_IRQHandler</STRONG> (Thumb, 0 bytes, Stack size 0 bytes, startup_mimxrt1052.o(.text))
<BR>[Address Reference Count : 1]<UL><LI> startup_mimxrt1052.o(RESET)
</UL>
<P><STRONG><a name="[91]"></a>ACMP2_IRQHandler</STRONG> (Thumb, 0 bytes, Stack size 0 bytes, startup_mimxrt1052.o(.text))
<BR>[Address Reference Count : 1]<UL><LI> startup_mimxrt1052.o(RESET)
</UL>
<P><STRONG><a name="[92]"></a>ACMP3_IRQHandler</STRONG> (Thumb, 0 bytes, Stack size 0 bytes, startup_mimxrt1052.o(.text))
<BR>[Address Reference Count : 1]<UL><LI> startup_mimxrt1052.o(RESET)
</UL>
<P><STRONG><a name="[93]"></a>ACMP4_IRQHandler</STRONG> (Thumb, 0 bytes, Stack size 0 bytes, startup_mimxrt1052.o(.text))
<BR>[Address Reference Count : 1]<UL><LI> startup_mimxrt1052.o(RESET)
</UL>
<P><STRONG><a name="[58]"></a>ADC1_IRQHandler</STRONG> (Thumb, 0 bytes, Stack size 0 bytes, startup_mimxrt1052.o(.text))
<BR>[Address Reference Count : 1]<UL><LI> startup_mimxrt1052.o(RESET)
</UL>
<P><STRONG><a name="[59]"></a>ADC2_IRQHandler</STRONG> (Thumb, 0 bytes, Stack size 0 bytes, startup_mimxrt1052.o(.text))
<BR>[Address Reference Count : 1]<UL><LI> startup_mimxrt1052.o(RESET)
</UL>
<P><STRONG><a name="[8e]"></a>ADC_ETC_ERROR_IRQ_IRQHandler</STRONG> (Thumb, 0 bytes, Stack size 0 bytes, startup_mimxrt1052.o(.text))
<BR>[Address Reference Count : 1]<UL><LI> startup_mimxrt1052.o(RESET)
</UL>
<P><STRONG><a name="[8b]"></a>ADC_ETC_IRQ0_IRQHandler</STRONG> (Thumb, 0 bytes, Stack size 0 bytes, startup_mimxrt1052.o(.text))
<BR>[Address Reference Count : 1]<UL><LI> startup_mimxrt1052.o(RESET)
</UL>
<P><STRONG><a name="[8c]"></a>ADC_ETC_IRQ1_IRQHandler</STRONG> (Thumb, 0 bytes, Stack size 0 bytes, startup_mimxrt1052.o(.text))
<BR>[Address Reference Count : 1]<UL><LI> startup_mimxrt1052.o(RESET)
</UL>
<P><STRONG><a name="[8d]"></a>ADC_ETC_IRQ2_IRQHandler</STRONG> (Thumb, 0 bytes, Stack size 0 bytes, startup_mimxrt1052.o(.text))
<BR>[Address Reference Count : 1]<UL><LI> startup_mimxrt1052.o(RESET)
</UL>
<P><STRONG><a name="[52]"></a>ANATOP_EVENT0_IRQHandler</STRONG> (Thumb, 0 bytes, Stack size 0 bytes, startup_mimxrt1052.o(.text))
<BR>[Address Reference Count : 1]<UL><LI> startup_mimxrt1052.o(RESET)
</UL>
<P><STRONG><a name="[53]"></a>ANATOP_EVENT1_IRQHandler</STRONG> (Thumb, 0 bytes, Stack size 0 bytes, startup_mimxrt1052.o(.text))
<BR>[Address Reference Count : 1]<UL><LI> startup_mimxrt1052.o(RESET)
</UL>
<P><STRONG><a name="[54]"></a>ANATOP_TAMP_LOW_HIGH_IRQHandler</STRONG> (Thumb, 0 bytes, Stack size 0 bytes, startup_mimxrt1052.o(.text))
<BR>[Address Reference Count : 1]<UL><LI> startup_mimxrt1052.o(RESET)
</UL>
<P><STRONG><a name="[55]"></a>ANATOP_TEMP_PANIC_IRQHandler</STRONG> (Thumb, 0 bytes, Stack size 0 bytes, startup_mimxrt1052.o(.text))
<BR>[Address Reference Count : 1]<UL><LI> startup_mimxrt1052.o(RESET)
</UL>
<P><STRONG><a name="[4c]"></a>BEE_IRQHandler</STRONG> (Thumb, 0 bytes, Stack size 0 bytes, startup_mimxrt1052.o(.text))
<BR>[Address Reference Count : 1]<UL><LI> startup_mimxrt1052.o(RESET)
</UL>
<P><STRONG><a name="[da]"></a>CAN1_DriverIRQHandler</STRONG> (Thumb, 0 bytes, Stack size 0 bytes, startup_mimxrt1052.o(.text))
<BR>[Address Reference Count : 1]<UL><LI> startup_mimxrt1052.o(.text)
</UL>
<P><STRONG><a name="[db]"></a>CAN2_DriverIRQHandler</STRONG> (Thumb, 0 bytes, Stack size 0 bytes, startup_mimxrt1052.o(.text))
<BR>[Address Reference Count : 1]<UL><LI> startup_mimxrt1052.o(.text)
</UL>
<P><STRONG><a name="[74]"></a>CCM_1_IRQHandler</STRONG> (Thumb, 0 bytes, Stack size 0 bytes, startup_mimxrt1052.o(.text))
<BR>[Address Reference Count : 1]<UL><LI> startup_mimxrt1052.o(RESET)
</UL>
<P><STRONG><a name="[75]"></a>CCM_2_IRQHandler</STRONG> (Thumb, 0 bytes, Stack size 0 bytes, startup_mimxrt1052.o(.text))
<BR>[Address Reference Count : 1]<UL><LI> startup_mimxrt1052.o(RESET)
</UL>
<P><STRONG><a name="[28]"></a>CORE_IRQHandler</STRONG> (Thumb, 0 bytes, Stack size 0 bytes, startup_mimxrt1052.o(.text))
<BR>[Address Reference Count : 1]<UL><LI> startup_mimxrt1052.o(RESET)
</UL>
<P><STRONG><a name="[46]"></a>CSU_IRQHandler</STRONG> (Thumb, 0 bytes, Stack size 0 bytes, startup_mimxrt1052.o(.text))
<BR>[Address Reference Count : 1]<UL><LI> startup_mimxrt1052.o(RESET)
</UL>
<P><STRONG><a name="[26]"></a>CTI0_ERROR_IRQHandler</STRONG> (Thumb, 0 bytes, Stack size 0 bytes, startup_mimxrt1052.o(.text))
<BR>[Address Reference Count : 1]<UL><LI> startup_mimxrt1052.o(RESET)
</UL>
<P><STRONG><a name="[27]"></a>CTI1_ERROR_IRQHandler</STRONG> (Thumb, 0 bytes, Stack size 0 bytes, startup_mimxrt1052.o(.text))
<BR>[Address Reference Count : 1]<UL><LI> startup_mimxrt1052.o(RESET)
</UL>
<P><STRONG><a name="[5a]"></a>DCDC_IRQHandler</STRONG> (Thumb, 0 bytes, Stack size 0 bytes, startup_mimxrt1052.o(.text))
<BR>[Address Reference Count : 1]<UL><LI> startup_mimxrt1052.o(RESET)
</UL>
<P><STRONG><a name="[47]"></a>DCP_IRQHandler</STRONG> (Thumb, 0 bytes, Stack size 0 bytes, startup_mimxrt1052.o(.text))
<BR>[Address Reference Count : 1]<UL><LI> startup_mimxrt1052.o(RESET)
</UL>
<P><STRONG><a name="[48]"></a>DCP_VMI_IRQHandler</STRONG> (Thumb, 0 bytes, Stack size 0 bytes, startup_mimxrt1052.o(.text))
<BR>[Address Reference Count : 1]<UL><LI> startup_mimxrt1052.o(RESET)
</UL>
<P><STRONG><a name="[b9]"></a>DMA0_DMA16_DriverIRQHandler</STRONG> (Thumb, 0 bytes, Stack size 0 bytes, startup_mimxrt1052.o(.text))
<BR>[Address Reference Count : 1]<UL><LI> startup_mimxrt1052.o(.text)
</UL>
<P><STRONG><a name="[c3]"></a>DMA10_DMA26_DriverIRQHandler</STRONG> (Thumb, 0 bytes, Stack size 0 bytes, startup_mimxrt1052.o(.text))
<BR>[Address Reference Count : 1]<UL><LI> startup_mimxrt1052.o(.text)
</UL>
<P><STRONG><a name="[c4]"></a>DMA11_DMA27_DriverIRQHandler</STRONG> (Thumb, 0 bytes, Stack size 0 bytes, startup_mimxrt1052.o(.text))
<BR>[Address Reference Count : 1]<UL><LI> startup_mimxrt1052.o(.text)
</UL>
<P><STRONG><a name="[c5]"></a>DMA12_DMA28_DriverIRQHandler</STRONG> (Thumb, 0 bytes, Stack size 0 bytes, startup_mimxrt1052.o(.text))
<BR>[Address Reference Count : 1]<UL><LI> startup_mimxrt1052.o(.text)
</UL>
<P><STRONG><a name="[c6]"></a>DMA13_DMA29_DriverIRQHandler</STRONG> (Thumb, 0 bytes, Stack size 0 bytes, startup_mimxrt1052.o(.text))
<BR>[Address Reference Count : 1]<UL><LI> startup_mimxrt1052.o(.text)
</UL>
<P><STRONG><a name="[c7]"></a>DMA14_DMA30_DriverIRQHandler</STRONG> (Thumb, 0 bytes, Stack size 0 bytes, startup_mimxrt1052.o(.text))
<BR>[Address Reference Count : 1]<UL><LI> startup_mimxrt1052.o(.text)
</UL>
<P><STRONG><a name="[c8]"></a>DMA15_DMA31_DriverIRQHandler</STRONG> (Thumb, 0 bytes, Stack size 0 bytes, startup_mimxrt1052.o(.text))
<BR>[Address Reference Count : 1]<UL><LI> startup_mimxrt1052.o(.text)
</UL>
<P><STRONG><a name="[ba]"></a>DMA1_DMA17_DriverIRQHandler</STRONG> (Thumb, 0 bytes, Stack size 0 bytes, startup_mimxrt1052.o(.text))
<BR>[Address Reference Count : 1]<UL><LI> startup_mimxrt1052.o(.text)
</UL>
<P><STRONG><a name="[bb]"></a>DMA2_DMA18_DriverIRQHandler</STRONG> (Thumb, 0 bytes, Stack size 0 bytes, startup_mimxrt1052.o(.text))
<BR>[Address Reference Count : 1]<UL><LI> startup_mimxrt1052.o(.text)
</UL>
<P><STRONG><a name="[bc]"></a>DMA3_DMA19_DriverIRQHandler</STRONG> (Thumb, 0 bytes, Stack size 0 bytes, startup_mimxrt1052.o(.text))
<BR>[Address Reference Count : 1]<UL><LI> startup_mimxrt1052.o(.text)
</UL>
<P><STRONG><a name="[bd]"></a>DMA4_DMA20_DriverIRQHandler</STRONG> (Thumb, 0 bytes, Stack size 0 bytes, startup_mimxrt1052.o(.text))
<BR>[Address Reference Count : 1]<UL><LI> startup_mimxrt1052.o(.text)
</UL>
<P><STRONG><a name="[be]"></a>DMA5_DMA21_DriverIRQHandler</STRONG> (Thumb, 0 bytes, Stack size 0 bytes, startup_mimxrt1052.o(.text))
<BR>[Address Reference Count : 1]<UL><LI> startup_mimxrt1052.o(.text)
</UL>
<P><STRONG><a name="[bf]"></a>DMA6_DMA22_DriverIRQHandler</STRONG> (Thumb, 0 bytes, Stack size 0 bytes, startup_mimxrt1052.o(.text))
<BR>[Address Reference Count : 1]<UL><LI> startup_mimxrt1052.o(.text)
</UL>
<P><STRONG><a name="[c0]"></a>DMA7_DMA23_DriverIRQHandler</STRONG> (Thumb, 0 bytes, Stack size 0 bytes, startup_mimxrt1052.o(.text))
<BR>[Address Reference Count : 1]<UL><LI> startup_mimxrt1052.o(.text)
</UL>
<P><STRONG><a name="[c1]"></a>DMA8_DMA24_DriverIRQHandler</STRONG> (Thumb, 0 bytes, Stack size 0 bytes, startup_mimxrt1052.o(.text))
<BR>[Address Reference Count : 1]<UL><LI> startup_mimxrt1052.o(.text)
</UL>
<P><STRONG><a name="[c2]"></a>DMA9_DMA25_DriverIRQHandler</STRONG> (Thumb, 0 bytes, Stack size 0 bytes, startup_mimxrt1052.o(.text))
<BR>[Address Reference Count : 1]<UL><LI> startup_mimxrt1052.o(.text)
</UL>
<P><STRONG><a name="[c9]"></a>DMA_ERROR_DriverIRQHandler</STRONG> (Thumb, 0 bytes, Stack size 0 bytes, startup_mimxrt1052.o(.text))
<BR>[Address Reference Count : 1]<UL><LI> startup_mimxrt1052.o(.text)
</UL>
<P><STRONG><a name="[b5]"></a>DefaultISR</STRONG> (Thumb, 0 bytes, Stack size 0 bytes, startup_mimxrt1052.o(.text))
<BR>[Address Reference Count : 2]<UL><LI> startup_mimxrt1052.o(RESET)
<LI> startup_mimxrt1052.o(.text)
</UL>
<P><STRONG><a name="[96]"></a>ENC1_IRQHandler</STRONG> (Thumb, 0 bytes, Stack size 0 bytes, startup_mimxrt1052.o(.text))
<BR>[Address Reference Count : 1]<UL><LI> startup_mimxrt1052.o(RESET)
</UL>
<P><STRONG><a name="[97]"></a>ENC2_IRQHandler</STRONG> (Thumb, 0 bytes, Stack size 0 bytes, startup_mimxrt1052.o(.text))
<BR>[Address Reference Count : 1]<UL><LI> startup_mimxrt1052.o(RESET)
</UL>
<P><STRONG><a name="[98]"></a>ENC3_IRQHandler</STRONG> (Thumb, 0 bytes, Stack size 0 bytes, startup_mimxrt1052.o(.text))
<BR>[Address Reference Count : 1]<UL><LI> startup_mimxrt1052.o(RESET)
</UL>
<P><STRONG><a name="[99]"></a>ENC4_IRQHandler</STRONG> (Thumb, 0 bytes, Stack size 0 bytes, startup_mimxrt1052.o(.text))
<BR>[Address Reference Count : 1]<UL><LI> startup_mimxrt1052.o(RESET)
</UL>
<P><STRONG><a name="[e7]"></a>ENET_1588_Timer_DriverIRQHandler</STRONG> (Thumb, 0 bytes, Stack size 0 bytes, startup_mimxrt1052.o(.text))
<BR>[Address Reference Count : 1]<UL><LI> startup_mimxrt1052.o(.text)
</UL>
<P><STRONG><a name="[73]"></a>EWM_IRQHandler</STRONG> (Thumb, 0 bytes, Stack size 0 bytes, startup_mimxrt1052.o(.text))
<BR>[Address Reference Count : 1]<UL><LI> startup_mimxrt1052.o(RESET)
</UL>
<P><STRONG><a name="[e1]"></a>FLEXIO1_DriverIRQHandler</STRONG> (Thumb, 0 bytes, Stack size 0 bytes, startup_mimxrt1052.o(.text))
<BR>[Address Reference Count : 1]<UL><LI> startup_mimxrt1052.o(.text)
</UL>
<P><STRONG><a name="[e2]"></a>FLEXIO2_DriverIRQHandler</STRONG> (Thumb, 0 bytes, Stack size 0 bytes, startup_mimxrt1052.o(.text))
<BR>[Address Reference Count : 1]<UL><LI> startup_mimxrt1052.o(.text)
</UL>
<P><STRONG><a name="[3b]"></a>FLEXRAM_IRQHandler</STRONG> (Thumb, 0 bytes, Stack size 0 bytes, startup_mimxrt1052.o(.text))
<BR>[Address Reference Count : 1]<UL><LI> startup_mimxrt1052.o(RESET)
</UL>
<P><STRONG><a name="[e3]"></a>FLEXSPI_DriverIRQHandler</STRONG> (Thumb, 0 bytes, Stack size 0 bytes, startup_mimxrt1052.o(.text))
<BR>[Address Reference Count : 1]<UL><LI> startup_mimxrt1052.o(.text)
</UL>
<P><STRONG><a name="[76]"></a>GPC_IRQHandler</STRONG> (Thumb, 0 bytes, Stack size 0 bytes, startup_mimxrt1052.o(.text))
<BR>[Address Reference Count : 1]<UL><LI> startup_mimxrt1052.o(RESET)
</UL>
<P><STRONG><a name="[65]"></a>GPIO1_Combined_0_15_IRQHandler</STRONG> (Thumb, 0 bytes, Stack size 0 bytes, startup_mimxrt1052.o(.text))
<BR>[Address Reference Count : 1]<UL><LI> startup_mimxrt1052.o(RESET)
</UL>
<P><STRONG><a name="[66]"></a>GPIO1_Combined_16_31_IRQHandler</STRONG> (Thumb, 0 bytes, Stack size 0 bytes, startup_mimxrt1052.o(.text))
<BR>[Address Reference Count : 1]<UL><LI> startup_mimxrt1052.o(RESET)
</UL>
<P><STRONG><a name="[5d]"></a>GPIO1_INT0_IRQHandler</STRONG> (Thumb, 0 bytes, Stack size 0 bytes, startup_mimxrt1052.o(.text))
<BR>[Address Reference Count : 1]<UL><LI> startup_mimxrt1052.o(RESET)
</UL>
<P><STRONG><a name="[5e]"></a>GPIO1_INT1_IRQHandler</STRONG> (Thumb, 0 bytes, Stack size 0 bytes, startup_mimxrt1052.o(.text))
<BR>[Address Reference Count : 1]<UL><LI> startup_mimxrt1052.o(RESET)
</UL>
<P><STRONG><a name="[5f]"></a>GPIO1_INT2_IRQHandler</STRONG> (Thumb, 0 bytes, Stack size 0 bytes, startup_mimxrt1052.o(.text))
<BR>[Address Reference Count : 1]<UL><LI> startup_mimxrt1052.o(RESET)
</UL>
<P><STRONG><a name="[60]"></a>GPIO1_INT3_IRQHandler</STRONG> (Thumb, 0 bytes, Stack size 0 bytes, startup_mimxrt1052.o(.text))
<BR>[Address Reference Count : 1]<UL><LI> startup_mimxrt1052.o(RESET)
</UL>
<P><STRONG><a name="[61]"></a>GPIO1_INT4_IRQHandler</STRONG> (Thumb, 0 bytes, Stack size 0 bytes, startup_mimxrt1052.o(.text))
<BR>[Address Reference Count : 1]<UL><LI> startup_mimxrt1052.o(RESET)
</UL>
<P><STRONG><a name="[62]"></a>GPIO1_INT5_IRQHandler</STRONG> (Thumb, 0 bytes, Stack size 0 bytes, startup_mimxrt1052.o(.text))
<BR>[Address Reference Count : 1]<UL><LI> startup_mimxrt1052.o(RESET)
</UL>
<P><STRONG><a name="[63]"></a>GPIO1_INT6_IRQHandler</STRONG> (Thumb, 0 bytes, Stack size 0 bytes, startup_mimxrt1052.o(.text))
<BR>[Address Reference Count : 1]<UL><LI> startup_mimxrt1052.o(RESET)
</UL>
<P><STRONG><a name="[64]"></a>GPIO1_INT7_IRQHandler</STRONG> (Thumb, 0 bytes, Stack size 0 bytes, startup_mimxrt1052.o(.text))
<BR>[Address Reference Count : 1]<UL><LI> startup_mimxrt1052.o(RESET)
</UL>
<P><STRONG><a name="[67]"></a>GPIO2_Combined_0_15_IRQHandler</STRONG> (Thumb, 0 bytes, Stack size 0 bytes, startup_mimxrt1052.o(.text))
<BR>[Address Reference Count : 1]<UL><LI> startup_mimxrt1052.o(RESET)
</UL>
<P><STRONG><a name="[68]"></a>GPIO2_Combined_16_31_IRQHandler</STRONG> (Thumb, 0 bytes, Stack size 0 bytes, startup_mimxrt1052.o(.text))
<BR>[Address Reference Count : 1]<UL><LI> startup_mimxrt1052.o(RESET)
</UL>
<P><STRONG><a name="[69]"></a>GPIO3_Combined_0_15_IRQHandler</STRONG> (Thumb, 0 bytes, Stack size 0 bytes, startup_mimxrt1052.o(.text))
<BR>[Address Reference Count : 1]<UL><LI> startup_mimxrt1052.o(RESET)
</UL>
<P><STRONG><a name="[6a]"></a>GPIO3_Combined_16_31_IRQHandler</STRONG> (Thumb, 0 bytes, Stack size 0 bytes, startup_mimxrt1052.o(.text))
<BR>[Address Reference Count : 1]<UL><LI> startup_mimxrt1052.o(RESET)
</UL>
<P><STRONG><a name="[6b]"></a>GPIO4_Combined_0_15_IRQHandler</STRONG> (Thumb, 0 bytes, Stack size 0 bytes, startup_mimxrt1052.o(.text))
<BR>[Address Reference Count : 1]<UL><LI> startup_mimxrt1052.o(RESET)
</UL>
<P><STRONG><a name="[6c]"></a>GPIO4_Combined_16_31_IRQHandler</STRONG> (Thumb, 0 bytes, Stack size 0 bytes, startup_mimxrt1052.o(.text))
<BR>[Address Reference Count : 1]<UL><LI> startup_mimxrt1052.o(RESET)
</UL>
<P><STRONG><a name="[6d]"></a>GPIO5_Combined_0_15_IRQHandler</STRONG> (Thumb, 0 bytes, Stack size 0 bytes, startup_mimxrt1052.o(.text))
<BR>[Address Reference Count : 1]<UL><LI> startup_mimxrt1052.o(RESET)
</UL>
<P><STRONG><a name="[6e]"></a>GPIO5_Combined_16_31_IRQHandler</STRONG> (Thumb, 0 bytes, Stack size 0 bytes, startup_mimxrt1052.o(.text))
<BR>[Address Reference Count : 1]<UL><LI> startup_mimxrt1052.o(RESET)
</UL>
<P><STRONG><a name="[3e]"></a>GPR_IRQ_IRQHandler</STRONG> (Thumb, 0 bytes, Stack size 0 bytes, startup_mimxrt1052.o(.text))
<BR>[Address Reference Count : 1]<UL><LI> startup_mimxrt1052.o(RESET)
</UL>
<P><STRONG><a name="[79]"></a>GPT1_IRQHandler</STRONG> (Thumb, 0 bytes, Stack size 0 bytes, startup_mimxrt1052.o(.text))
<BR>[Address Reference Count : 1]<UL><LI> startup_mimxrt1052.o(RESET)
</UL>
<P><STRONG><a name="[7a]"></a>GPT2_IRQHandler</STRONG> (Thumb, 0 bytes, Stack size 0 bytes, startup_mimxrt1052.o(.text))
<BR>[Address Reference Count : 1]<UL><LI> startup_mimxrt1052.o(RESET)
</UL>
<P><STRONG><a name="[3c]"></a>KPP_IRQHandler</STRONG> (Thumb, 0 bytes, Stack size 0 bytes, startup_mimxrt1052.o(.text))
<BR>[Address Reference Count : 1]<UL><LI> startup_mimxrt1052.o(RESET)
</UL>
<P><STRONG><a name="[3f]"></a>LCDIF_IRQHandler</STRONG> (Thumb, 0 bytes, Stack size 0 bytes, startup_mimxrt1052.o(.text))
[...]
</UL>
<P><STRONG><a name="[173]"></a>_GetIndexMask_8888</STRONG> (Thumb, 6 bytes, Stack size 0 bytes, GUICC_8888.o(i._GetIndexMask_8888))
<BR>[Address Reference Count : 1]<UL><LI> GUICC_8888.o(.constdata)
</UL>
<P><STRONG><a name="[175]"></a>_Index2ColorBulk</STRONG> (Thumb, 14 bytes, Stack size 0 bytes, GUICC_8888.o(i._Index2ColorBulk))
<BR>[Address Reference Count : 1]<UL><LI> GUICC_8888.o(.constdata)
</UL>
<P><STRONG><a name="[24d]"></a>_GotoX</STRONG> (Thumb, 10 bytes, Stack size 0 bytes, GUI_Goto.o(i._GotoX))
<BR><BR>[Called By]<UL><LI><a href="#[236]">&gt;&gt;</a>&nbsp;&nbsp;&nbsp;GUI_GotoXY
</UL>

<P><STRONG><a name="[24e]"></a>_GotoY</STRONG> (Thumb, 10 bytes, Stack size 0 bytes, GUI_Goto.o(i._GotoY))
<BR><BR>[Called By]<UL><LI><a href="#[236]">&gt;&gt;</a>&nbsp;&nbsp;&nbsp;GUI_GotoXY
</UL>

<P><STRONG><a name="[178]"></a>_Color2IndexBulk</STRONG> (Thumb, 62 bytes, Stack size 0 bytes, GUICC_M565.o(i._Color2IndexBulk))
<BR>[Address Reference Count : 1]<UL><LI> GUICC_M565.o(.constdata)
</UL>
<P><STRONG><a name="[176]"></a>_Color2Index_M565</STRONG> (Thumb, 34 bytes, Stack size 0 bytes, GUICC_M565.o(i._Color2Index_M565))
<BR>[Address Reference Count : 1]<UL><LI> GUICC_M565.o(.constdata)
</UL>
<P><STRONG><a name="[177]"></a>_GetIndexMask_M565</STRONG> (Thumb, 6 bytes, Stack size 0 bytes, GUICC_M565.o(i._GetIndexMask_M565))
<BR>[Address Reference Count : 1]<UL><LI> GUICC_M565.o(.constdata)
</UL>
<P><STRONG><a name="[179]"></a>_Index2ColorBulk</STRONG> (Thumb, 76 bytes, Stack size 0 bytes, GUICC_M565.o(i._Index2ColorBulk))
<BR>[Address Reference Count : 1]<UL><LI> GUICC_M565.o(.constdata)
</UL>
<P><STRONG><a name="[f8]"></a>_OnExit</STRONG> (Thumb, 18 bytes, Stack size 0 bytes, LCD_Color.o(i._OnExit))
<BR><BR>[Calls]<UL><LI><a href="#[23e]">&gt;&gt;</a>&nbsp;&nbsp;&nbsp;GUI_ALLOC_FreeFixedBlock
</UL>
<BR>[Address Reference Count : 1]<UL><LI> LCD_Color.o(i.LCD_InitColors)
</UL>
<P><STRONG><a name="[17b]"></a>_SetBkColor</STRONG> (Thumb, 28 bytes, Stack size 0 bytes, LCD.o(i._SetBkColor))
<BR><BR>[Calls]<UL><LI><a href="#[2d3]">&gt;&gt;</a>&nbsp;&nbsp;&nbsp;LCD_SetBkColorIndex
<LI><a href="#[2c6]">&gt;&gt;</a>&nbsp;&nbsp;&nbsp;LCD_Color2Index
</UL>
<BR>[Address Reference Count : 1]<UL><LI> LCD.o(.constdata)
</UL>
<P><STRONG><a name="[17a]"></a>_SetColor</STRONG> (Thumb, 28 bytes, Stack size 0 bytes, LCD.o(i._SetColor))
<BR><BR>[Calls]<UL><LI><a href="#[2d2]">&gt;&gt;</a>&nbsp;&nbsp;&nbsp;LCD_SetColorIndex
<LI><a href="#[2c6]">&gt;&gt;</a>&nbsp;&nbsp;&nbsp;LCD_Color2Index
</UL>
<BR>[Address Reference Count : 1]<UL><LI> LCD.o(.constdata)
</UL>
<P><STRONG><a name="[17c]"></a>_SetDrawMode</STRONG> (Thumb, 40 bytes, Stack size 0 bytes, LCD.o(i._SetDrawMode))
<BR>[Address Reference Count : 1]<UL><LI> LCD.o(.constdata)
</UL>
<P><STRONG><a name="[287]"></a>LCD_ReadRectEx</STRONG> (Thumb, 404 bytes, Stack size 0 bytes, LCD_ReadRect.o(i.LCD_ReadRectEx))
<BR><BR>[Calls]<UL><LI><a href="#[2a9]">&gt;&gt;</a>&nbsp;&nbsp;&nbsp;GUI_GetBitsPerPixelEx
</UL>
<BR>[Called By]<UL><LI><a href="#[286]">&gt;&gt;</a>&nbsp;&nbsp;&nbsp;GUI_ReadRectEx
</UL>

<P><STRONG><a name="[17f]"></a>_CalcSizeOfChar</STRONG> (Thumb, 4 bytes, Stack size 0 bytes, GUI_UC_EncodeNone.o(i._CalcSizeOfChar))
<BR>[Address Reference Count : 1]<UL><LI> GUI_UC_EncodeNone.o(.constdata)
</UL>
<P><STRONG><a name="[180]"></a>_Encode</STRONG> (Thumb, 6 bytes, Stack size 0 bytes, GUI_UC_EncodeNone.o(i._Encode))
<BR>[Address Reference Count : 1]<UL><LI> GUI_UC_EncodeNone.o(.constdata)
</UL>
<P><STRONG><a name="[17d]"></a>_GetCharCode</STRONG> (Thumb, 4 bytes, Stack size 0 bytes, GUI_UC_EncodeNone.o(i._GetCharCode))
<BR>[Address Reference Count : 1]<UL><LI> GUI_UC_EncodeNone.o(.constdata)
</UL>
<P><STRONG><a name="[17e]"></a>_GetCharSize</STRONG> (Thumb, 4 bytes, Stack size 0 bytes, GUI_UC_EncodeNone.o(i._GetCharSize))
<BR>[Address Reference Count : 1]<UL><LI> GUI_UC_EncodeNone.o(.constdata)
</UL>
<P><STRONG><a name="[355]"></a>_Convert16</STRONG> (Thumb, 62 bytes, Stack size 0 bytes, GUIDEV_WriteToActiveOpaque.o(i._Convert16))
<BR><BR>[Calls]<UL><LI><a href="#[356]">&gt;&gt;</a>&nbsp;&nbsp;&nbsp;GUI__CompactPixelIndices
</UL>
<BR>[Called By]<UL><LI><a href="#[27f]">&gt;&gt;</a>&nbsp;&nbsp;&nbsp;_WriteToActiveOpaque_8
</UL>

<P><STRONG><a name="[357]"></a>_Convert8</STRONG> (Thumb, 62 bytes, Stack size 0 bytes, GUIDEV_WriteToActiveOpaque.o(i._Convert8))
<BR><BR>[Calls]<UL><LI><a href="#[356]">&gt;&gt;</a>&nbsp;&nbsp;&nbsp;GUI__CompactPixelIndices
</UL>
<BR>[Called By]<UL><LI><a href="#[27f]">&gt;&gt;</a>&nbsp;&nbsp;&nbsp;_WriteToActiveOpaque_8
</UL>

<P><STRONG><a name="[27f]"></a>_WriteToActiveOpaque_8</STRONG> (Thumb, 824 bytes, Stack size 0 bytes, GUIDEV_WriteToActiveOpaque.o(i._WriteToActiveOpaque_8))
<BR><BR>[Calls]<UL><LI><a href="#[22b]">&gt;&gt;</a>&nbsp;&nbsp;&nbsp;GUI_ALLOC_UnlockH
<LI><a href="#[22a]">&gt;&gt;</a>&nbsp;&nbsp;&nbsp;GUI_ALLOC_LockH
<LI><a href="#[22c]">&gt;&gt;</a>&nbsp;&nbsp;&nbsp;GUI_ALLOC_Free
<LI><a href="#[225]">&gt;&gt;</a>&nbsp;&nbsp;&nbsp;GUI_ALLOC_AllocNoInit
<LI><a href="#[275]">&gt;&gt;</a>&nbsp;&nbsp;&nbsp;GUI_MEMDEV_GetDataPtr
<LI><a href="#[357]">&gt;&gt;</a>&nbsp;&nbsp;&nbsp;_Convert8
<LI><a href="#[355]">&gt;&gt;</a>&nbsp;&nbsp;&nbsp;_Convert16
<LI><a href="#[2d4]">&gt;&gt;</a>&nbsp;&nbsp;&nbsp;LCD__DrawBitmap_1bpp
<LI><a href="#[21b]">&gt;&gt;</a>&nbsp;&nbsp;&nbsp;LCD_DrawBitmap
<LI><a href="#[2aa]">&gt;&gt;</a>&nbsp;&nbsp;&nbsp;GUI_GetpfIndex2ColorEx
<LI><a href="#[2ae]">&gt;&gt;</a>&nbsp;&nbsp;&nbsp;GUI_GetpfColor2IndexEx
<LI><a href="#[2a9]">&gt;&gt;</a>&nbsp;&nbsp;&nbsp;GUI_GetBitsPerPixelEx
</UL>
<BR>[Called By]<UL><LI><a href="#[111]">&gt;&gt;</a>&nbsp;&nbsp;&nbsp;GUI_MEMDEV__WriteToActiveOpaque
</UL>

<P><STRONG><a name="[280]"></a>_WriteToActiveOpaque_HT</STRONG> (Thumb, 826 bytes, Stack size 0 bytes, GUIDEV_WriteToActiveOpaque.o(i._WriteToActiveOpaque_HT))
<BR><BR>[Calls]<UL><LI><a href="#[22b]">&gt;&gt;</a>&nbsp;&nbsp;&nbsp;GUI_ALLOC_UnlockH
<LI><a href="#[22a]">&gt;&gt;</a>&nbsp;&nbsp;&nbsp;GUI_ALLOC_LockH
<LI><a href="#[22c]">&gt;&gt;</a>&nbsp;&nbsp;&nbsp;GUI_ALLOC_Free
<LI><a href="#[225]">&gt;&gt;</a>&nbsp;&nbsp;&nbsp;GUI_ALLOC_AllocNoInit
<LI><a href="#[21b]">&gt;&gt;</a>&nbsp;&nbsp;&nbsp;LCD_DrawBitmap
<LI><a href="#[2a9]">&gt;&gt;</a>&nbsp;&nbsp;&nbsp;GUI_GetBitsPerPixelEx
</UL>
<BR>[Called By]<UL><LI><a href="#[111]">&gt;&gt;</a>&nbsp;&nbsp;&nbsp;GUI_MEMDEV__WriteToActiveOpaque
</UL>

<P><STRONG><a name="[276]"></a>_CreateStaticDevice</STRONG> (Thumb, 308 bytes, Stack size 0 bytes, GUIDEV_StaticDevices.o(i._CreateStaticDevice))
<BR><BR>[Calls]<UL><LI><a href="#[233]">&gt;&gt;</a>&nbsp;&nbsp;&nbsp;GUI_ALLOC_h2p
<LI><a href="#[22b]">&gt;&gt;</a>&nbsp;&nbsp;&nbsp;GUI_ALLOC_UnlockH
<LI><a href="#[22a]">&gt;&gt;</a>&nbsp;&nbsp;&nbsp;GUI_ALLOC_LockH
<LI><a href="#[223]">&gt;&gt;</a>&nbsp;&nbsp;&nbsp;GUI__memset
<LI><a href="#[341]">&gt;&gt;</a>&nbsp;&nbsp;&nbsp;WM_SetSize
<LI><a href="#[32f]">&gt;&gt;</a>&nbsp;&nbsp;&nbsp;WM_GetWindowOrgX
<LI><a href="#[2a3]">&gt;&gt;</a>&nbsp;&nbsp;&nbsp;GUI__AlphaPreserveTrans
<LI><a href="#[272]">&gt;&gt;</a>&nbsp;&nbsp;&nbsp;GUI_MEMDEV_SetOrg
<LI><a href="#[275]">&gt;&gt;</a>&nbsp;&nbsp;&nbsp;GUI_MEMDEV_GetDataPtr
<LI><a href="#[266]">&gt;&gt;</a>&nbsp;&nbsp;&nbsp;GUI_MEMDEV__CreateFixed
<LI><a href="#[263]">&gt;&gt;</a>&nbsp;&nbsp;&nbsp;GUI_MEMDEV_Select
<LI><a href="#[2c4]">&gt;&gt;</a>&nbsp;&nbsp;&nbsp;LCD_GetYSize
<LI><a href="#[2c3]">&gt;&gt;</a>&nbsp;&nbsp;&nbsp;LCD_GetXSize
<LI><a href="#[114]">&gt;&gt;</a>&nbsp;&nbsp;&nbsp;WM__Paint1
<LI><a href="#[359]">&gt;&gt;</a>&nbsp;&nbsp;&nbsp;WM_GetDesktopWindow
</UL>
<BR>[Called By]<UL><LI><a href="#[113]">&gt;&gt;</a>&nbsp;&nbsp;&nbsp;GUI_MEMDEV_Paint1Static
</UL>

<P><STRONG><a name="[26e]"></a>_Min</STRONG> (Thumb, 8 bytes, Stack size 0 bytes, GUIDEV_Banding.o(i._Min))
<BR><BR>[Called By]<UL><LI><a href="#[269]">&gt;&gt;</a>&nbsp;&nbsp;&nbsp;GUI_MEMDEV_Draw
</UL>

<P><STRONG><a name="[6]"></a>_NextPixel_End</STRONG> (Thumb, 30 bytes, Stack size 0 bytes, LCD_NextPixelAPI.o(i._NextPixel_End))
<BR><BR>[Calls]<UL><LI><a href="#[22b]">&gt;&gt;</a>&nbsp;&nbsp;&nbsp;GUI_ALLOC_UnlockH
<LI><a href="#[22c]">&gt;&gt;</a>&nbsp;&nbsp;&nbsp;GUI_ALLOC_Free
<LI><a href="#[372]">&gt;&gt;</a>&nbsp;&nbsp;&nbsp;_NextPixel_FlushBuffer
</UL>
<BR>[Address Reference Count : 1]<UL><LI> LCD_NextPixelAPI.o(.data)
</UL>
<P><STRONG><a name="[372]"></a>_NextPixel_FlushBuffer</STRONG> (Thumb, 68 bytes, Stack size 0 bytes, LCD_NextPixelAPI.o(i._NextPixel_FlushBuffer))
<BR><BR>[Called By]<UL><LI><a href="#[4]">&gt;&gt;</a>&nbsp;&nbsp;&nbsp;_NextPixel_SetPixel
<LI><a href="#[5]">&gt;&gt;</a>&nbsp;&nbsp;&nbsp;_NextPixel_NextLine
<LI><a href="#[6]">&gt;&gt;</a>&nbsp;&nbsp;&nbsp;_NextPixel_End
</UL>

<P><STRONG><a name="[5]"></a>_NextPixel_NextLine</STRONG> (Thumb, 24 bytes, Stack size 0 bytes, LCD_NextPixelAPI.o(i._NextPixel_NextLine))
<BR><BR>[Calls]<UL><LI><a href="#[372]">&gt;&gt;</a>&nbsp;&nbsp;&nbsp;_NextPixel_FlushBuffer
</UL>
<BR>[Address Reference Count : 1]<UL><LI> LCD_NextPixelAPI.o(.data)
</UL>
<P><STRONG><a name="[4]"></a>_NextPixel_SetPixel</STRONG> (Thumb, 234 bytes, Stack size 0 bytes, LCD_NextPixelAPI.o(i._NextPixel_SetPixel))
<BR><BR>[Calls]<UL><LI><a href="#[372]">&gt;&gt;</a>&nbsp;&nbsp;&nbsp;_NextPixel_FlushBuffer
</UL>
<BR>[Address Reference Count : 1]<UL><LI> LCD_NextPixelAPI.o(.data)
</UL>
<P><STRONG><a name="[3]"></a>_NextPixel_Start</STRONG> (Thumb, 152 bytes, Stack size 0 bytes, LCD_NextPixelAPI.o(i._NextPixel_Start))
<BR><BR>[Calls]<UL><LI><a href="#[22a]">&gt;&gt;</a>&nbsp;&nbsp;&nbsp;GUI_ALLOC_LockH
<LI><a href="#[232]">&gt;&gt;</a>&nbsp;&nbsp;&nbsp;GUI_ALLOC_GetMaxSize
<LI><a href="#[225]">&gt;&gt;</a>&nbsp;&nbsp;&nbsp;GUI_ALLOC_AllocNoInit
<LI><a href="#[2a9]">&gt;&gt;</a>&nbsp;&nbsp;&nbsp;GUI_GetBitsPerPixelEx
</UL>
<BR>[Address Reference Count : 1]<UL><LI> LCD_NextPixelAPI.o(.data)
</UL>
<P><STRONG><a name="[f7]"></a>_OnExit</STRONG> (Thumb, 36 bytes, Stack size 0 bytes, GUI__Alpha.o(i._OnExit))
<BR><BR>[Calls]<UL><LI><a href="#[23e]">&gt;&gt;</a>&nbsp;&nbsp;&nbsp;GUI_ALLOC_FreeFixedBlock
</UL>
<BR>[Address Reference Count : 1]<UL><LI> GUI__Alpha.o(i.GUI__GetAlphaBuffer)
</UL>
<P><STRONG><a name="[365]"></a>_DrawBitLine1BPP</STRONG> (Thumb, 276 bytes, Stack size 0 bytes, GUIDEV_32.o(i._DrawBitLine1BPP))
<BR><BR>[Called By]<UL><LI><a href="#[181]">&gt;&gt;</a>&nbsp;&nbsp;&nbsp;_DrawBitmap
</UL>

<P><STRONG><a name="[366]"></a>_DrawBitLine2BPP</STRONG> (Thumb, 218 bytes, Stack size 0 bytes, GUIDEV_32.o(i._DrawBitLine2BPP))
<BR><BR>[Called By]<UL><LI><a href="#[181]">&gt;&gt;</a>&nbsp;&nbsp;&nbsp;_DrawBitmap
</UL>

<P><STRONG><a name="[35c]"></a>_DrawBitLine32BPP_DDB</STRONG> (Thumb, 162 bytes, Stack size 0 bytes, GUIDEV_32.o(i._DrawBitLine32BPP_DDB))
<BR><BR>[Calls]<UL><LI><a href="#[7]">&gt;&gt;</a>&nbsp;&nbsp;&nbsp;GUI__MixColors
<LI><a href="#[21e]">&gt;&gt;</a>&nbsp;&nbsp;&nbsp;__aeabi_memcpy4
</UL>
<BR>[Called By]<UL><LI><a href="#[181]">&gt;&gt;</a>&nbsp;&nbsp;&nbsp;_DrawBitmap
</UL>

<P><STRONG><a name="[367]"></a>_DrawBitLine4BPP</STRONG> (Thumb, 340 bytes, Stack size 0 bytes, GUIDEV_32.o(i._DrawBitLine4BPP))
<BR><BR>[Called By]<UL><LI><a href="#[181]">&gt;&gt;</a>&nbsp;&nbsp;&nbsp;_DrawBitmap
</UL>

<P><STRONG><a name="[181]"></a>_DrawBitmap</STRONG> (Thumb, 666 bytes, Stack size 0 bytes, GUIDEV_32.o(i._DrawBitmap))
<BR><BR>[Calls]<UL><LI><a href="#[22b]">&gt;&gt;</a>&nbsp;&nbsp;&nbsp;GUI_ALLOC_UnlockH
<LI><a href="#[22a]">&gt;&gt;</a>&nbsp;&nbsp;&nbsp;GUI_ALLOC_LockH
<LI><a href="#[35f]">&gt;&gt;</a>&nbsp;&nbsp;&nbsp;GUI_USAGE_AddRect
<LI><a href="#[206]">&gt;&gt;</a>&nbsp;&nbsp;&nbsp;__aeabi_memcpy
<LI><a href="#[364]">&gt;&gt;</a>&nbsp;&nbsp;&nbsp;_XY2PTR
<LI><a href="#[367]">&gt;&gt;</a>&nbsp;&nbsp;&nbsp;_DrawBitLine4BPP
<LI><a href="#[35c]">&gt;&gt;</a>&nbsp;&nbsp;&nbsp;_DrawBitLine32BPP_DDB
<LI><a href="#[366]">&gt;&gt;</a>&nbsp;&nbsp;&nbsp;_DrawBitLine2BPP
<LI><a href="#[365]">&gt;&gt;</a>&nbsp;&nbsp;&nbsp;_DrawBitLine1BPP
</UL>
<BR>[Address Reference Count : 1]<UL><LI> GUIDEV_32.o(.constdata)
</UL>
<P><STRONG><a name="[182]"></a>_DrawHLine</STRONG> (Thumb, 10 bytes, Stack size 0 bytes, GUIDEV_32.o(i._DrawHLine))
<BR><BR>[Calls]<UL><LI><a href="#[184]">&gt;&gt;</a>&nbsp;&nbsp;&nbsp;_FillRect
</UL>
<BR>[Address Reference Count : 1]<UL><LI> GUIDEV_32.o(.constdata)
</UL>
<P><STRONG><a name="[183]"></a>_DrawVLine</STRONG> (Thumb, 166 bytes, Stack size 0 bytes, GUIDEV_32.o(i._DrawVLine))
<BR><BR>[Calls]<UL><LI><a href="#[22b]">&gt;&gt;</a>&nbsp;&nbsp;&nbsp;GUI_ALLOC_UnlockH
<LI><a href="#[22a]">&gt;&gt;</a>&nbsp;&nbsp;&nbsp;GUI_ALLOC_LockH
<LI><a href="#[364]">&gt;&gt;</a>&nbsp;&nbsp;&nbsp;_XY2PTR
</UL>
<BR>[Address Reference Count : 1]<UL><LI> GUIDEV_32.o(.constdata)
</UL>
<P><STRONG><a name="[184]"></a>_FillRect</STRONG> (Thumb, 160 bytes, Stack size 0 bytes, GUIDEV_32.o(i._FillRect))
<BR><BR>[Calls]<UL><LI><a href="#[22b]">&gt;&gt;</a>&nbsp;&nbsp;&nbsp;GUI_ALLOC_UnlockH
<LI><a href="#[22a]">&gt;&gt;</a>&nbsp;&nbsp;&nbsp;GUI_ALLOC_LockH
<LI><a href="#[35f]">&gt;&gt;</a>&nbsp;&nbsp;&nbsp;GUI_USAGE_AddRect
<LI><a href="#[364]">&gt;&gt;</a>&nbsp;&nbsp;&nbsp;_XY2PTR
</UL>
<BR>[Called By]<UL><LI><a href="#[182]">&gt;&gt;</a>&nbsp;&nbsp;&nbsp;_DrawHLine
</UL>
<BR>[Address Reference Count : 1]<UL><LI> GUIDEV_32.o(.constdata)
</UL>
<P><STRONG><a name="[18b]"></a>_GetDevData</STRONG> (Thumb, 12 bytes, Stack size 0 bytes, GUIDEV_32.o(i._GetDevData))
<BR>[Address Reference Count : 1]<UL><LI> GUIDEV_32.o(.constdata)
</UL>
<P><STRONG><a name="[189]"></a>_GetDevFunc</STRONG> (Thumb, 12 bytes, Stack size 0 bytes, GUIDEV_32.o(i._GetDevFunc))
<BR>[Address Reference Count : 1]<UL><LI> GUIDEV_32.o(.constdata)
</UL>
<P><STRONG><a name="[18a]"></a>_GetDevProp</STRONG> (Thumb, 12 bytes, Stack size 0 bytes, GUIDEV_32.o(i._GetDevProp))
<BR>[Address Reference Count : 1]<UL><LI> GUIDEV_32.o(.constdata)
</UL>
<P><STRONG><a name="[185]"></a>_GetPixelIndex</STRONG> (Thumb, 14 bytes, Stack size 0 bytes, GUIDEV_32.o(i._GetPixelIndex))
<BR><BR>[Calls]<UL><LI><a href="#[364]">&gt;&gt;</a>&nbsp;&nbsp;&nbsp;_XY2PTR
</UL>
<BR>[Address Reference Count : 1]<UL><LI> GUIDEV_32.o(.constdata)
</UL>
<P><STRONG><a name="[18c]"></a>_GetRect</STRONG> (Thumb, 52 bytes, Stack size 0 bytes, GUIDEV_32.o(i._GetRect))
<BR><BR>[Calls]<UL><LI><a href="#[22b]">&gt;&gt;</a>&nbsp;&nbsp;&nbsp;GUI_ALLOC_UnlockH
<LI><a href="#[22a]">&gt;&gt;</a>&nbsp;&nbsp;&nbsp;GUI_ALLOC_LockH
</UL>
<BR>[Address Reference Count : 1]<UL><LI> GUIDEV_32.o(.constdata)
</UL>
<P><STRONG><a name="[188]"></a>_SetOrg</STRONG> (Thumb, 8 bytes, Stack size 0 bytes, GUIDEV_32.o(i._SetOrg))
<BR>[Address Reference Count : 1]<UL><LI> GUIDEV_32.o(.constdata)
</UL>
<P><STRONG><a name="[186]"></a>_SetPixelIndex</STRONG> (Thumb, 66 bytes, Stack size 0 bytes, GUIDEV_32.o(i._SetPixelIndex))
<BR><BR>[Calls]<UL><LI><a href="#[22b]">&gt;&gt;</a>&nbsp;&nbsp;&nbsp;GUI_ALLOC_UnlockH
<LI><a href="#[22a]">&gt;&gt;</a>&nbsp;&nbsp;&nbsp;GUI_ALLOC_LockH
<LI><a href="#[364]">&gt;&gt;</a>&nbsp;&nbsp;&nbsp;_XY2PTR
</UL>
<BR>[Address Reference Count : 1]<UL><LI> GUIDEV_32.o(.constdata)
</UL>
<P><STRONG><a name="[364]"></a>_XY2PTR</STRONG> (Thumb, 56 bytes, Stack size 0 bytes, GUIDEV_32.o(i._XY2PTR))
<BR><BR>[Calls]<UL><LI><a href="#[22b]">&gt;&gt;</a>&nbsp;&nbsp;&nbsp;GUI_ALLOC_UnlockH
<LI><a href="#[22a]">&gt;&gt;</a>&nbsp;&nbsp;&nbsp;GUI_ALLOC_LockH
</UL>
<BR>[Called By]<UL><LI><a href="#[187]">&gt;&gt;</a>&nbsp;&nbsp;&nbsp;_XorPixel
<LI><a href="#[186]">&gt;&gt;</a>&nbsp;&nbsp;&nbsp;_SetPixelIndex
<LI><a href="#[185]">&gt;&gt;</a>&nbsp;&nbsp;&nbsp;_GetPixelIndex
<LI><a href="#[184]">&gt;&gt;</a>&nbsp;&nbsp;&nbsp;_FillRect
<LI><a href="#[183]">&gt;&gt;</a>&nbsp;&nbsp;&nbsp;_DrawVLine
<LI><a href="#[181]">&gt;&gt;</a>&nbsp;&nbsp;&nbsp;_DrawBitmap
</UL>

<P><STRONG><a name="[187]"></a>_XorPixel</STRONG> (Thumb, 82 bytes, Stack size 0 bytes, GUIDEV_32.o(i._XorPixel))
<BR><BR>[Calls]<UL><LI><a href="#[22b]">&gt;&gt;</a>&nbsp;&nbsp;&nbsp;GUI_ALLOC_UnlockH
<LI><a href="#[22a]">&gt;&gt;</a>&nbsp;&nbsp;&nbsp;GUI_ALLOC_LockH
<LI><a href="#[364]">&gt;&gt;</a>&nbsp;&nbsp;&nbsp;_XY2PTR
</UL>
<BR>[Address Reference Count : 1]<UL><LI> GUIDEV_32.o(.constdata)
</UL>
<P><STRONG><a name="[18e]"></a>GUI_USAGE_BM_AddHLine</STRONG> (Thumb, 116 bytes, Stack size 0 bytes, GUIDEV_UsageBM.o(i.GUI_USAGE_BM_AddHLine))
<BR><BR>[Calls]<UL><LI><a href="#[19a]">&gt;&gt;</a>&nbsp;&nbsp;&nbsp;__aeabi_memset
</UL>
<BR>[Address Reference Count : 1]<UL><LI> GUIDEV_UsageBM.o(.constdata)
</UL>
<P><STRONG><a name="[18d]"></a>GUI_USAGE_BM_AddPixel</STRONG> (Thumb, 44 bytes, Stack size 0 bytes, GUIDEV_UsageBM.o(i.GUI_USAGE_BM_AddPixel))
<BR>[Address Reference Count : 1]<UL><LI> GUIDEV_UsageBM.o(.constdata)
</UL>
<P><STRONG><a name="[18f]"></a>GUI_USAGE_BM_Clear</STRONG> (Thumb, 14 bytes, Stack size 0 bytes, GUIDEV_UsageBM.o(i.GUI_USAGE_BM_Clear))
<BR><BR>[Calls]<UL><LI><a href="#[1e8]">&gt;&gt;</a>&nbsp;&nbsp;&nbsp;__aeabi_memclr4
</UL>
<BR>[Address Reference Count : 1]<UL><LI> GUIDEV_UsageBM.o(.constdata)
</UL>
<P><STRONG><a name="[191]"></a>GUI_USAGE_BM_GetNextDirty</STRONG> (Thumb, 154 bytes, Stack size 0 bytes, GUIDEV_UsageBM.o(i.GUI_USAGE_BM_GetNextDirty))
<BR>[Address Reference Count : 1]<UL><LI> GUIDEV_UsageBM.o(.constdata)
</UL>
<P><STRONG><a name="[190]"></a>_GUI_USAGE_BM_Delete</STRONG> (Thumb, 4 bytes, Stack size 0 bytes, GUIDEV_UsageBM.o(i._GUI_USAGE_BM_Delete))
<BR><BR>[Calls]<UL><LI><a href="#[22c]">&gt;&gt;</a>&nbsp;&nbsp;&nbsp;GUI_ALLOC_Free
</UL>
<BR>[Address Reference Count : 1]<UL><LI> GUIDEV_UsageBM.o(.constdata)
</UL>
<P><STRONG><a name="[291]"></a>_RemoveFromLinList</STRONG> (Thumb, 88 bytes, Stack size 0 bytes, GUI_Timer.o(i._RemoveFromLinList))
<BR><BR>[Calls]<UL><LI><a href="#[22b]">&gt;&gt;</a>&nbsp;&nbsp;&nbsp;GUI_ALLOC_UnlockH
<LI><a href="#[22a]">&gt;&gt;</a>&nbsp;&nbsp;&nbsp;GUI_ALLOC_LockH
</UL>
<BR>[Called By]<UL><LI><a href="#[290]">&gt;&gt;</a>&nbsp;&nbsp;&nbsp;GUI_TIMER_Delete
</UL>

<P><STRONG><a name="[292]"></a>_Unlink</STRONG> (Thumb, 74 bytes, Stack size 0 bytes, GUI_Timer.o(i._Unlink))
<BR><BR>[Calls]<UL><LI><a href="#[22b]">&gt;&gt;</a>&nbsp;&nbsp;&nbsp;GUI_ALLOC_UnlockH
<LI><a href="#[22a]">&gt;&gt;</a>&nbsp;&nbsp;&nbsp;GUI_ALLOC_LockH
</UL>
<BR>[Called By]<UL><LI><a href="#[290]">&gt;&gt;</a>&nbsp;&nbsp;&nbsp;GUI_TIMER_Delete
</UL>

<P><STRONG><a name="[27e]"></a>_WriteToActiveAlpha</STRONG> (Thumb, 372 bytes, Stack size 0 bytes, GUIDEV_WriteToActiveAlpha.o(i._WriteToActiveAlpha))
<BR><BR>[Calls]<UL><LI><a href="#[22b]">&gt;&gt;</a>&nbsp;&nbsp;&nbsp;GUI_ALLOC_UnlockH
<LI><a href="#[22a]">&gt;&gt;</a>&nbsp;&nbsp;&nbsp;GUI_ALLOC_LockH
<LI><a href="#[2a1]">&gt;&gt;</a>&nbsp;&nbsp;&nbsp;GUI__AllocAlphaBuffer
<LI><a href="#[275]">&gt;&gt;</a>&nbsp;&nbsp;&nbsp;GUI_MEMDEV_GetDataPtr
<LI><a href="#[21b]">&gt;&gt;</a>&nbsp;&nbsp;&nbsp;LCD_DrawBitmap
<LI><a href="#[2a5]">&gt;&gt;</a>&nbsp;&nbsp;&nbsp;GUI__CompactPixelIndicesEx
<LI><a href="#[2a8]">&gt;&gt;</a>&nbsp;&nbsp;&nbsp;GUI__DoAlphaBlending
</UL>
<BR>[Called By]<UL><LI><a href="#[112]">&gt;&gt;</a>&nbsp;&nbsp;&nbsp;GUI_MEMDEV__WriteToActiveAlpha
</UL>

<P><STRONG><a name="[34b]"></a>_MoveDescendents</STRONG> (Thumb, 110 bytes, Stack size 0 bytes, WM_Move.o(i._MoveDescendents))
<BR><BR>[Calls]<UL><LI><a href="#[22b]">&gt;&gt;</a>&nbsp;&nbsp;&nbsp;GUI_ALLOC_UnlockH
<LI><a href="#[22a]">&gt;&gt;</a>&nbsp;&nbsp;&nbsp;GUI_ALLOC_LockH
<LI><a href="#[33b]">&gt;&gt;</a>&nbsp;&nbsp;&nbsp;WM__SendMessage
<LI><a href="#[344]">&gt;&gt;</a>&nbsp;&nbsp;&nbsp;GUI_MoveRect
<LI><a href="#[34b]">&gt;&gt;</a>&nbsp;&nbsp;&nbsp;_MoveDescendents
</UL>
<BR>[Called By]<UL><LI><a href="#[33a]">&gt;&gt;</a>&nbsp;&nbsp;&nbsp;WM__MoveWindow
<LI><a href="#[34b]">&gt;&gt;</a>&nbsp;&nbsp;&nbsp;_MoveDescendents
</UL>

<P><STRONG><a name="[ea]"></a>_scanf_char_input</STRONG> (Thumb, 12 bytes, Stack size 0 bytes, scanf_char.o(.text))
<BR>[Address Reference Count : 1]<UL><LI> scanf_char.o(.text)
</UL><P>
<H3>
Undefined Global Symbols
</H3><HR></body></html>
