<html>
<body>
<pre>
<h1>礦ision Build Log</h1>
<h2>Tool Versions:</h2>
IDE-Version: μVision V5.23.0.0
Copyright (C) 2017 ARM Ltd and ARM Germany GmbH. All rights reserved.
License Information: flyleaf,  , LIC=MGX56-DG35F-MQA0F-6Z8K2-EEBBV-88H1I
 
Tool Versions:
Toolchain:       MDK-ARM Professional  Version: 5.23
Toolchain Path:  C:\Keil_v5\ARM\ARMCC\Bin
C Compiler:      Armcc.exe V5.06 update 4 (build 422)
Assembler:       Armasm.exe V5.06 update 4 (build 422)
Linker/Locator:  ArmLink.exe V5.06 update 4 (build 422)
Library Manager: ArmAr.exe V5.06 update 4 (build 422)
Hex Converter:   FromElf.exe V5.06 update 4 (build 422)
CPU DLL:         SARMCM3.DLL V5.23
Dialog DLL:      DCM.DLL V1.15.0.0
Target DLL:      CMSIS_AGDI.dll V1.27.5.0
Dialog DLL:      TCM.DLL V1.27.0.0
 
<h2>Project:</h2>
G:\GIT_OSC\nxp_develop\rt1050\develop\固件库例程\5-新建工程-固件库版本\project\mdk\YH-RT1052.uvprojx
Project File Date:  06/26/2018

<h2>Output:</h2>
*** Using Compiler 'V5.06 update 4 (build 422)', folder: 'C:\Keil_v5\ARM\ARMCC\Bin'
Build target 'base_demo_itcm_txt_ram_debug'
compiling fsl_gpio.c...
compiling fsl_clock.c...
compiling fsl_assert.c...
compiling fsl_common.c...
compiling fsl_notifier.c...
compiling system_MIMXRT1052.c...
compiling fsl_sbrk.c...
compiling fsl_lpuart.c...
compiling fsl_log.c...
compiling fsl_io.c...
compiling fsl_str.c...
compiling fsl_debug_console.c...
compiling fsl_shell.c...
compiling board.c...
compiling fire_imxrt1052_sdram_ini_dcd.c...
compiling clock_config.c...
compiling fsl_flexspi_nor_boot.c...
compiling fire_imxrt1052_spiflash_config.c...
compiling main.c...
compiling pin_mux.c...
linking...
Program Size: Code=13808 RO-data=1312 RW-data=28 ZI-data=2084  
".\ictm_txt_ram\Objects\YH-RT1052.axf" - 0 Error(s), 0 Warning(s).

<h2>Collection of Component include folders:</h2>
  .\RTE\_base_demo_itcm_txt_ram_debug
  C:\Keil_v5\ARM\PACK\NXP\MIMXRT1052_DFP\10.0.1

<h2>Collection of Component Files used:</h2>
Build Time Elapsed:  00:00:07
</pre>
</body>
</html>
