<!doctype html public "-//w3c//dtd html 4.0 transitional//en">
<html><head>
<title>Static Call Graph - [.\sdram_txt_ram\Objects\YH-RT1052.axf]</title></head>
<body><HR>
<H1>Static Call Graph for image .\sdram_txt_ram\Objects\YH-RT1052.axf</H1><HR>
<BR><P>#&#060CALLGRAPH&#062# ARM Linker, 5060750: Last Updated: Mon Jan 14 18:02:40 2019
<BR><P>
<H3>Maximum Stack Usage =       1312 bytes + Unknown(Cycles, Untraceable Function Pointers)</H3><H3>
Call chain for Maximum Stack Depth:</H3>
ethernet_input &rArr; ip4_input &rArr; tcp_input &rArr; tcp_listen_input &rArr; tcp_alloc &rArr; tcp_kill_prio &rArr; tcp_abort &rArr; tcp_abandon &rArr; tcp_pcb_remove &rArr; tcp_output &rArr; tcp_output_segment &rArr; ip4_output_if &rArr; ip4_output_if_src &rArr; ip4_frag &rArr; pbuf_alloc &rArr; pbuf_free &rArr; memp_free &rArr; do_memp_free_pool &rArr; sys_assert &rArr; DbgConsole_Printf &rArr; StrFormatPrintf &rArr; ConvertFloatRadixNumToString &rArr; __hardfp_pow &rArr; sqrt
<P>
<H3>
Mutually Recursive functions
</H3> <LI><a href="#[1]">NMI_Handler</a>&nbsp;&nbsp;&nbsp;&rArr;&nbsp;&nbsp;&nbsp;<a href="#[1]">NMI_Handler</a><BR>
 <LI><a href="#[2]">HardFault_Handler</a>&nbsp;&nbsp;&nbsp;&rArr;&nbsp;&nbsp;&nbsp;<a href="#[2]">HardFault_Handler</a><BR>
 <LI><a href="#[3]">MemManage_Handler</a>&nbsp;&nbsp;&nbsp;&rArr;&nbsp;&nbsp;&nbsp;<a href="#[3]">MemManage_Handler</a><BR>
 <LI><a href="#[4]">BusFault_Handler</a>&nbsp;&nbsp;&nbsp;&rArr;&nbsp;&nbsp;&nbsp;<a href="#[4]">BusFault_Handler</a><BR>
 <LI><a href="#[5]">UsageFault_Handler</a>&nbsp;&nbsp;&nbsp;&rArr;&nbsp;&nbsp;&nbsp;<a href="#[5]">UsageFault_Handler</a><BR>
 <LI><a href="#[7]">DebugMon_Handler</a>&nbsp;&nbsp;&nbsp;&rArr;&nbsp;&nbsp;&nbsp;<a href="#[7]">DebugMon_Handler</a><BR>
 <LI><a href="#[140]">LOG_Push</a>&nbsp;&nbsp;&nbsp;&rArr;&nbsp;&nbsp;&nbsp;<a href="#[12f]">__aeabi_assert</a><BR>
 <LI><a href="#[158]">LPUART_WriteBlocking</a>&nbsp;&nbsp;&nbsp;&rArr;&nbsp;&nbsp;&nbsp;<a href="#[12f]">__aeabi_assert</a><BR>
 <LI><a href="#[159]">LPUART_ReadBlocking</a>&nbsp;&nbsp;&nbsp;&rArr;&nbsp;&nbsp;&nbsp;<a href="#[12f]">__aeabi_assert</a><BR>
 <LI><a href="#[200]">netconn_drain</a>&nbsp;&nbsp;&nbsp;&rArr;&nbsp;&nbsp;&nbsp;<a href="#[200]">netconn_drain</a><BR>
</UL>
<P>
<H3>
Function Pointers
</H3><UL>
 <LI><a href="#[85]">ACMP1_IRQHandler</a> from startup_mimxrt1052.o(.text) referenced from startup_mimxrt1052.o(RESET)
 <LI><a href="#[86]">ACMP2_IRQHandler</a> from startup_mimxrt1052.o(.text) referenced from startup_mimxrt1052.o(RESET)
 <LI><a href="#[87]">ACMP3_IRQHandler</a> from startup_mimxrt1052.o(.text) referenced from startup_mimxrt1052.o(RESET)
 <LI><a href="#[88]">ACMP4_IRQHandler</a> from startup_mimxrt1052.o(.text) referenced from startup_mimxrt1052.o(RESET)
 <LI><a href="#[4d]">ADC1_IRQHandler</a> from startup_mimxrt1052.o(.text) referenced from startup_mimxrt1052.o(RESET)
 <LI><a href="#[4e]">ADC2_IRQHandler</a> from startup_mimxrt1052.o(.text) referenced from startup_mimxrt1052.o(RESET)
 <LI><a href="#[83]">ADC_ETC_ERROR_IRQ_IRQHandler</a> from startup_mimxrt1052.o(.text) referenced from startup_mimxrt1052.o(RESET)
 <LI><a href="#[80]">ADC_ETC_IRQ0_IRQHandler</a> from startup_mimxrt1052.o(.text) referenced from startup_mimxrt1052.o(RESET)
 <LI><a href="#[81]">ADC_ETC_IRQ1_IRQHandler</a> from startup_mimxrt1052.o(.text) referenced from startup_mimxrt1052.o(RESET)
 <LI><a href="#[82]">ADC_ETC_IRQ2_IRQHandler</a> from startup_mimxrt1052.o(.text) referenced from startup_mimxrt1052.o(RESET)
 <LI><a href="#[47]">ANATOP_EVENT0_IRQHandler</a> from startup_mimxrt1052.o(.text) referenced from startup_mimxrt1052.o(RESET)
 <LI><a href="#[48]">ANATOP_EVENT1_IRQHandler</a> from startup_mimxrt1052.o(.text) referenced from startup_mimxrt1052.o(RESET)
 <LI><a href="#[49]">ANATOP_TAMP_LOW_HIGH_IRQHandler</a> from startup_mimxrt1052.o(.text) referenced from startup_mimxrt1052.o(RESET)
 <LI><a href="#[4a]">ANATOP_TEMP_PANIC_IRQHandler</a> from startup_mimxrt1052.o(.text) referenced from startup_mimxrt1052.o(RESET)
 <LI><a href="#[41]">BEE_IRQHandler</a> from startup_mimxrt1052.o(.text) referenced from startup_mimxrt1052.o(RESET)
 <LI><a href="#[4]">BusFault_Handler</a> from startup_mimxrt1052.o(.text) referenced from startup_mimxrt1052.o(RESET)
 <LI><a href="#[cf]">CAN1_DriverIRQHandler</a> from startup_mimxrt1052.o(.text) referenced from startup_mimxrt1052.o(.text)
 <LI><a href="#[2e]">CAN1_IRQHandler</a> from startup_mimxrt1052.o(.text) referenced from startup_mimxrt1052.o(RESET)
 <LI><a href="#[d0]">CAN2_DriverIRQHandler</a> from startup_mimxrt1052.o(.text) referenced from startup_mimxrt1052.o(.text)
 <LI><a href="#[2f]">CAN2_IRQHandler</a> from startup_mimxrt1052.o(.text) referenced from startup_mimxrt1052.o(RESET)
 <LI><a href="#[69]">CCM_1_IRQHandler</a> from startup_mimxrt1052.o(.text) referenced from startup_mimxrt1052.o(RESET)
 <LI><a href="#[6a]">CCM_2_IRQHandler</a> from startup_mimxrt1052.o(.text) referenced from startup_mimxrt1052.o(RESET)
 <LI><a href="#[1d]">CORE_IRQHandler</a> from startup_mimxrt1052.o(.text) referenced from startup_mimxrt1052.o(RESET)
 <LI><a href="#[35]">CSI_IRQHandler</a> from startup_mimxrt1052.o(.text) referenced from startup_mimxrt1052.o(RESET)
 <LI><a href="#[3b]">CSU_IRQHandler</a> from startup_mimxrt1052.o(.text) referenced from startup_mimxrt1052.o(RESET)
 <LI><a href="#[1b]">CTI0_ERROR_IRQHandler</a> from startup_mimxrt1052.o(.text) referenced from startup_mimxrt1052.o(RESET)
 <LI><a href="#[1c]">CTI1_ERROR_IRQHandler</a> from startup_mimxrt1052.o(.text) referenced from startup_mimxrt1052.o(RESET)
 <LI><a href="#[4f]">DCDC_IRQHandler</a> from startup_mimxrt1052.o(.text) referenced from startup_mimxrt1052.o(RESET)
 <LI><a href="#[3c]">DCP_IRQHandler</a> from startup_mimxrt1052.o(.text) referenced from startup_mimxrt1052.o(RESET)
 <LI><a href="#[3d]">DCP_VMI_IRQHandler</a> from startup_mimxrt1052.o(.text) referenced from startup_mimxrt1052.o(RESET)
 <LI><a href="#[ae]">DMA0_DMA16_DriverIRQHandler</a> from startup_mimxrt1052.o(.text) referenced from startup_mimxrt1052.o(.text)
 <LI><a href="#[a]">DMA0_DMA16_IRQHandler</a> from startup_mimxrt1052.o(.text) referenced from startup_mimxrt1052.o(RESET)
 <LI><a href="#[b8]">DMA10_DMA26_DriverIRQHandler</a> from startup_mimxrt1052.o(.text) referenced from startup_mimxrt1052.o(.text)
 <LI><a href="#[14]">DMA10_DMA26_IRQHandler</a> from startup_mimxrt1052.o(.text) referenced from startup_mimxrt1052.o(RESET)
 <LI><a href="#[b9]">DMA11_DMA27_DriverIRQHandler</a> from startup_mimxrt1052.o(.text) referenced from startup_mimxrt1052.o(.text)
 <LI><a href="#[15]">DMA11_DMA27_IRQHandler</a> from startup_mimxrt1052.o(.text) referenced from startup_mimxrt1052.o(RESET)
 <LI><a href="#[ba]">DMA12_DMA28_DriverIRQHandler</a> from startup_mimxrt1052.o(.text) referenced from startup_mimxrt1052.o(.text)
 <LI><a href="#[16]">DMA12_DMA28_IRQHandler</a> from startup_mimxrt1052.o(.text) referenced from startup_mimxrt1052.o(RESET)
 <LI><a href="#[bb]">DMA13_DMA29_DriverIRQHandler</a> from startup_mimxrt1052.o(.text) referenced from startup_mimxrt1052.o(.text)
 <LI><a href="#[17]">DMA13_DMA29_IRQHandler</a> from startup_mimxrt1052.o(.text) referenced from startup_mimxrt1052.o(RESET)
 <LI><a href="#[bc]">DMA14_DMA30_DriverIRQHandler</a> from startup_mimxrt1052.o(.text) referenced from startup_mimxrt1052.o(.text)
 <LI><a href="#[18]">DMA14_DMA30_IRQHandler</a> from startup_mimxrt1052.o(.text) referenced from startup_mimxrt1052.o(RESET)
 <LI><a href="#[bd]">DMA15_DMA31_DriverIRQHandler</a> from startup_mimxrt1052.o(.text) referenced from startup_mimxrt1052.o(.text)
 <LI><a href="#[19]">DMA15_DMA31_IRQHandler</a> from startup_mimxrt1052.o(.text) referenced from startup_mimxrt1052.o(RESET)
 <LI><a href="#[af]">DMA1_DMA17_DriverIRQHandler</a> from startup_mimxrt1052.o(.text) referenced from startup_mimxrt1052.o(.text)
 <LI><a href="#[b]">DMA1_DMA17_IRQHandler</a> from startup_mimxrt1052.o(.text) referenced from startup_mimxrt1052.o(RESET)
 <LI><a href="#[b0]">DMA2_DMA18_DriverIRQHandler</a> from startup_mimxrt1052.o(.text) referenced from startup_mimxrt1052.o(.text)
 <LI><a href="#[c]">DMA2_DMA18_IRQHandler</a> from startup_mimxrt1052.o(.text) referenced from startup_mimxrt1052.o(RESET)
 <LI><a href="#[b1]">DMA3_DMA19_DriverIRQHandler</a> from startup_mimxrt1052.o(.text) referenced from startup_mimxrt1052.o(.text)
 <LI><a href="#[d]">DMA3_DMA19_IRQHandler</a> from startup_mimxrt1052.o(.text) referenced from startup_mimxrt1052.o(RESET)
 <LI><a href="#[b2]">DMA4_DMA20_DriverIRQHandler</a> from startup_mimxrt1052.o(.text) referenced from startup_mimxrt1052.o(.text)
 <LI><a href="#[e]">DMA4_DMA20_IRQHandler</a> from startup_mimxrt1052.o(.text) referenced from startup_mimxrt1052.o(RESET)
 <LI><a href="#[b3]">DMA5_DMA21_DriverIRQHandler</a> from startup_mimxrt1052.o(.text) referenced from startup_mimxrt1052.o(.text)
 <LI><a href="#[f]">DMA5_DMA21_IRQHandler</a> from startup_mimxrt1052.o(.text) referenced from startup_mimxrt1052.o(RESET)
 <LI><a href="#[b4]">DMA6_DMA22_DriverIRQHandler</a> from startup_mimxrt1052.o(.text) referenced from startup_mimxrt1052.o(.text)
 <LI><a href="#[10]">DMA6_DMA22_IRQHandler</a> from startup_mimxrt1052.o(.text) referenced from startup_mimxrt1052.o(RESET)
 <LI><a href="#[b5]">DMA7_DMA23_DriverIRQHandler</a> from startup_mimxrt1052.o(.text) referenced from startup_mimxrt1052.o(.text)
 <LI><a href="#[11]">DMA7_DMA23_IRQHandler</a> from startup_mimxrt1052.o(.text) referenced from startup_mimxrt1052.o(RESET)
 <LI><a href="#[b6]">DMA8_DMA24_DriverIRQHandler</a> from startup_mimxrt1052.o(.text) referenced from startup_mimxrt1052.o(.text)
 <LI><a href="#[12]">DMA8_DMA24_IRQHandler</a> from startup_mimxrt1052.o(.text) referenced from startup_mimxrt1052.o(RESET)
 <LI><a href="#[b7]">DMA9_DMA25_DriverIRQHandler</a> from startup_mimxrt1052.o(.text) referenced from startup_mimxrt1052.o(.text)
 <LI><a href="#[13]">DMA9_DMA25_IRQHandler</a> from startup_mimxrt1052.o(.text) referenced from startup_mimxrt1052.o(RESET)
 <LI><a href="#[be]">DMA_ERROR_DriverIRQHandler</a> from startup_mimxrt1052.o(.text) referenced from startup_mimxrt1052.o(.text)
 <LI><a href="#[1a]">DMA_ERROR_IRQHandler</a> from startup_mimxrt1052.o(.text) referenced from startup_mimxrt1052.o(RESET)
 <LI><a href="#[dd]">DbgConsole_RelocateLog</a> from fsl_debug_console.o(i.DbgConsole_RelocateLog) referenced from fsl_debug_console.o(i.DbgConsole_Printf)
 <LI><a href="#[7]">DebugMon_Handler</a> from startup_mimxrt1052.o(.text) referenced from startup_mimxrt1052.o(RESET)
 <LI><a href="#[aa]">DefaultISR</a> from startup_mimxrt1052.o(.text) referenced from startup_mimxrt1052.o(.text)
 <LI><a href="#[aa]">DefaultISR</a> from startup_mimxrt1052.o(.text) referenced 79 times from startup_mimxrt1052.o(RESET)
 <LI><a href="#[8b]">ENC1_IRQHandler</a> from startup_mimxrt1052.o(.text) referenced from startup_mimxrt1052.o(RESET)
 <LI><a href="#[8c]">ENC2_IRQHandler</a> from startup_mimxrt1052.o(.text) referenced from startup_mimxrt1052.o(RESET)
 <LI><a href="#[8d]">ENC3_IRQHandler</a> from startup_mimxrt1052.o(.text) referenced from startup_mimxrt1052.o(RESET)
 <LI><a href="#[8e]">ENC4_IRQHandler</a> from startup_mimxrt1052.o(.text) referenced from startup_mimxrt1052.o(RESET)
 <LI><a href="#[dc]">ENET_1588_Timer_DriverIRQHandler</a> from startup_mimxrt1052.o(.text) referenced from startup_mimxrt1052.o(.text)
 <LI><a href="#[7d]">ENET_1588_Timer_IRQHandler</a> from fsl_enet.o(i.ENET_1588_Timer_IRQHandler) referenced from startup_mimxrt1052.o(RESET)
 <LI><a href="#[db]">ENET_DriverIRQHandler</a> from fsl_enet.o(i.ENET_DriverIRQHandler) referenced from startup_mimxrt1052.o(.text)
 <LI><a href="#[e0]">ENET_ErrorIRQHandler</a> from fsl_enet.o(i.ENET_ErrorIRQHandler) referenced from fsl_enet.o(i.ENET_SetHandler)
 <LI><a href="#[7c]">ENET_IRQHandler</a> from startup_mimxrt1052.o(.text) referenced from startup_mimxrt1052.o(RESET)
 <LI><a href="#[df]">ENET_ReceiveIRQHandler</a> from fsl_enet.o(i.ENET_ReceiveIRQHandler) referenced from fsl_enet.o(i.ENET_SetHandler)
 <LI><a href="#[de]">ENET_TransmitIRQHandler</a> from fsl_enet.o(i.ENET_TransmitIRQHandler) referenced from fsl_enet.o(i.ENET_SetHandler)
 <LI><a href="#[68]">EWM_IRQHandler</a> from startup_mimxrt1052.o(.text) referenced from startup_mimxrt1052.o(RESET)
 <LI><a href="#[d6]">FLEXIO1_DriverIRQHandler</a> from startup_mimxrt1052.o(.text) referenced from startup_mimxrt1052.o(.text)
 <LI><a href="#[64]">FLEXIO1_IRQHandler</a> from startup_mimxrt1052.o(.text) referenced from startup_mimxrt1052.o(RESET)
 <LI><a href="#[d7]">FLEXIO2_DriverIRQHandler</a> from startup_mimxrt1052.o(.text) referenced from startup_mimxrt1052.o(.text)
 <LI><a href="#[65]">FLEXIO2_IRQHandler</a> from startup_mimxrt1052.o(.text) referenced from startup_mimxrt1052.o(RESET)
 <LI><a href="#[30]">FLEXRAM_IRQHandler</a> from startup_mimxrt1052.o(.text) referenced from startup_mimxrt1052.o(RESET)
 <LI><a href="#[d8]">FLEXSPI_DriverIRQHandler</a> from startup_mimxrt1052.o(.text) referenced from startup_mimxrt1052.o(.text)
 <LI><a href="#[76]">FLEXSPI_IRQHandler</a> from startup_mimxrt1052.o(.text) referenced from startup_mimxrt1052.o(RESET)
 <LI><a href="#[6b]">GPC_IRQHandler</a> from startup_mimxrt1052.o(.text) referenced from startup_mimxrt1052.o(RESET)
 <LI><a href="#[5a]">GPIO1_Combined_0_15_IRQHandler</a> from startup_mimxrt1052.o(.text) referenced from startup_mimxrt1052.o(RESET)
 <LI><a href="#[5b]">GPIO1_Combined_16_31_IRQHandler</a> from startup_mimxrt1052.o(.text) referenced from startup_mimxrt1052.o(RESET)
 <LI><a href="#[52]">GPIO1_INT0_IRQHandler</a> from startup_mimxrt1052.o(.text) referenced from startup_mimxrt1052.o(RESET)
 <LI><a href="#[53]">GPIO1_INT1_IRQHandler</a> from startup_mimxrt1052.o(.text) referenced from startup_mimxrt1052.o(RESET)
 <LI><a href="#[54]">GPIO1_INT2_IRQHandler</a> from startup_mimxrt1052.o(.text) referenced from startup_mimxrt1052.o(RESET)
 <LI><a href="#[55]">GPIO1_INT3_IRQHandler</a> from startup_mimxrt1052.o(.text) referenced from startup_mimxrt1052.o(RESET)
 <LI><a href="#[56]">GPIO1_INT4_IRQHandler</a> from startup_mimxrt1052.o(.text) referenced from startup_mimxrt1052.o(RESET)
 <LI><a href="#[57]">GPIO1_INT5_IRQHandler</a> from startup_mimxrt1052.o(.text) referenced from startup_mimxrt1052.o(RESET)
 <LI><a href="#[58]">GPIO1_INT6_IRQHandler</a> from startup_mimxrt1052.o(.text) referenced from startup_mimxrt1052.o(RESET)
 <LI><a href="#[59]">GPIO1_INT7_IRQHandler</a> from startup_mimxrt1052.o(.text) referenced from startup_mimxrt1052.o(RESET)
 <LI><a href="#[5c]">GPIO2_Combined_0_15_IRQHandler</a> from startup_mimxrt1052.o(.text) referenced from startup_mimxrt1052.o(RESET)
 <LI><a href="#[5d]">GPIO2_Combined_16_31_IRQHandler</a> from startup_mimxrt1052.o(.text) referenced from startup_mimxrt1052.o(RESET)
 <LI><a href="#[5e]">GPIO3_Combined_0_15_IRQHandler</a> from startup_mimxrt1052.o(.text) referenced from startup_mimxrt1052.o(RESET)
 <LI><a href="#[5f]">GPIO3_Combined_16_31_IRQHandler</a> from startup_mimxrt1052.o(.text) referenced from startup_mimxrt1052.o(RESET)
 <LI><a href="#[60]">GPIO4_Combined_0_15_IRQHandler</a> from startup_mimxrt1052.o(.text) referenced from startup_mimxrt1052.o(RESET)
 <LI><a href="#[61]">GPIO4_Combined_16_31_IRQHandler</a> from startup_mimxrt1052.o(.text) referenced from startup_mimxrt1052.o(RESET)
 <LI><a href="#[62]">GPIO5_Combined_0_15_IRQHandler</a> from startup_mimxrt1052.o(.text) referenced from startup_mimxrt1052.o(RESET)
 <LI><a href="#[63]">GPIO5_Combined_16_31_IRQHandler</a> from startup_mimxrt1052.o(.text) referenced from startup_mimxrt1052.o(RESET)
 <LI><a href="#[33]">GPR_IRQ_IRQHandler</a> from startup_mimxrt1052.o(.text) referenced from startup_mimxrt1052.o(RESET)
 <LI><a href="#[6e]">GPT1_IRQHandler</a> from startup_mimxrt1052.o(.text) referenced from startup_mimxrt1052.o(RESET)
 <LI><a href="#[6f]">GPT2_IRQHandler</a> from startup_mimxrt1052.o(.text) referenced from startup_mimxrt1052.o(RESET)
 <LI><a href="#[2]">HardFault_Handler</a> from startup_mimxrt1052.o(.text) referenced from startup_mimxrt1052.o(RESET)
 <LI><a href="#[31]">KPP_IRQHandler</a> from startup_mimxrt1052.o(.text) referenced from startup_mimxrt1052.o(RESET)
 <LI><a href="#[34]">LCDIF_IRQHandler</a> from startup_mimxrt1052.o(.text) referenced from startup_mimxrt1052.o(RESET)
 <LI><a href="#[c7]">LPI2C1_DriverIRQHandler</a> from startup_mimxrt1052.o(.text) referenced from startup_mimxrt1052.o(.text)
 <LI><a href="#[26]">LPI2C1_IRQHandler</a> from startup_mimxrt1052.o(.text) referenced from startup_mimxrt1052.o(RESET)
 <LI><a href="#[c8]">LPI2C2_DriverIRQHandler</a> from startup_mimxrt1052.o(.text) referenced from startup_mimxrt1052.o(.text)
 <LI><a href="#[27]">LPI2C2_IRQHandler</a> from startup_mimxrt1052.o(.text) referenced from startup_mimxrt1052.o(RESET)
 <LI><a href="#[c9]">LPI2C3_DriverIRQHandler</a> from startup_mimxrt1052.o(.text) referenced from startup_mimxrt1052.o(.text)
 <LI><a href="#[28]">LPI2C3_IRQHandler</a> from startup_mimxrt1052.o(.text) referenced from startup_mimxrt1052.o(RESET)
 <LI><a href="#[ca]">LPI2C4_DriverIRQHandler</a> from startup_mimxrt1052.o(.text) referenced from startup_mimxrt1052.o(.text)
 <LI><a href="#[29]">LPI2C4_IRQHandler</a> from startup_mimxrt1052.o(.text) referenced from startup_mimxrt1052.o(RESET)
 <LI><a href="#[cb]">LPSPI1_DriverIRQHandler</a> from startup_mimxrt1052.o(.text) referenced from startup_mimxrt1052.o(.text)
 <LI><a href="#[2a]">LPSPI1_IRQHandler</a> from startup_mimxrt1052.o(.text) referenced from startup_mimxrt1052.o(RESET)
 <LI><a href="#[cc]">LPSPI2_DriverIRQHandler</a> from startup_mimxrt1052.o(.text) referenced from startup_mimxrt1052.o(.text)
 <LI><a href="#[2b]">LPSPI2_IRQHandler</a> from startup_mimxrt1052.o(.text) referenced from startup_mimxrt1052.o(RESET)
 <LI><a href="#[cd]">LPSPI3_DriverIRQHandler</a> from startup_mimxrt1052.o(.text) referenced from startup_mimxrt1052.o(.text)
 <LI><a href="#[2c]">LPSPI3_IRQHandler</a> from startup_mimxrt1052.o(.text) referenced from startup_mimxrt1052.o(RESET)
 <LI><a href="#[ce]">LPSPI4_DriverIRQHandler</a> from startup_mimxrt1052.o(.text) referenced from startup_mimxrt1052.o(.text)
 <LI><a href="#[2d]">LPSPI4_IRQHandler</a> from startup_mimxrt1052.o(.text) referenced from startup_mimxrt1052.o(RESET)
 <LI><a href="#[bf]">LPUART1_DriverIRQHandler</a> from fsl_lpuart.o(i.LPUART1_DriverIRQHandler) referenced from startup_mimxrt1052.o(.text)
 <LI><a href="#[1e]">LPUART1_IRQHandler</a> from startup_mimxrt1052.o(.text) referenced from startup_mimxrt1052.o(RESET)
 <LI><a href="#[c0]">LPUART2_DriverIRQHandler</a> from fsl_lpuart.o(i.LPUART2_DriverIRQHandler) referenced from startup_mimxrt1052.o(.text)
 <LI><a href="#[1f]">LPUART2_IRQHandler</a> from startup_mimxrt1052.o(.text) referenced from startup_mimxrt1052.o(RESET)
 <LI><a href="#[c1]">LPUART3_DriverIRQHandler</a> from fsl_lpuart.o(i.LPUART3_DriverIRQHandler) referenced from startup_mimxrt1052.o(.text)
 <LI><a href="#[20]">LPUART3_IRQHandler</a> from startup_mimxrt1052.o(.text) referenced from startup_mimxrt1052.o(RESET)
 <LI><a href="#[c2]">LPUART4_DriverIRQHandler</a> from fsl_lpuart.o(i.LPUART4_DriverIRQHandler) referenced from startup_mimxrt1052.o(.text)
 <LI><a href="#[21]">LPUART4_IRQHandler</a> from startup_mimxrt1052.o(.text) referenced from startup_mimxrt1052.o(RESET)
 <LI><a href="#[c3]">LPUART5_DriverIRQHandler</a> from fsl_lpuart.o(i.LPUART5_DriverIRQHandler) referenced from startup_mimxrt1052.o(.text)
 <LI><a href="#[22]">LPUART5_IRQHandler</a> from startup_mimxrt1052.o(.text) referenced from startup_mimxrt1052.o(RESET)
 <LI><a href="#[c4]">LPUART6_DriverIRQHandler</a> from fsl_lpuart.o(i.LPUART6_DriverIRQHandler) referenced from startup_mimxrt1052.o(.text)
 <LI><a href="#[23]">LPUART6_IRQHandler</a> from startup_mimxrt1052.o(.text) referenced from startup_mimxrt1052.o(RESET)
 <LI><a href="#[c5]">LPUART7_DriverIRQHandler</a> from fsl_lpuart.o(i.LPUART7_DriverIRQHandler) referenced from startup_mimxrt1052.o(.text)
 <LI><a href="#[24]">LPUART7_IRQHandler</a> from startup_mimxrt1052.o(.text) referenced from startup_mimxrt1052.o(RESET)
 <LI><a href="#[c6]">LPUART8_DriverIRQHandler</a> from fsl_lpuart.o(i.LPUART8_DriverIRQHandler) referenced from startup_mimxrt1052.o(.text)
 <LI><a href="#[25]">LPUART8_IRQHandler</a> from startup_mimxrt1052.o(.text) referenced from startup_mimxrt1052.o(RESET)
 <LI><a href="#[3]">MemManage_Handler</a> from startup_mimxrt1052.o(.text) referenced from startup_mimxrt1052.o(RESET)
 <LI><a href="#[1]">NMI_Handler</a> from startup_mimxrt1052.o(.text) referenced from startup_mimxrt1052.o(RESET)
 <LI><a href="#[a9]">NMI_WAKEUP_IRQHandler</a> from startup_mimxrt1052.o(.text) referenced from startup_mimxrt1052.o(RESET)
 <LI><a href="#[84]">PIT_IRQHandler</a> from startup_mimxrt1052.o(.text) referenced from startup_mimxrt1052.o(RESET)
 <LI><a href="#[70]">PWM1_0_IRQHandler</a> from startup_mimxrt1052.o(.text) referenced from startup_mimxrt1052.o(RESET)
 <LI><a href="#[71]">PWM1_1_IRQHandler</a> from startup_mimxrt1052.o(.text) referenced from startup_mimxrt1052.o(RESET)
 <LI><a href="#[72]">PWM1_2_IRQHandler</a> from startup_mimxrt1052.o(.text) referenced from startup_mimxrt1052.o(RESET)
 <LI><a href="#[73]">PWM1_3_IRQHandler</a> from startup_mimxrt1052.o(.text) referenced from startup_mimxrt1052.o(RESET)
 <LI><a href="#[74]">PWM1_FAULT_IRQHandler</a> from startup_mimxrt1052.o(.text) referenced from startup_mimxrt1052.o(RESET)
 <LI><a href="#[93]">PWM2_0_IRQHandler</a> from startup_mimxrt1052.o(.text) referenced from startup_mimxrt1052.o(RESET)
 <LI><a href="#[94]">PWM2_1_IRQHandler</a> from startup_mimxrt1052.o(.text) referenced from startup_mimxrt1052.o(RESET)
 <LI><a href="#[95]">PWM2_2_IRQHandler</a> from startup_mimxrt1052.o(.text) referenced from startup_mimxrt1052.o(RESET)
 <LI><a href="#[96]">PWM2_3_IRQHandler</a> from startup_mimxrt1052.o(.text) referenced from startup_mimxrt1052.o(RESET)
 <LI><a href="#[97]">PWM2_FAULT_IRQHandler</a> from startup_mimxrt1052.o(.text) referenced from startup_mimxrt1052.o(RESET)
 <LI><a href="#[98]">PWM3_0_IRQHandler</a> from startup_mimxrt1052.o(.text) referenced from startup_mimxrt1052.o(RESET)
 <LI><a href="#[99]">PWM3_1_IRQHandler</a> from startup_mimxrt1052.o(.text) referenced from startup_mimxrt1052.o(RESET)
 <LI><a href="#[9a]">PWM3_2_IRQHandler</a> from startup_mimxrt1052.o(.text) referenced from startup_mimxrt1052.o(RESET)
 <LI><a href="#[9b]">PWM3_3_IRQHandler</a> from startup_mimxrt1052.o(.text) referenced from startup_mimxrt1052.o(RESET)
 <LI><a href="#[9c]">PWM3_FAULT_IRQHandler</a> from startup_mimxrt1052.o(.text) referenced from startup_mimxrt1052.o(RESET)
 <LI><a href="#[9d]">PWM4_0_IRQHandler</a> from startup_mimxrt1052.o(.text) referenced from startup_mimxrt1052.o(RESET)
 <LI><a href="#[9e]">PWM4_1_IRQHandler</a> from startup_mimxrt1052.o(.text) referenced from startup_mimxrt1052.o(RESET)
 <LI><a href="#[9f]">PWM4_2_IRQHandler</a> from startup_mimxrt1052.o(.text) referenced from startup_mimxrt1052.o(RESET)
 <LI><a href="#[a0]">PWM4_3_IRQHandler</a> from startup_mimxrt1052.o(.text) referenced from startup_mimxrt1052.o(RESET)
 <LI><a href="#[a1]">PWM4_FAULT_IRQHandler</a> from startup_mimxrt1052.o(.text) referenced from startup_mimxrt1052.o(RESET)
 <LI><a href="#[36]">PXP_IRQHandler</a> from startup_mimxrt1052.o(.text) referenced from startup_mimxrt1052.o(RESET)
 <LI><a href="#[8]">PendSV_Handler</a> from port.o(.emb_text) referenced from startup_mimxrt1052.o(RESET)
 <LI><a href="#[67]">RTWDOG_IRQHandler</a> from startup_mimxrt1052.o(.text) referenced from startup_mimxrt1052.o(RESET)
 <LI><a href="#[6d]">Reserved115_IRQHandler</a> from startup_mimxrt1052.o(.text) referenced from startup_mimxrt1052.o(RESET)
 <LI><a href="#[75]">Reserved123_IRQHandler</a> from startup_mimxrt1052.o(.text) referenced from startup_mimxrt1052.o(RESET)
 <LI><a href="#[89]">Reserved143_IRQHandler</a> from startup_mimxrt1052.o(.text) referenced from startup_mimxrt1052.o(RESET)
 <LI><a href="#[8a]">Reserved144_IRQHandler</a> from startup_mimxrt1052.o(.text) referenced from startup_mimxrt1052.o(RESET)
 <LI><a href="#[a2]">Reserved168_IRQHandler</a> from startup_mimxrt1052.o(.text) referenced from startup_mimxrt1052.o(RESET)
 <LI><a href="#[a3]">Reserved169_IRQHandler</a> from startup_mimxrt1052.o(.text) referenced from startup_mimxrt1052.o(RESET)
 <LI><a href="#[a4]">Reserved170_IRQHandler</a> from startup_mimxrt1052.o(.text) referenced from startup_mimxrt1052.o(RESET)
 <LI><a href="#[a5]">Reserved171_IRQHandler</a> from startup_mimxrt1052.o(.text) referenced from startup_mimxrt1052.o(RESET)
 <LI><a href="#[a6]">Reserved172_IRQHandler</a> from startup_mimxrt1052.o(.text) referenced from startup_mimxrt1052.o(RESET)
 <LI><a href="#[a7]">Reserved173_IRQHandler</a> from startup_mimxrt1052.o(.text) referenced from startup_mimxrt1052.o(RESET)
 <LI><a href="#[3e]">Reserved68_IRQHandler</a> from startup_mimxrt1052.o(.text) referenced from startup_mimxrt1052.o(RESET)
 <LI><a href="#[50]">Reserved86_IRQHandler</a> from startup_mimxrt1052.o(.text) referenced from startup_mimxrt1052.o(RESET)
 <LI><a href="#[51]">Reserved87_IRQHandler</a> from startup_mimxrt1052.o(.text) referenced from startup_mimxrt1052.o(RESET)
 <LI><a href="#[0]">Reset_Handler</a> from startup_mimxrt1052.o(.text) referenced from startup_mimxrt1052.o(RESET)
 <LI><a href="#[d1]">SAI1_DriverIRQHandler</a> from startup_mimxrt1052.o(.text) referenced from startup_mimxrt1052.o(.text)
 <LI><a href="#[42]">SAI1_IRQHandler</a> from startup_mimxrt1052.o(.text) referenced from startup_mimxrt1052.o(RESET)
 <LI><a href="#[d2]">SAI2_DriverIRQHandler</a> from startup_mimxrt1052.o(.text) referenced from startup_mimxrt1052.o(.text)
 <LI><a href="#[43]">SAI2_IRQHandler</a> from startup_mimxrt1052.o(.text) referenced from startup_mimxrt1052.o(RESET)
 <LI><a href="#[d3]">SAI3_RX_DriverIRQHandler</a> from startup_mimxrt1052.o(.text) referenced from startup_mimxrt1052.o(.text)
 <LI><a href="#[44]">SAI3_RX_IRQHandler</a> from startup_mimxrt1052.o(.text) referenced from startup_mimxrt1052.o(RESET)
 <LI><a href="#[d4]">SAI3_TX_DriverIRQHandler</a> from startup_mimxrt1052.o(.text) referenced from startup_mimxrt1052.o(.text)
 <LI><a href="#[45]">SAI3_TX_IRQHandler</a> from startup_mimxrt1052.o(.text) referenced from startup_mimxrt1052.o(RESET)
 <LI><a href="#[77]">SEMC_IRQHandler</a> from startup_mimxrt1052.o(.text) referenced from startup_mimxrt1052.o(RESET)
 <LI><a href="#[a8]">SJC_ARM_DEBUG_IRQHandler</a> from startup_mimxrt1052.o(.text) referenced from startup_mimxrt1052.o(RESET)
 <LI><a href="#[40]">SJC_IRQHandler</a> from startup_mimxrt1052.o(.text) referenced from startup_mimxrt1052.o(RESET)
 <LI><a href="#[38]">SNVS_HP_WRAPPER_IRQHandler</a> from startup_mimxrt1052.o(.text) referenced from startup_mimxrt1052.o(RESET)
 <LI><a href="#[39]">SNVS_HP_WRAPPER_TZ_IRQHandler</a> from startup_mimxrt1052.o(.text) referenced from startup_mimxrt1052.o(RESET)
 <LI><a href="#[3a]">SNVS_LP_WRAPPER_IRQHandler</a> from startup_mimxrt1052.o(.text) referenced from startup_mimxrt1052.o(RESET)
 <LI><a href="#[d5]">SPDIF_DriverIRQHandler</a> from startup_mimxrt1052.o(.text) referenced from startup_mimxrt1052.o(.text)
 <LI><a href="#[46]">SPDIF_IRQHandler</a> from startup_mimxrt1052.o(.text) referenced from startup_mimxrt1052.o(RESET)
 <LI><a href="#[6c]">SRC_IRQHandler</a> from startup_mimxrt1052.o(.text) referenced from startup_mimxrt1052.o(RESET)
 <LI><a href="#[6]">SVC_Handler</a> from port.o(.emb_text) referenced from startup_mimxrt1052.o(RESET)
 <LI><a href="#[9]">SysTick_Handler</a> from port.o(i.SysTick_Handler) referenced from startup_mimxrt1052.o(RESET)
 <LI><a href="#[ac]">SystemInit</a> from system_mimxrt1052.o(i.SystemInit) referenced from startup_mimxrt1052.o(.text)
 <LI><a href="#[8f]">TMR1_IRQHandler</a> from startup_mimxrt1052.o(.text) referenced from startup_mimxrt1052.o(RESET)
 <LI><a href="#[90]">TMR2_IRQHandler</a> from startup_mimxrt1052.o(.text) referenced from startup_mimxrt1052.o(RESET)
 <LI><a href="#[91]">TMR3_IRQHandler</a> from startup_mimxrt1052.o(.text) referenced from startup_mimxrt1052.o(RESET)
 <LI><a href="#[92]">TMR4_IRQHandler</a> from startup_mimxrt1052.o(.text) referenced from startup_mimxrt1052.o(RESET)
 <LI><a href="#[3f]">TRNG_IRQHandler</a> from startup_mimxrt1052.o(.text) referenced from startup_mimxrt1052.o(RESET)
 <LI><a href="#[32]">TSC_DIG_IRQHandler</a> from startup_mimxrt1052.o(.text) referenced from startup_mimxrt1052.o(RESET)
 <LI><a href="#[7b]">USB_OTG1_IRQHandler</a> from startup_mimxrt1052.o(.text) referenced from startup_mimxrt1052.o(RESET)
 <LI><a href="#[7a]">USB_OTG2_IRQHandler</a> from startup_mimxrt1052.o(.text) referenced from startup_mimxrt1052.o(RESET)
 <LI><a href="#[4b]">USB_PHY1_IRQHandler</a> from startup_mimxrt1052.o(.text) referenced from startup_mimxrt1052.o(RESET)
 <LI><a href="#[4c]">USB_PHY2_IRQHandler</a> from startup_mimxrt1052.o(.text) referenced from startup_mimxrt1052.o(RESET)
 <LI><a href="#[d9]">USDHC1_DriverIRQHandler</a> from startup_mimxrt1052.o(.text) referenced from startup_mimxrt1052.o(.text)
 <LI><a href="#[78]">USDHC1_IRQHandler</a> from startup_mimxrt1052.o(.text) referenced from startup_mimxrt1052.o(RESET)
 <LI><a href="#[da]">USDHC2_DriverIRQHandler</a> from startup_mimxrt1052.o(.text) referenced from startup_mimxrt1052.o(.text)
 <LI><a href="#[79]">USDHC2_IRQHandler</a> from startup_mimxrt1052.o(.text) referenced from startup_mimxrt1052.o(RESET)
 <LI><a href="#[5]">UsageFault_Handler</a> from startup_mimxrt1052.o(.text) referenced from startup_mimxrt1052.o(RESET)
 <LI><a href="#[66]">WDOG1_IRQHandler</a> from startup_mimxrt1052.o(.text) referenced from startup_mimxrt1052.o(RESET)
 <LI><a href="#[37]">WDOG2_IRQHandler</a> from startup_mimxrt1052.o(.text) referenced from startup_mimxrt1052.o(RESET)
 <LI><a href="#[7e]">XBAR1_IRQ_0_1_IRQHandler</a> from startup_mimxrt1052.o(.text) referenced from startup_mimxrt1052.o(RESET)
 <LI><a href="#[7f]">XBAR1_IRQ_2_3_IRQHandler</a> from startup_mimxrt1052.o(.text) referenced from startup_mimxrt1052.o(RESET)
 <LI><a href="#[ad]">__main</a> from entry.o(.ARM.Collect$$$$00000000) referenced from startup_mimxrt1052.o(.text)
 <LI><a href="#[eb]">accept_function</a> from api_msg.o(i.accept_function) referenced from api_msg.o(i.lwip_netconn_do_listen)
 <LI><a href="#[e1]">cyclic_timer</a> from timeouts.o(i.cyclic_timer) referenced from timeouts.o(i.cyclic_timer)
 <LI><a href="#[e1]">cyclic_timer</a> from timeouts.o(i.cyclic_timer) referenced from timeouts.o(i.sys_timeouts_init)
 <LI><a href="#[105]">dhcp_coarse_tmr</a> from dhcp.o(i.dhcp_coarse_tmr) referenced from timeouts.o(.constdata)
 <LI><a href="#[106]">dhcp_fine_tmr</a> from dhcp.o(i.dhcp_fine_tmr) referenced from timeouts.o(.constdata)
 <LI><a href="#[e2]">dhcp_recv</a> from dhcp.o(i.dhcp_recv) referenced from dhcp.o(i.dhcp_inc_pcb_refcount)
 <LI><a href="#[ea]">err_tcp</a> from api_msg.o(i.err_tcp) referenced from api_msg.o(i.lwip_netconn_do_close_internal)
 <LI><a href="#[ea]">err_tcp</a> from api_msg.o(i.err_tcp) referenced from api_msg.o(i.setup_tcp)
 <LI><a href="#[e3]">etharp_output</a> from etharp.o(i.etharp_output) referenced from ethernetif.o(i.ethernetif_init)
 <LI><a href="#[104]">etharp_tmr</a> from etharp.o(i.etharp_tmr) referenced from timeouts.o(.constdata)
 <LI><a href="#[fe]">ethernet_input</a> from ethernet.o(i.ethernet_input) referenced from tcpip.o(i.tcpip_input)
 <LI><a href="#[f8]">ethernetif0_init</a> from ethernetif.o(i.ethernetif0_init) referenced from lwip_app.o(i.stack_init)
 <LI><a href="#[ff]">ip4_input</a> from ip4.o(i.ip4_input) referenced from tcpip.o(i.tcpip_input)
 <LI><a href="#[103]">ip_reass_tmr</a> from ip4_frag.o(i.ip_reass_tmr) referenced from timeouts.o(.constdata)
 <LI><a href="#[e7]">ipfrag_free_pbuf_custom</a> from ip4_frag.o(i.ipfrag_free_pbuf_custom) referenced from ip4_frag.o(i.ip4_frag)
 <LI><a href="#[e4]">low_level_output</a> from ethernetif.o(i.low_level_output) referenced from ethernetif.o(i.ethernetif_init)
 <LI><a href="#[ec]">lwip_netconn_do_accepted</a> from api_msg.o(i.lwip_netconn_do_accepted) referenced from api_lib.o(i.netconn_accept)
 <LI><a href="#[ed]">lwip_netconn_do_bind</a> from api_msg.o(i.lwip_netconn_do_bind) referenced from api_lib.o(i.netconn_bind)
 <LI><a href="#[ee]">lwip_netconn_do_close</a> from api_msg.o(i.lwip_netconn_do_close) referenced from api_lib.o(i.netconn_close_shutdown)
 <LI><a href="#[ef]">lwip_netconn_do_delconn</a> from api_msg.o(i.lwip_netconn_do_delconn) referenced from api_lib.o(i.netconn_delete)
 <LI><a href="#[f0]">lwip_netconn_do_listen</a> from api_msg.o(i.lwip_netconn_do_listen) referenced from api_lib.o(i.netconn_listen_with_backlog)
 <LI><a href="#[f1]">lwip_netconn_do_newconn</a> from api_msg.o(i.lwip_netconn_do_newconn) referenced from api_lib.o(i.netconn_new_with_proto_and_callback)
 <LI><a href="#[f2]">lwip_netconn_do_recv</a> from api_msg.o(i.lwip_netconn_do_recv) referenced from api_lib.o(i.netconn_recv_data)
 <LI><a href="#[f3]">lwip_netconn_do_write</a> from api_msg.o(i.lwip_netconn_do_write) referenced from api_lib.o(i.netconn_write_partly)
 <LI><a href="#[ab]">main</a> from main.o(i.main) referenced from entry9a.o(.ARM.Collect$$$$0000000B)
 <LI><a href="#[e9]">poll_tcp</a> from api_msg.o(i.poll_tcp) referenced from api_msg.o(i.lwip_netconn_do_close_internal)
 <LI><a href="#[e9]">poll_tcp</a> from api_msg.o(i.poll_tcp) referenced from api_msg.o(i.setup_tcp)
 <LI><a href="#[100]">prvIdleTask</a> from tasks.o(i.prvIdleTask) referenced from tasks.o(i.vTaskStartScheduler)
 <LI><a href="#[f5]">prvTaskExitError</a> from port.o(i.prvTaskExitError) referenced from port.o(i.pxPortInitialiseStack)
 <LI><a href="#[101]">prvTimerTask</a> from timers.o(i.prvTimerTask) referenced from timers.o(i.xTimerCreateTimerTask)
 <LI><a href="#[f6]">recv_tcp</a> from api_msg.o(i.recv_tcp) referenced from api_msg.o(i.setup_tcp)
 <LI><a href="#[f4]">recv_udp</a> from api_msg.o(i.recv_udp) referenced from api_msg.o(i.pcb_new)
 <LI><a href="#[e8]">sent_tcp</a> from api_msg.o(i.sent_tcp) referenced from api_msg.o(i.lwip_netconn_do_close_internal)
 <LI><a href="#[e8]">sent_tcp</a> from api_msg.o(i.sent_tcp) referenced from api_msg.o(i.setup_tcp)
 <LI><a href="#[e6]">stack_init</a> from lwip_app.o(i.stack_init) referenced from freertos.o(i.freeRtosInit)
 <LI><a href="#[fa]">tcp_accept_null</a> from tcp.o(i.tcp_accept_null) referenced from tcp.o(i.tcp_listen_with_backlog_and_err)
 <LI><a href="#[f9]">tcp_recv_null</a> from tcp.o(i.tcp_recv_null) referenced from tcp.o(i.tcp_alloc)
 <LI><a href="#[102]">tcp_tmr</a> from tcp.o(i.tcp_tmr) referenced from timeouts.o(.constdata)
 <LI><a href="#[fc]">tcpecho_thread</a> from lwip_app.o(i.tcpecho_thread) referenced from lwip_app.o(i.tcpecho_init)
 <LI><a href="#[f7]">tcpip_input</a> from tcpip.o(i.tcpip_input) referenced from lwip_app.o(i.stack_init)
 <LI><a href="#[fb]">tcpip_tcp_timer</a> from timeouts.o(i.tcpip_tcp_timer) referenced from timeouts.o(i.tcp_timer_needed)
 <LI><a href="#[fb]">tcpip_tcp_timer</a> from timeouts.o(i.tcpip_tcp_timer) referenced from timeouts.o(i.tcpip_tcp_timer)
 <LI><a href="#[fd]">tcpip_thread</a> from tcpip.o(i.tcpip_thread) referenced from tcpip.o(i.tcpip_init)
 <LI><a href="#[e5]">vTaskCode2</a> from freertos.o(i.vTaskCode2) referenced from freertos.o(i.freeRtosInit)
</UL>
<P>
<H3>
Global Symbols
</H3>
<P><STRONG><a name="[ad]"></a>__main</STRONG> (Thumb, 0 bytes, Stack size unknown bytes, entry.o(.ARM.Collect$$$$00000000))
<BR>[Address Reference Count : 1]<UL><LI> startup_mimxrt1052.o(.text)
</UL>
<P><STRONG><a name="[2b2]"></a>_main_stk</STRONG> (Thumb, 0 bytes, Stack size unknown bytes, entry4.o(.ARM.Collect$$$$00000003))

<P><STRONG><a name="[107]"></a>_main_scatterload</STRONG> (Thumb, 0 bytes, Stack size unknown bytes, entry5.o(.ARM.Collect$$$$00000004))
<BR><BR>[Calls]<UL><LI><a href="#[108]">&gt;&gt;</a>&nbsp;&nbsp;&nbsp;__scatterload
</UL>

<P><STRONG><a name="[115]"></a>__main_after_scatterload</STRONG> (Thumb, 0 bytes, Stack size unknown bytes, entry5.o(.ARM.Collect$$$$00000004))
<BR><BR>[Called By]<UL><LI><a href="#[108]">&gt;&gt;</a>&nbsp;&nbsp;&nbsp;__scatterload
</UL>

<P><STRONG><a name="[2b3]"></a>_main_clock</STRONG> (Thumb, 0 bytes, Stack size unknown bytes, entry7b.o(.ARM.Collect$$$$00000008))

<P><STRONG><a name="[2b4]"></a>_main_cpp_init</STRONG> (Thumb, 0 bytes, Stack size unknown bytes, entry8b.o(.ARM.Collect$$$$0000000A))

<P><STRONG><a name="[2b5]"></a>_main_init</STRONG> (Thumb, 0 bytes, Stack size unknown bytes, entry9a.o(.ARM.Collect$$$$0000000B))

<P><STRONG><a name="[2b6]"></a>__rt_final_cpp</STRONG> (Thumb, 0 bytes, Stack size unknown bytes, entry10a.o(.ARM.Collect$$$$0000000D))

<P><STRONG><a name="[2b7]"></a>__rt_final_exit</STRONG> (Thumb, 0 bytes, Stack size unknown bytes, entry11a.o(.ARM.Collect$$$$0000000F))

<P><STRONG><a name="[6]"></a>SVC_Handler</STRONG> (Thumb, 28 bytes, Stack size 0 bytes, port.o(.emb_text))
<BR>[Address Reference Count : 1]<UL><LI> startup_mimxrt1052.o(RESET)
</UL>
<P><STRONG><a name="[2ab]"></a>__asm___6_port_c_39a90d8d__prvStartFirstTask</STRONG> (Thumb, 36 bytes, Stack size 0 bytes, port.o(.emb_text))
<BR><BR>[Called By]<UL><LI><a href="#[2a8]">&gt;&gt;</a>&nbsp;&nbsp;&nbsp;xPortStartScheduler
</UL>

<P><STRONG><a name="[2aa]"></a>__asm___6_port_c_39a90d8d__prvEnableVFP</STRONG> (Thumb, 16 bytes, Stack size 0 bytes, port.o(.emb_text))
<BR><BR>[Called By]<UL><LI><a href="#[2a8]">&gt;&gt;</a>&nbsp;&nbsp;&nbsp;xPortStartScheduler
</UL>

<P><STRONG><a name="[8]"></a>PendSV_Handler</STRONG> (Thumb, 88 bytes, Stack size 0 bytes, port.o(.emb_text))
<BR><BR>[Calls]<UL><LI><a href="#[109]">&gt;&gt;</a>&nbsp;&nbsp;&nbsp;vTaskSwitchContext
</UL>
<BR>[Address Reference Count : 1]<UL><LI> startup_mimxrt1052.o(RESET)
</UL>
<P><STRONG><a name="[2a1]"></a>vPortGetIPSR</STRONG> (Thumb, 6 bytes, Stack size 0 bytes, port.o(.emb_text))
<BR><BR>[Called By]<UL><LI><a href="#[2a0]">&gt;&gt;</a>&nbsp;&nbsp;&nbsp;vPortValidateInterruptPriority
</UL>

<P><STRONG><a name="[0]"></a>Reset_Handler</STRONG> (Thumb, 24 bytes, Stack size 0 bytes, startup_mimxrt1052.o(.text))
<BR>[Address Reference Count : 1]<UL><LI> startup_mimxrt1052.o(RESET)
</UL>
<P><STRONG><a name="[1]"></a>NMI_Handler</STRONG> (Thumb, 2 bytes, Stack size 0 bytes, startup_mimxrt1052.o(.text))
<BR><BR>[Calls]<UL><LI><a href="#[1]">&gt;&gt;</a>&nbsp;&nbsp;&nbsp;NMI_Handler
</UL>
<BR>[Called By]<UL><LI><a href="#[1]">&gt;&gt;</a>&nbsp;&nbsp;&nbsp;NMI_Handler
</UL>
<BR>[Address Reference Count : 1]<UL><LI> startup_mimxrt1052.o(RESET)
</UL>
<P><STRONG><a name="[2]"></a>HardFault_Handler</STRONG> (Thumb, 2 bytes, Stack size 0 bytes, startup_mimxrt1052.o(.text))
<BR><BR>[Calls]<UL><LI><a href="#[2]">&gt;&gt;</a>&nbsp;&nbsp;&nbsp;HardFault_Handler
</UL>
<BR>[Called By]<UL><LI><a href="#[2]">&gt;&gt;</a>&nbsp;&nbsp;&nbsp;HardFault_Handler
</UL>
<BR>[Address Reference Count : 1]<UL><LI> startup_mimxrt1052.o(RESET)
</UL>
<P><STRONG><a name="[3]"></a>MemManage_Handler</STRONG> (Thumb, 2 bytes, Stack size 0 bytes, startup_mimxrt1052.o(.text))
<BR><BR>[Calls]<UL><LI><a href="#[3]">&gt;&gt;</a>&nbsp;&nbsp;&nbsp;MemManage_Handler
</UL>
<BR>[Called By]<UL><LI><a href="#[3]">&gt;&gt;</a>&nbsp;&nbsp;&nbsp;MemManage_Handler
</UL>
<BR>[Address Reference Count : 1]<UL><LI> startup_mimxrt1052.o(RESET)
</UL>
<P><STRONG><a name="[4]"></a>BusFault_Handler</STRONG> (Thumb, 2 bytes, Stack size 0 bytes, startup_mimxrt1052.o(.text))
<BR><BR>[Calls]<UL><LI><a href="#[4]">&gt;&gt;</a>&nbsp;&nbsp;&nbsp;BusFault_Handler
</UL>
<BR>[Called By]<UL><LI><a href="#[4]">&gt;&gt;</a>&nbsp;&nbsp;&nbsp;BusFault_Handler
</UL>
<BR>[Address Reference Count : 1]<UL><LI> startup_mimxrt1052.o(RESET)
</UL>
<P><STRONG><a name="[5]"></a>UsageFault_Handler</STRONG> (Thumb, 2 bytes, Stack size 0 bytes, startup_mimxrt1052.o(.text))
<BR><BR>[Calls]<UL><LI><a href="#[5]">&gt;&gt;</a>&nbsp;&nbsp;&nbsp;UsageFault_Handler
</UL>
<BR>[Called By]<UL><LI><a href="#[5]">&gt;&gt;</a>&nbsp;&nbsp;&nbsp;UsageFault_Handler
</UL>
<BR>[Address Reference Count : 1]<UL><LI> startup_mimxrt1052.o(RESET)
</UL>
<P><STRONG><a name="[7]"></a>DebugMon_Handler</STRONG> (Thumb, 2 bytes, Stack size 0 bytes, startup_mimxrt1052.o(.text))
<BR><BR>[Calls]<UL><LI><a href="#[7]">&gt;&gt;</a>&nbsp;&nbsp;&nbsp;DebugMon_Handler
</UL>
<BR>[Called By]<UL><LI><a href="#[7]">&gt;&gt;</a>&nbsp;&nbsp;&nbsp;DebugMon_Handler
</UL>
<BR>[Address Reference Count : 1]<UL><LI> startup_mimxrt1052.o(RESET)
</UL>
<P><STRONG><a name="[a]"></a>DMA0_DMA16_IRQHandler</STRONG> (Thumb, 4 bytes, Stack size 0 bytes, startup_mimxrt1052.o(.text))
<BR>[Address Reference Count : 1]<UL><LI> startup_mimxrt1052.o(RESET)
</UL>
<P><STRONG><a name="[b]"></a>DMA1_DMA17_IRQHandler</STRONG> (Thumb, 4 bytes, Stack size 0 bytes, startup_mimxrt1052.o(.text))
<BR>[Address Reference Count : 1]<UL><LI> startup_mimxrt1052.o(RESET)
</UL>
<P><STRONG><a name="[c]"></a>DMA2_DMA18_IRQHandler</STRONG> (Thumb, 4 bytes, Stack size 0 bytes, startup_mimxrt1052.o(.text))
<BR>[Address Reference Count : 1]<UL><LI> startup_mimxrt1052.o(RESET)
</UL>
<P><STRONG><a name="[d]"></a>DMA3_DMA19_IRQHandler</STRONG> (Thumb, 4 bytes, Stack size 0 bytes, startup_mimxrt1052.o(.text))
<BR>[Address Reference Count : 1]<UL><LI> startup_mimxrt1052.o(RESET)
</UL>
<P><STRONG><a name="[e]"></a>DMA4_DMA20_IRQHandler</STRONG> (Thumb, 4 bytes, Stack size 0 bytes, startup_mimxrt1052.o(.text))
<BR>[Address Reference Count : 1]<UL><LI> startup_mimxrt1052.o(RESET)
</UL>
<P><STRONG><a name="[f]"></a>DMA5_DMA21_IRQHandler</STRONG> (Thumb, 4 bytes, Stack size 0 bytes, startup_mimxrt1052.o(.text))
<BR>[Address Reference Count : 1]<UL><LI> startup_mimxrt1052.o(RESET)
</UL>
<P><STRONG><a name="[10]"></a>DMA6_DMA22_IRQHandler</STRONG> (Thumb, 4 bytes, Stack size 0 bytes, startup_mimxrt1052.o(.text))
<BR>[Address Reference Count : 1]<UL><LI> startup_mimxrt1052.o(RESET)
</UL>
<P><STRONG><a name="[11]"></a>DMA7_DMA23_IRQHandler</STRONG> (Thumb, 4 bytes, Stack size 0 bytes, startup_mimxrt1052.o(.text))
<BR>[Address Reference Count : 1]<UL><LI> startup_mimxrt1052.o(RESET)
</UL>
<P><STRONG><a name="[12]"></a>DMA8_DMA24_IRQHandler</STRONG> (Thumb, 4 bytes, Stack size 0 bytes, startup_mimxrt1052.o(.text))
<BR>[Address Reference Count : 1]<UL><LI> startup_mimxrt1052.o(RESET)
</UL>
<P><STRONG><a name="[13]"></a>DMA9_DMA25_IRQHandler</STRONG> (Thumb, 4 bytes, Stack size 0 bytes, startup_mimxrt1052.o(.text))
<BR>[Address Reference Count : 1]<UL><LI> startup_mimxrt1052.o(RESET)
</UL>
<P><STRONG><a name="[14]"></a>DMA10_DMA26_IRQHandler</STRONG> (Thumb, 4 bytes, Stack size 0 bytes, startup_mimxrt1052.o(.text))
<BR>[Address Reference Count : 1]<UL><LI> startup_mimxrt1052.o(RESET)
</UL>
<P><STRONG><a name="[15]"></a>DMA11_DMA27_IRQHandler</STRONG> (Thumb, 4 bytes, Stack size 0 bytes, startup_mimxrt1052.o(.text))
<BR>[Address Reference Count : 1]<UL><LI> startup_mimxrt1052.o(RESET)
</UL>
<P><STRONG><a name="[16]"></a>DMA12_DMA28_IRQHandler</STRONG> (Thumb, 4 bytes, Stack size 0 bytes, startup_mimxrt1052.o(.text))
<BR>[Address Reference Count : 1]<UL><LI> startup_mimxrt1052.o(RESET)
</UL>
<P><STRONG><a name="[17]"></a>DMA13_DMA29_IRQHandler</STRONG> (Thumb, 4 bytes, Stack size 0 bytes, startup_mimxrt1052.o(.text))
<BR>[Address Reference Count : 1]<UL><LI> startup_mimxrt1052.o(RESET)
</UL>
<P><STRONG><a name="[18]"></a>DMA14_DMA30_IRQHandler</STRONG> (Thumb, 4 bytes, Stack size 0 bytes, startup_mimxrt1052.o(.text))
<BR>[Address Reference Count : 1]<UL><LI> startup_mimxrt1052.o(RESET)
</UL>
<P><STRONG><a name="[19]"></a>DMA15_DMA31_IRQHandler</STRONG> (Thumb, 4 bytes, Stack size 0 bytes, startup_mimxrt1052.o(.text))
<BR>[Address Reference Count : 1]<UL><LI> startup_mimxrt1052.o(RESET)
</UL>
<P><STRONG><a name="[1a]"></a>DMA_ERROR_IRQHandler</STRONG> (Thumb, 4 bytes, Stack size 0 bytes, startup_mimxrt1052.o(.text))
<BR>[Address Reference Count : 1]<UL><LI> startup_mimxrt1052.o(RESET)
</UL>
<P><STRONG><a name="[1e]"></a>LPUART1_IRQHandler</STRONG> (Thumb, 4 bytes, Stack size 0 bytes, startup_mimxrt1052.o(.text))
<BR>[Address Reference Count : 1]<UL><LI> startup_mimxrt1052.o(RESET)
</UL>
<P><STRONG><a name="[1f]"></a>LPUART2_IRQHandler</STRONG> (Thumb, 4 bytes, Stack size 0 bytes, startup_mimxrt1052.o(.text))
<BR>[Address Reference Count : 1]<UL><LI> startup_mimxrt1052.o(RESET)
</UL>
<P><STRONG><a name="[20]"></a>LPUART3_IRQHandler</STRONG> (Thumb, 4 bytes, Stack size 0 bytes, startup_mimxrt1052.o(.text))
<BR>[Address Reference Count : 1]<UL><LI> startup_mimxrt1052.o(RESET)
</UL>
<P><STRONG><a name="[21]"></a>LPUART4_IRQHandler</STRONG> (Thumb, 4 bytes, Stack size 0 bytes, startup_mimxrt1052.o(.text))
<BR>[Address Reference Count : 1]<UL><LI> startup_mimxrt1052.o(RESET)
</UL>
<P><STRONG><a name="[22]"></a>LPUART5_IRQHandler</STRONG> (Thumb, 4 bytes, Stack size 0 bytes, startup_mimxrt1052.o(.text))
<BR>[Address Reference Count : 1]<UL><LI> startup_mimxrt1052.o(RESET)
</UL>
<P><STRONG><a name="[23]"></a>LPUART6_IRQHandler</STRONG> (Thumb, 4 bytes, Stack size 0 bytes, startup_mimxrt1052.o(.text))
<BR>[Address Reference Count : 1]<UL><LI> startup_mimxrt1052.o(RESET)
</UL>
<P><STRONG><a name="[24]"></a>LPUART7_IRQHandler</STRONG> (Thumb, 4 bytes, Stack size 0 bytes, startup_mimxrt1052.o(.text))
<BR>[Address Reference Count : 1]<UL><LI> startup_mimxrt1052.o(RESET)
</UL>
<P><STRONG><a name="[25]"></a>LPUART8_IRQHandler</STRONG> (Thumb, 4 bytes, Stack size 0 bytes, startup_mimxrt1052.o(.text))
<BR>[Address Reference Count : 1]<UL><LI> startup_mimxrt1052.o(RESET)
</UL>
<P><STRONG><a name="[26]"></a>LPI2C1_IRQHandler</STRONG> (Thumb, 4 bytes, Stack size 0 bytes, startup_mimxrt1052.o(.text))
<BR>[Address Reference Count : 1]<UL><LI> startup_mimxrt1052.o(RESET)
</UL>
<P><STRONG><a name="[27]"></a>LPI2C2_IRQHandler</STRONG> (Thumb, 4 bytes, Stack size 0 bytes, startup_mimxrt1052.o(.text))
<BR>[Address Reference Count : 1]<UL><LI> startup_mimxrt1052.o(RESET)
</UL>
<P><STRONG><a name="[28]"></a>LPI2C3_IRQHandler</STRONG> (Thumb, 4 bytes, Stack size 0 bytes, startup_mimxrt1052.o(.text))
<BR>[Address Reference Count : 1]<UL><LI> startup_mimxrt1052.o(RESET)
</UL>
<P><STRONG><a name="[29]"></a>LPI2C4_IRQHandler</STRONG> (Thumb, 4 bytes, Stack size 0 bytes, startup_mimxrt1052.o(.text))
<BR>[Address Reference Count : 1]<UL><LI> startup_mimxrt1052.o(RESET)
</UL>
<P><STRONG><a name="[2a]"></a>LPSPI1_IRQHandler</STRONG> (Thumb, 4 bytes, Stack size 0 bytes, startup_mimxrt1052.o(.text))
<BR>[Address Reference Count : 1]<UL><LI> startup_mimxrt1052.o(RESET)
</UL>
<P><STRONG><a name="[2b]"></a>LPSPI2_IRQHandler</STRONG> (Thumb, 4 bytes, Stack size 0 bytes, startup_mimxrt1052.o(.text))
<BR>[Address Reference Count : 1]<UL><LI> startup_mimxrt1052.o(RESET)
</UL>
<P><STRONG><a name="[2c]"></a>LPSPI3_IRQHandler</STRONG> (Thumb, 4 bytes, Stack size 0 bytes, startup_mimxrt1052.o(.text))
<BR>[Address Reference Count : 1]<UL><LI> startup_mimxrt1052.o(RESET)
</UL>
<P><STRONG><a name="[2d]"></a>LPSPI4_IRQHandler</STRONG> (Thumb, 4 bytes, Stack size 0 bytes, startup_mimxrt1052.o(.text))
<BR>[Address Reference Count : 1]<UL><LI> startup_mimxrt1052.o(RESET)
</UL>
<P><STRONG><a name="[2e]"></a>CAN1_IRQHandler</STRONG> (Thumb, 4 bytes, Stack size 0 bytes, startup_mimxrt1052.o(.text))
<BR>[Address Reference Count : 1]<UL><LI> startup_mimxrt1052.o(RESET)
</UL>
<P><STRONG><a name="[2f]"></a>CAN2_IRQHandler</STRONG> (Thumb, 4 bytes, Stack size 0 bytes, startup_mimxrt1052.o(.text))
<BR>[Address Reference Count : 1]<UL><LI> startup_mimxrt1052.o(RESET)
</UL>
<P><STRONG><a name="[42]"></a>SAI1_IRQHandler</STRONG> (Thumb, 4 bytes, Stack size 0 bytes, startup_mimxrt1052.o(.text))
<BR>[Address Reference Count : 1]<UL><LI> startup_mimxrt1052.o(RESET)
</UL>
<P><STRONG><a name="[43]"></a>SAI2_IRQHandler</STRONG> (Thumb, 4 bytes, Stack size 0 bytes, startup_mimxrt1052.o(.text))
<BR>[Address Reference Count : 1]<UL><LI> startup_mimxrt1052.o(RESET)
</UL>
<P><STRONG><a name="[44]"></a>SAI3_RX_IRQHandler</STRONG> (Thumb, 4 bytes, Stack size 0 bytes, startup_mimxrt1052.o(.text))
<BR>[Address Reference Count : 1]<UL><LI> startup_mimxrt1052.o(RESET)
</UL>
<P><STRONG><a name="[45]"></a>SAI3_TX_IRQHandler</STRONG> (Thumb, 4 bytes, Stack size 0 bytes, startup_mimxrt1052.o(.text))
<BR>[Address Reference Count : 1]<UL><LI> startup_mimxrt1052.o(RESET)
</UL>
<P><STRONG><a name="[46]"></a>SPDIF_IRQHandler</STRONG> (Thumb, 4 bytes, Stack size 0 bytes, startup_mimxrt1052.o(.text))
<BR>[Address Reference Count : 1]<UL><LI> startup_mimxrt1052.o(RESET)
</UL>
<P><STRONG><a name="[64]"></a>FLEXIO1_IRQHandler</STRONG> (Thumb, 4 bytes, Stack size 0 bytes, startup_mimxrt1052.o(.text))
<BR>[Address Reference Count : 1]<UL><LI> startup_mimxrt1052.o(RESET)
</UL>
<P><STRONG><a name="[65]"></a>FLEXIO2_IRQHandler</STRONG> (Thumb, 4 bytes, Stack size 0 bytes, startup_mimxrt1052.o(.text))
<BR>[Address Reference Count : 1]<UL><LI> startup_mimxrt1052.o(RESET)
</UL>
<P><STRONG><a name="[76]"></a>FLEXSPI_IRQHandler</STRONG> (Thumb, 4 bytes, Stack size 0 bytes, startup_mimxrt1052.o(.text))
<BR>[Address Reference Count : 1]<UL><LI> startup_mimxrt1052.o(RESET)
</UL>
<P><STRONG><a name="[78]"></a>USDHC1_IRQHandler</STRONG> (Thumb, 4 bytes, Stack size 0 bytes, startup_mimxrt1052.o(.text))
<BR>[Address Reference Count : 1]<UL><LI> startup_mimxrt1052.o(RESET)
</UL>
<P><STRONG><a name="[79]"></a>USDHC2_IRQHandler</STRONG> (Thumb, 4 bytes, Stack size 0 bytes, startup_mimxrt1052.o(.text))
<BR>[Address Reference Count : 1]<UL><LI> startup_mimxrt1052.o(RESET)
</UL>
<P><STRONG><a name="[7c]"></a>ENET_IRQHandler</STRONG> (Thumb, 4 bytes, Stack size 0 bytes, startup_mimxrt1052.o(.text))
<BR>[Address Reference Count : 1]<UL><LI> startup_mimxrt1052.o(RESET)
</UL>
<P><STRONG><a name="[85]"></a>ACMP1_IRQHandler</STRONG> (Thumb, 0 bytes, Stack size 0 bytes, startup_mimxrt1052.o(.text))
<BR>[Address Reference Count : 1]<UL><LI> startup_mimxrt1052.o(RESET)
</UL>
<P><STRONG><a name="[86]"></a>ACMP2_IRQHandler</STRONG> (Thumb, 0 bytes, Stack size 0 bytes, startup_mimxrt1052.o(.text))
<BR>[Address Reference Count : 1]<UL><LI> startup_mimxrt1052.o(RESET)
</UL>
<P><STRONG><a name="[87]"></a>ACMP3_IRQHandler</STRONG> (Thumb, 0 bytes, Stack size 0 bytes, startup_mimxrt1052.o(.text))
<BR>[Address Reference Count : 1]<UL><LI> startup_mimxrt1052.o(RESET)
</UL>
<P><STRONG><a name="[88]"></a>ACMP4_IRQHandler</STRONG> (Thumb, 0 bytes, Stack size 0 bytes, startup_mimxrt1052.o(.text))
<BR>[Address Reference Count : 1]<UL><LI> startup_mimxrt1052.o(RESET)
</UL>
<P><STRONG><a name="[4d]"></a>ADC1_IRQHandler</STRONG> (Thumb, 0 bytes, Stack size 0 bytes, startup_mimxrt1052.o(.text))
<BR>[Address Reference Count : 1]<UL><LI> startup_mimxrt1052.o(RESET)
</UL>
<P><STRONG><a name="[4e]"></a>ADC2_IRQHandler</STRONG> (Thumb, 0 bytes, Stack size 0 bytes, startup_mimxrt1052.o(.text))
<BR>[Address Reference Count : 1]<UL><LI> startup_mimxrt1052.o(RESET)
</UL>
<P><STRONG><a name="[83]"></a>ADC_ETC_ERROR_IRQ_IRQHandler</STRONG> (Thumb, 0 bytes, Stack size 0 bytes, startup_mimxrt1052.o(.text))
<BR>[Address Reference Count : 1]<UL><LI> startup_mimxrt1052.o(RESET)
</UL>
<P><STRONG><a name="[80]"></a>ADC_ETC_IRQ0_IRQHandler</STRONG> (Thumb, 0 bytes, Stack size 0 bytes, startup_mimxrt1052.o(.text))
<BR>[Address Reference Count : 1]<UL><LI> startup_mimxrt1052.o(RESET)
</UL>
<P><STRONG><a name="[81]"></a>ADC_ETC_IRQ1_IRQHandler</STRONG> (Thumb, 0 bytes, Stack size 0 bytes, startup_mimxrt1052.o(.text))
<BR>[Address Reference Count : 1]<UL><LI> startup_mimxrt1052.o(RESET)
</UL>
<P><STRONG><a name="[82]"></a>ADC_ETC_IRQ2_IRQHandler</STRONG> (Thumb, 0 bytes, Stack size 0 bytes, startup_mimxrt1052.o(.text))
<BR>[Address Reference Count : 1]<UL><LI> startup_mimxrt1052.o(RESET)
</UL>
<P><STRONG><a name="[47]"></a>ANATOP_EVENT0_IRQHandler</STRONG> (Thumb, 0 bytes, Stack size 0 bytes, startup_mimxrt1052.o(.text))
<BR>[Address Reference Count : 1]<UL><LI> startup_mimxrt1052.o(RESET)
</UL>
<P><STRONG><a name="[48]"></a>ANATOP_EVENT1_IRQHandler</STRONG> (Thumb, 0 bytes, Stack size 0 bytes, startup_mimxrt1052.o(.text))
<BR>[Address Reference Count : 1]<UL><LI> startup_mimxrt1052.o(RESET)
</UL>
<P><STRONG><a name="[49]"></a>ANATOP_TAMP_LOW_HIGH_IRQHandler</STRONG> (Thumb, 0 bytes, Stack size 0 bytes, startup_mimxrt1052.o(.text))
<BR>[Address Reference Count : 1]<UL><LI> startup_mimxrt1052.o(RESET)
</UL>
<P><STRONG><a name="[4a]"></a>ANATOP_TEMP_PANIC_IRQHandler</STRONG> (Thumb, 0 bytes, Stack size 0 bytes, startup_mimxrt1052.o(.text))
<BR>[Address Reference Count : 1]<UL><LI> startup_mimxrt1052.o(RESET)
</UL>
<P><STRONG><a name="[41]"></a>BEE_IRQHandler</STRONG> (Thumb, 0 bytes, Stack size 0 bytes, startup_mimxrt1052.o(.text))
<BR>[Address Reference Count : 1]<UL><LI> startup_mimxrt1052.o(RESET)
</UL>
<P><STRONG><a name="[cf]"></a>CAN1_DriverIRQHandler</STRONG> (Thumb, 0 bytes, Stack size 0 bytes, startup_mimxrt1052.o(.text))
<BR>[Address Reference Count : 1]<UL><LI> startup_mimxrt1052.o(.text)
</UL>
<P><STRONG><a name="[d0]"></a>CAN2_DriverIRQHandler</STRONG> (Thumb, 0 bytes, Stack size 0 bytes, startup_mimxrt1052.o(.text))
<BR>[Address Reference Count : 1]<UL><LI> startup_mimxrt1052.o(.text)
</UL>
<P><STRONG><a name="[69]"></a>CCM_1_IRQHandler</STRONG> (Thumb, 0 bytes, Stack size 0 bytes, startup_mimxrt1052.o(.text))
<BR>[Address Reference Count : 1]<UL><LI> startup_mimxrt1052.o(RESET)
</UL>
<P><STRONG><a name="[6a]"></a>CCM_2_IRQHandler</STRONG> (Thumb, 0 bytes, Stack size 0 bytes, startup_mimxrt1052.o(.text))
<BR>[Address Reference Count : 1]<UL><LI> startup_mimxrt1052.o(RESET)
</UL>
<P><STRONG><a name="[1d]"></a>CORE_IRQHandler</STRONG> (Thumb, 0 bytes, Stack size 0 bytes, startup_mimxrt1052.o(.text))
<BR>[Address Reference Count : 1]<UL><LI> startup_mimxrt1052.o(RESET)
</UL>
<P><STRONG><a name="[35]"></a>CSI_IRQHandler</STRONG> (Thumb, 0 bytes, Stack size 0 bytes, startup_mimxrt1052.o(.text))
<BR>[Address Reference Count : 1]<UL><LI> startup_mimxrt1052.o(RESET)
</UL>
<P><STRONG><a name="[3b]"></a>CSU_IRQHandler</STRONG> (Thumb, 0 bytes, Stack size 0 bytes, startup_mimxrt1052.o(.text))
<BR>[Address Reference Count : 1]<UL><LI> startup_mimxrt1052.o(RESET)
</UL>
<P><STRONG><a name="[1b]"></a>CTI0_ERROR_IRQHandler</STRONG> (Thumb, 0 bytes, Stack size 0 bytes, startup_mimxrt1052.o(.text))
<BR>[Address Reference Count : 1]<UL><LI> startup_mimxrt1052.o(RESET)
</UL>
<P><STRONG><a name="[1c]"></a>CTI1_ERROR_IRQHandler</STRONG> (Thumb, 0 bytes, Stack size 0 bytes, startup_mimxrt1052.o(.text))
<BR>[Address Reference Count : 1]<UL><LI> startup_mimxrt1052.o(RESET)
</UL>
<P><STRONG><a name="[4f]"></a>DCDC_IRQHandler</STRONG> (Thumb, 0 bytes, Stack size 0 bytes, startup_mimxrt1052.o(.text))
<BR>[Address Reference Count : 1]<UL><LI> startup_mimxrt1052.o(RESET)
</UL>
<P><STRONG><a name="[3c]"></a>DCP_IRQHandler</STRONG> (Thumb, 0 bytes, Stack size 0 bytes, startup_mimxrt1052.o(.text))
<BR>[Address Reference Count : 1]<UL><LI> startup_mimxrt1052.o(RESET)
</UL>
<P><STRONG><a name="[3d]"></a>DCP_VMI_IRQHandler</STRONG> (Thumb, 0 bytes, Stack size 0 bytes, startup_mimxrt1052.o(.text))
<BR>[Address Reference Count : 1]<UL><LI> startup_mimxrt1052.o(RESET)
</UL>
<P><STRONG><a name="[ae]"></a>DMA0_DMA16_DriverIRQHandler</STRONG> (Thumb, 0 bytes, Stack size 0 bytes, startup_mimxrt1052.o(.text))
<BR>[Address Reference Count : 1]<UL><LI> startup_mimxrt1052.o(.text)
</UL>
<P><STRONG><a name="[b8]"></a>DMA10_DMA26_DriverIRQHandler</STRONG> (Thumb, 0 bytes, Stack size 0 bytes, startup_mimxrt1052.o(.text))
<BR>[Address Reference Count : 1]<UL><LI> startup_mimxrt1052.o(.text)
</UL>
<P><STRONG><a name="[b9]"></a>DMA11_DMA27_DriverIRQHandler</STRONG> (Thumb, 0 bytes, Stack size 0 bytes, startup_mimxrt1052.o(.text))
<BR>[Address Reference Count : 1]<UL><LI> startup_mimxrt1052.o(.text)
</UL>
<P><STRONG><a name="[ba]"></a>DMA12_DMA28_DriverIRQHandler</STRONG> (Thumb, 0 bytes, Stack size 0 bytes, startup_mimxrt1052.o(.text))
<BR>[Address Reference Count : 1]<UL><LI> startup_mimxrt1052.o(.text)
</UL>
<P><STRONG><a name="[bb]"></a>DMA13_DMA29_DriverIRQHandler</STRONG> (Thumb, 0 bytes, Stack size 0 bytes, startup_mimxrt1052.o(.text))
<BR>[Address Reference Count : 1]<UL><LI> startup_mimxrt1052.o(.text)
</UL>
<P><STRONG><a name="[bc]"></a>DMA14_DMA30_DriverIRQHandler</STRONG> (Thumb, 0 bytes, Stack size 0 bytes, startup_mimxrt1052.o(.text))
<BR>[Address Reference Count : 1]<UL><LI> startup_mimxrt1052.o(.text)
</UL>
<P><STRONG><a name="[bd]"></a>DMA15_DMA31_DriverIRQHandler</STRONG> (Thumb, 0 bytes, Stack size 0 bytes, startup_mimxrt1052.o(.text))
<BR>[Address Reference Count : 1]<UL><LI> startup_mimxrt1052.o(.text)
</UL>
<P><STRONG><a name="[af]"></a>DMA1_DMA17_DriverIRQHandler</STRONG> (Thumb, 0 bytes, Stack size 0 bytes, startup_mimxrt1052.o(.text))
<BR>[Address Reference Count : 1]<UL><LI> startup_mimxrt1052.o(.text)
</UL>
<P><STRONG><a name="[b0]"></a>DMA2_DMA18_DriverIRQHandler</STRONG> (Thumb, 0 bytes, Stack size 0 bytes, startup_mimxrt1052.o(.text))
<BR>[Address Reference Count : 1]<UL><LI> startup_mimxrt1052.o(.text)
</UL>
<P><STRONG><a name="[b1]"></a>DMA3_DMA19_DriverIRQHandler</STRONG> (Thumb, 0 bytes, Stack size 0 bytes, startup_mimxrt1052.o(.text))
<BR>[Address Reference Count : 1]<UL><LI> startup_mimxrt1052.o(.text)
</UL>
<P><STRONG><a name="[b2]"></a>DMA4_DMA20_DriverIRQHandler</STRONG> (Thumb, 0 bytes, Stack size 0 bytes, startup_mimxrt1052.o(.text))
<BR>[Address Reference Count : 1]<UL><LI> startup_mimxrt1052.o(.text)
</UL>
<P><STRONG><a name="[b3]"></a>DMA5_DMA21_DriverIRQHandler</STRONG> (Thumb, 0 bytes, Stack size 0 bytes, startup_mimxrt1052.o(.text))
<BR>[Address Reference Count : 1]<UL><LI> startup_mimxrt1052.o(.text)
</UL>
<P><STRONG><a name="[b4]"></a>DMA6_DMA22_DriverIRQHandler</STRONG> (Thumb, 0 bytes, Stack size 0 bytes, startup_mimxrt1052.o(.text))
<BR>[Address Reference Count : 1]<UL><LI> startup_mimxrt1052.o(.text)
</UL>
<P><STRONG><a name="[b5]"></a>DMA7_DMA23_DriverIRQHandler</STRONG> (Thumb, 0 bytes, Stack size 0 bytes, startup_mimxrt1052.o(.text))
<BR>[Address Reference Count : 1]<UL><LI> startup_mimxrt1052.o(.text)
</UL>
<P><STRONG><a name="[b6]"></a>DMA8_DMA24_DriverIRQHandler</STRONG> (Thumb, 0 bytes, Stack size 0 bytes, startup_mimxrt1052.o(.text))
<BR>[Address Reference Count : 1]<UL><LI> startup_mimxrt1052.o(.text)
</UL>
<P><STRONG><a name="[b7]"></a>DMA9_DMA25_DriverIRQHandler</STRONG> (Thumb, 0 bytes, Stack size 0 bytes, startup_mimxrt1052.o(.text))
<BR>[Address Reference Count : 1]<UL><LI> startup_mimxrt1052.o(.text)
</UL>
<P><STRONG><a name="[be]"></a>DMA_ERROR_DriverIRQHandler</STRONG> (Thumb, 0 bytes, Stack size 0 bytes, startup_mimxrt1052.o(.text))
<BR>[Address Reference Count : 1]<UL><LI> startup_mimxrt1052.o(.text)
</UL>
<P><STRONG><a name="[aa]"></a>DefaultISR</STRONG> (Thumb, 0 bytes, Stack size 0 bytes, startup_mimxrt1052.o(.text))
<BR>[Address Reference Count : 2]<UL><LI> startup_mimxrt1052.o(.text)
<LI> startup_mimxrt1052.o(RESET)
</UL>
<P><STRONG><a name="[8b]"></a>ENC1_IRQHandler</STRONG> (Thumb, 0 bytes, Stack size 0 bytes, startup_mimxrt1052.o(.text))
<BR>[Address Reference Count : 1]<UL><LI> startup_mimxrt1052.o(RESET)
</UL>
<P><STRONG><a name="[8c]"></a>ENC2_IRQHandler</STRONG> (Thumb, 0 bytes, Stack size 0 bytes, startup_mimxrt1052.o(.text))
<BR>[Address Reference Count : 1]<UL><LI> startup_mimxrt1052.o(RESET)
</UL>
<P><STRONG><a name="[8d]"></a>ENC3_IRQHandler</STRONG> (Thumb, 0 bytes, Stack size 0 bytes, startup_mimxrt1052.o(.text))
<BR>[Address Reference Count : 1]<UL><LI> startup_mimxrt1052.o(RESET)
</UL>
<P><STRONG><a name="[8e]"></a>ENC4_IRQHandler</STRONG> (Thumb, 0 bytes, Stack size 0 bytes, startup_mimxrt1052.o(.text))
<BR>[Address Reference Count : 1]<UL><LI> startup_mimxrt1052.o(RESET)
</UL>
<P><STRONG><a name="[dc]"></a>ENET_1588_Timer_DriverIRQHandler</STRONG> (Thumb, 0 bytes, Stack size 0 bytes, startup_mimxrt1052.o(.text))
<BR>[Address Reference Count : 1]<UL><LI> startup_mimxrt1052.o(.text)
</UL>
<P><STRONG><a name="[68]"></a>EWM_IRQHandler</STRONG> (Thumb, 0 bytes, Stack size 0 bytes, startup_mimxrt1052.o(.text))
<BR>[Address Reference Count : 1]<UL><LI> startup_mimxrt1052.o(RESET)
</UL>
<P><STRONG><a name="[d6]"></a>FLEXIO1_DriverIRQHandler</STRONG> (Thumb, 0 bytes, Stack size 0 bytes, startup_mimxrt1052.o(.text))
<BR>[Address Reference Count : 1]<UL><LI> startup_mimxrt1052.o(.text)
</UL>
<P><STRONG><a name="[d7]"></a>FLEXIO2_DriverIRQHandler</STRONG> (Thumb, 0 bytes, Stack size 0 bytes, startup_mimxrt1052.o(.text))
<BR>[Address Reference Count : 1]<UL><LI> startup_mimxrt1052.o(.text)
</UL>
<P><STRONG><a name="[30]"></a>FLEXRAM_IRQHandler</STRONG> (Thumb, 0 bytes, Stack size 0 bytes, startup_mimxrt1052.o(.text))
<BR>[Address Reference Count : 1]<UL><LI> startup_mimxrt1052.o(RESET)
</UL>
<P><STRONG><a name="[d8]"></a>FLEXSPI_DriverIRQHandler</STRONG> (Thumb, 0 bytes, Stack size 0 bytes, startup_mimxrt1052.o(.text))
<BR>[Address Reference Count : 1]<UL><LI> startup_mimxrt1052.o(.text)
</UL>
<P><STRONG><a name="[6b]"></a>GPC_IRQHandler</STRONG> (Thumb, 0 bytes, Stack size 0 bytes, startup_mimxrt1052.o(.text))
<BR>[Address Reference Count : 1]<UL><LI> startup_mimxrt1052.o(RESET)
</UL>
<P><STRONG><a name="[5a]"></a>GPIO1_Combined_0_15_IRQHandler</STRONG> (Thumb, 0 bytes, Stack size 0 bytes, startup_mimxrt1052.o(.text))
<BR>[Address Reference Count : 1]<UL><LI> startup_mimxrt1052.o(RESET)
</UL>
<P><STRONG><a name="[5b]"></a>GPIO1_Combined_16_31_IRQHandler</STRONG> (Thumb, 0 bytes, Stack size 0 bytes, startup_mimxrt1052.o(.text))
<BR>[Address Reference Count : 1]<UL><LI> startup_mimxrt1052.o(RESET)
</UL>
<P><STRONG><a name="[52]"></a>GPIO1_INT0_IRQHandler</STRONG> (Thumb, 0 bytes, Stack size 0 bytes, startup_mimxrt1052.o(.text))
<BR>[Address Reference Count : 1]<UL><LI> startup_mimxrt1052.o(RESET)
</UL>
<P><STRONG><a name="[53]"></a>GPIO1_INT1_IRQHandler</STRONG> (Thumb, 0 bytes, Stack size 0 bytes, startup_mimxrt1052.o(.text))
<BR>[Address Reference Count : 1]<UL><LI> startup_mimxrt1052.o(RESET)
</UL>
<P><STRONG><a name="[54]"></a>GPIO1_INT2_IRQHandler</STRONG> (Thumb, 0 bytes, Stack size 0 bytes, startup_mimxrt1052.o(.text))
<BR>[Address Reference Count : 1]<UL><LI> startup_mimxrt1052.o(RESET)
</UL>
<P><STRONG><a name="[55]"></a>GPIO1_INT3_IRQHandler</STRONG> (Thumb, 0 bytes, Stack size 0 bytes, startup_mimxrt1052.o(.text))
<BR>[Address Reference Count : 1]<UL><LI> startup_mimxrt1052.o(RESET)
</UL>
<P><STRONG><a name="[56]"></a>GPIO1_INT4_IRQHandler</STRONG> (Thumb, 0 bytes, Stack size 0 bytes, startup_mimxrt1052.o(.text))
<BR>[Address Reference Count : 1]<UL><LI> startup_mimxrt1052.o(RESET)
</UL>
<P><STRONG><a name="[57]"></a>GPIO1_INT5_IRQHandler</STRONG> (Thumb, 0 bytes, Stack size 0 bytes, startup_mimxrt1052.o(.text))
<BR>[Address Reference Count : 1]<UL><LI> startup_mimxrt1052.o(RESET)
</UL>
<P><STRONG><a name="[58]"></a>GPIO1_INT6_IRQHandler</STRONG> (Thumb, 0 bytes, Stack size 0 bytes, startup_mimxrt1052.o(.text))
<BR>[Address Reference Count : 1]<UL><LI> startup_mimxrt1052.o(RESET)
</UL>
<P><STRONG><a name="[59]"></a>GPIO1_INT7_IRQHandler</STRONG> (Thumb, 0 bytes, Stack size 0 bytes, startup_mimxrt1052.o(.text))
<BR>[Address Reference Count : 1]<UL><LI> startup_mimxrt1052.o(RESET)
</UL>
<P><STRONG><a name="[5c]"></a>GPIO2_Combined_0_15_IRQHandler</STRONG> (Thumb, 0 bytes, Stack size 0 bytes, startup_mimxrt1052.o(.text))
<BR>[Address Reference Count : 1]<UL><LI> startup_mimxrt1052.o(RESET)
</UL>
<P><STRONG><a name="[5d]"></a>GPIO2_Combined_16_31_IRQHandler</STRONG> (Thumb, 0 bytes, Stack size 0 bytes, startup_mimxrt1052.o(.text))
<BR>[Address Reference Count : 1]<UL><LI> startup_mimxrt1052.o(RESET)
</UL>
<P><STRONG><a name="[5e]"></a>GPIO3_Combined_0_15_IRQHandler</STRONG> (Thumb, 0 bytes, Stack size 0 bytes, startup_mimxrt1052.o(.text))
<BR>[Address Reference Count : 1]<UL><LI> startup_mimxrt1052.o(RESET)
</UL>
<P><STRONG><a name="[5f]"></a>GPIO3_Combined_16_31_IRQHandler</STRONG> (Thumb, 0 bytes, Stack size 0 bytes, startup_mimxrt1052.o(.text))
<BR>[Address Reference Count : 1]<UL><LI> startup_mimxrt1052.o(RESET)
</UL>
<P><STRONG><a name="[60]"></a>GPIO4_Combined_0_15_IRQHandler</STRONG> (Thumb, 0 bytes, Stack size 0 bytes, startup_mimxrt1052.o(.text))
<BR>[Address Reference Count : 1]<UL><LI> startup_mimxrt1052.o(RESET)
</UL>
<P><STRONG><a name="[61]"></a>GPIO4_Combined_16_31_IRQHandler</STRONG> (Thumb, 0 bytes, Stack size 0 bytes, startup_mimxrt1052.o(.text))
<BR>[Address Reference Count : 1]<UL><LI> startup_mimxrt1052.o(RESET)
</UL>
<P><STRONG><a name="[62]"></a>GPIO5_Combined_0_15_IRQHandler</STRONG> (Thumb, 0 bytes, Stack size 0 bytes, startup_mimxrt1052.o(.text))
<BR>[Address Reference Count : 1]<UL><LI> startup_mimxrt1052.o(RESET)
</UL>
<P><STRONG><a name="[63]"></a>GPIO5_Combined_16_31_IRQHandler</STRONG> (Thumb, 0 bytes, Stack size 0 bytes, startup_mimxrt1052.o(.text))
<BR>[Address Reference Count : 1]<UL><LI> startup_mimxrt1052.o(RESET)
</UL>
<P><STRONG><a name="[33]"></a>GPR_IRQ_IRQHandler</STRONG> (Thumb, 0 bytes, Stack size 0 bytes, startup_mimxrt1052.o(.text))
<BR>[Address Reference Count : 1]<UL><LI> startup_mimxrt1052.o(RESET)
</UL>
<P><STRONG><a name="[6e]"></a>GPT1_IRQHandler</STRONG> (Thumb, 0 bytes, Stack size 0 bytes, startup_mimxrt1052.o(.text))
<BR>[Address Reference Count : 1]<UL><LI> startup_mimxrt1052.o(RESET)
</UL>
<P><STRONG><a name="[6f]"></a>GPT2_IRQHandler</STRONG> (Thumb, 0 bytes, Stack size 0 bytes, startup_mimxrt1052.o(.text))
<BR>[Address Reference Count : 1]<UL><LI> startup_mimxrt1052.o(RESET)
</UL>
<P><STRONG><a name="[31]"></a>KPP_IRQHandler</STRONG> (Thumb, 0 bytes, Stack size 0 bytes, startup_mimxrt1052.o(.text))
<BR>[Address Reference Count : 1]<UL><LI> startup_mimxrt1052.o(RESET)
</UL>
<P><STRONG><a name="[34]"></a>LCDIF_IRQHandler</STRONG> (Thumb, 0 bytes, Stack size 0 bytes, startup_mimxrt1052.o(.text))
<BR>[Address Reference Count : 1]<UL><LI> startup_mimxrt1052.o(RESET)
</UL>
<P><STRONG><a name="[c7]"></a>LPI2C1_DriverIRQHandler</STRONG> (Thumb, 0 bytes, Stack size 0 bytes, startup_mimxrt1052.o(.text))
<BR>[Address Reference Count : 1]<UL><LI> startup_mimxrt1052.o(.text)
</UL>
<P><STRONG><a name="[c8]"></a>LPI2C2_DriverIRQHandler</STRONG> (Thumb, 0 bytes, Stack size 0 bytes, startup_mimxrt1052.o(.text))
<BR>[Address Reference Count : 1]<UL><LI> startup_mimxrt1052.o(.text)
</UL>
<P><STRONG><a name="[c9]"></a>LPI2C3_DriverIRQHandler</STRONG> (Thumb, 0 bytes, Stack size 0 bytes, startup_mimxrt1052.o(.text))
<BR>[Address Reference Count : 1]<UL><LI> startup_mimxrt1052.o(.text)
</UL>
<P><STRONG><a name="[ca]"></a>LPI2C4_DriverIRQHandler</STRONG> (Thumb, 0 bytes, Stack size 0 bytes, startup_mimxrt1052.o(.text))
<BR>[Address Reference Count : 1]<UL><LI> startup_mimxrt1052.o(.text)
</UL>
<P><STRONG><a name="[cb]"></a>LPSPI1_DriverIRQHandler</STRONG> (Thumb, 0 bytes, Stack size 0 bytes, startup_mimxrt1052.o(.text))
<BR>[Address Reference Count : 1]<UL><LI> startup_mimxrt1052.o(.text)
</UL>
<P><STRONG><a name="[cc]"></a>LPSPI2_DriverIRQHandler</STRONG> (Thumb, 0 bytes, Stack size 0 bytes, startup_mimxrt1052.o(.text))
<BR>[Address Reference Count : 1]<UL><LI> startup_mimxrt1052.o(.text)
</UL>
<P><STRONG><a name="[cd]"></a>LPSPI3_DriverIRQHandler</STRONG> (Thumb, 0 bytes, Stack size 0 bytes, startup_mimxrt1052.o(.text))
<BR>[Address Reference Count : 1]<UL><LI> startup_mimxrt1052.o(.text)
</UL>
<P><STRONG><a name="[ce]"></a>LPSPI4_DriverIRQHandler</STRONG> (Thumb, 0 bytes, Stack size 0 bytes, startup_mimxrt1052.o(.text))
<BR>[Address Reference Count : 1]<UL><LI> startup_mimxrt1052.o(.text)
</UL>
<P><STRONG><a name="[a9]"></a>NMI_WAKEUP_IRQHandler</STRONG> (Thumb, 0 bytes, Stack size 0 bytes, startup_mimxrt1052.o(.text))
<BR>[Address Reference Count : 1]<UL><LI> startup_mimxrt1052.o(RESET)
</UL>
<P><STRONG><a name="[84]"></a>PIT_IRQHandler</STRONG> (Thumb, 0 bytes, Stack size 0 bytes, startup_mimxrt1052.o(.text))
<BR>[Address Reference Count : 1]<UL><LI> startup_mimxrt1052.o(RESET)
</UL>
<P><STRONG><a name="[70]"></a>PWM1_0_IRQHandler</STRONG> (Thumb, 0 bytes, Stack size 0 bytes, startup_mimxrt1052.o(.text))
<BR>[Address Reference Count : 1]<UL><LI> startup_mimxrt1052.o(RESET)
</UL>
<P><STRONG><a name="[71]"></a>PWM1_1_IRQHandler</STRONG> (Thumb, 0 bytes, Stack size 0 bytes, startup_mimxrt1052.o(.text))
<BR>[Address Reference Count : 1]<UL><LI> startup_mimxrt1052.o(RESET)
</UL>
<P><STRONG><a name="[72]"></a>PWM1_2_IRQHandler</STRONG> (Thumb, 0 bytes, Stack size 0 bytes, startup_mimxrt1052.o(.text))
<BR>[Address Reference Count : 1]<UL><LI> startup_mimxrt1052.o(RESET)
</UL>
<P><STRONG><a name="[73]"></a>PWM1_3_IRQHandler</STRONG> (Thumb, 0 bytes, Stack size 0 bytes, startup_mimxrt1052.o(.text))
<BR>[Address Reference Count : 1]<UL><LI> startup_mimxrt1052.o(RESET)
</UL>
<P><STRONG><a name="[74]"></a>PWM1_FAULT_IRQHandler</STRONG> (Thumb, 0 bytes, Stack size 0 bytes, startup_mimxrt1052.o(.text))
<BR>[Address Reference Count : 1]<UL><LI> startup_mimxrt1052.o(RESET)
</UL>
<P><STRONG><a name="[93]"></a>PWM2_0_IRQHandler</STRONG> (Thumb, 0 bytes, Stack size 0 bytes, startup_mimxrt1052.o(.text))
<BR>[Address Reference Count : 1]<UL><LI> startup_mimxrt1052.o(RESET)
</UL>
<P><STRONG><a name="[94]"></a>PWM2_1_IRQHandler</STRONG> (Thumb, 0 bytes, Stack size 0 bytes, startup_mimxrt1052.o(.text))
<BR>[Address Reference Count : 1]<UL><LI> startup_mimxrt1052.o(RESET)
</UL>
<P><STRONG><a name="[95]"></a>PWM2_2_IRQHandler</STRONG> (Thumb, 0 bytes, Stack size 0 bytes, startup_mimxrt1052.o(.text))
<BR>[Address Reference Count : 1]<UL><LI> startup_mimxrt1052.o(RESET)
</UL>
<P><STRONG><a name="[96]"></a>PWM2_3_IRQHandler</STRONG> (Thumb, 0 bytes, Stack size 0 bytes, startup_mimxrt1052.o(.text))
<BR>[Address Reference Count : 1]<UL><LI> startup_mimxrt1052.o(RESET)
</UL>
<P><STRONG><a name="[97]"></a>PWM2_FAULT_IRQHandler</STRONG> (Thumb, 0 bytes, Stack size 0 bytes, startup_mimxrt1052.o(.text))
<BR>[Address Reference Count : 1]<UL><LI> startup_mimxrt1052.o(RESET)
</UL>
<P><STRONG><a name="[98]"></a>PWM3_0_IRQHandler</STRONG> (Thumb, 0 bytes, Stack size 0 bytes, startup_mimxrt1052.o(.text))
<BR>[Address Reference Count : 1]<UL><LI> startup_mimxrt1052.o(RESET)
</UL>
<P><STRONG><a name="[99]"></a>PWM3_1_IRQHandler</STRONG> (Thumb, 0 bytes, Stack size 0 bytes, startup_mimxrt1052.o(.text))
<BR>[Address Reference Count : 1]<UL><LI> startup_mimxrt1052.o(RESET)
</UL>
<P><STRONG><a name="[9a]"></a>PWM3_2_IRQHandler</STRONG> (Thumb, 0 bytes, Stack size 0 bytes, startup_mimxrt1052.o(.text))
<BR>[Address Reference Count : 1]<UL><LI> startup_mimxrt1052.o(RESET)
</UL>
<P><STRONG><a name="[9b]"></a>PWM3_3_IRQHandler</STRONG> (Thumb, 0 bytes, Stack size 0 bytes, startup_mimxrt1052.o(.text))
<BR>[Address Reference Count : 1]<UL><LI> startup_mimxrt1052.o(RESET)
</UL>
<P><STRONG><a name="[9c]"></a>PWM3_FAULT_IRQHandler</STRONG> (Thumb, 0 bytes, Stack size 0 bytes, startup_mimxrt1052.o(.text))
<BR>[Address Reference Count : 1]<UL><LI> startup_mimxrt1052.o(RESET)
</UL>
<P><STRONG><a name="[9d]"></a>PWM4_0_IRQHandler</STRONG> (Thumb, 0 bytes, Stack size 0 bytes, startup_mimxrt1052.o(.text))
<BR>[Address Reference Count : 1]<UL><LI> startup_mimxrt1052.o(RESET)
</UL>
<P><STRONG><a name="[9e]"></a>PWM4_1_IRQHandler</STRONG> (Thumb, 0 bytes, Stack size 0 bytes, startup_mimxrt1052.o(.text))
<BR>[Address Reference Count : 1]<UL><LI> startup_mimxrt1052.o(RESET)
</UL>
<P><STRONG><a name="[9f]"></a>PWM4_2_IRQHandler</STRONG> (Thumb, 0 bytes, Stack size 0 bytes, startup_mimxrt1052.o(.text))
<BR>[Address Reference Count : 1]<UL><LI> startup_mimxrt1052.o(RESET)
</UL>
<P><STRONG><a name="[a0]"></a>PWM4_3_IRQHandler</STRONG> (Thumb, 0 bytes, Stack size 0 bytes, startup_mimxrt1052.o(.text))
<BR>[Address Reference Count : 1]<UL><LI> startup_mimxrt1052.o(RESET)
</UL>
<P><STRONG><a name="[a1]"></a>PWM4_FAULT_IRQHandler</STRONG> (Thumb, 0 bytes, Stack size 0 bytes, startup_mimxrt1052.o(.text))
<BR>[Address Reference Count : 1]<UL><LI> startup_mimxrt1052.o(RESET)
</UL>
<P><STRONG><a name="[36]"></a>PXP_IRQHandler</STRONG> (Thumb, 0 bytes, Stack size 0 bytes, startup_mimxrt1052.o(.text))
<BR>[Address Reference Count : 1]<UL><LI> startup_mimxrt1052.o(RESET)
</UL>
<P><STRONG><a name="[67]"></a>RTWDOG_IRQHandler</STRONG> (Thumb, 0 bytes, Stack size 0 bytes, startup_mimxrt1052.o(.text))
<BR>[Address Reference Count : 1]<UL><LI> startup_mimxrt1052.o(RESET)
</UL>
<P><STRONG><a name="[6d]"></a>Reserved115_IRQHandler</STRONG> (Thumb, 0 bytes, Stack size 0 bytes, startup_mimxrt1052.o(.text))
<BR>[Address Reference Count : 1]<UL><LI> startup_mimxrt1052.o(RESET)
</UL>
<P><STRONG><a name="[75]"></a>Reserved123_IRQHandler</STRONG> (Thumb, 0 bytes, Stack size 0 bytes, startup_mimxrt1052.o(.text))
<BR>[Address Reference Count : 1]<UL><LI> startup_mimxrt1052.o(RESET)
</UL>
<P><STRONG><a name="[89]"></a>Reserved143_IRQHandler</STRONG> (Thumb, 0 bytes, Stack size 0 bytes, startup_mimxrt1052.o(.text))
<BR>[Address Reference Count : 1]<UL><LI> startup_mimxrt1052.o(RESET)
</UL>
<P><STRONG><a name="[8a]"></a>Reserved144_IRQHandler</STRONG> (Thumb, 0 bytes, Stack size 0 bytes, startup_mimxrt1052.o(.text))
<BR>[Address Reference Count : 1]<UL><LI> startup_mimxrt1052.o(RESET)
</UL>
<P><STRONG><a name="[a2]"></a>Reserved168_IRQHandler</STRONG> (Thumb, 0 bytes, Stack size 0 bytes, startup_mimxrt1052.o(.text))
<BR>[Address Reference Count : 1]<UL><LI> startup_mimxrt1052.o(RESET)
</UL>
<P><STRONG><a name="[a3]"></a>Reserved169_IRQHandler</STRONG> (Thumb, 0 bytes, Stack size 0 bytes, startup_mimxrt1052.o(.text))
<BR>[Address Reference Count : 1]<UL><LI> startup_mimxrt1052.o(RESET)
</UL>
<P><STRONG><a name="[a4]"></a>Reserved170_IRQHandler</STRONG> (Thumb, 0 bytes, Stack size 0 bytes, startup_mimxrt1052.o(.text))
<BR>[Address Reference Count : 1]<UL><LI> startup_mimxrt1052.o(RESET)
</UL>
<P><STRONG><a name="[a5]"></a>Reserved171_IRQHandler</STRONG> (Thumb, 0 bytes, Stack size 0 bytes, startup_mimxrt1052.o(.text))
<BR>[Address Reference Count : 1]<UL><LI> startup_mimxrt1052.o(RESET)
</UL>
<P><STRONG><a name="[a6]"></a>Reserved172_IRQHandler</STRONG> (Thumb, 0 bytes, Stack size 0 bytes, startup_mimxrt1052.o(.text))
<BR>[Address Reference Count : 1]<UL><LI> startup_mimxrt1052.o(RESET)
</UL>
<P><STRONG><a name="[a7]"></a>Reserved173_IRQHandler</STRONG> (Thumb, 0 bytes, Stack size 0 bytes, startup_mimxrt1052.o(.text))
<BR>[Address Reference Count : 1]<UL><LI> startup_mimxrt1052.o(RESET)
</UL>
<P><STRONG><a name="[3e]"></a>Reserved68_IRQHandler</STRONG> (Thumb, 0 bytes, Stack size 0 bytes, startup_mimxrt1052.o(.text))
<BR>[Address Reference Count : 1]<UL><LI> startup_mimxrt1052.o(RESET)
</UL>
<P><STRONG><a name="[50]"></a>Reserved86_IRQHandler</STRONG> (Thumb, 0 bytes, Stack size 0 bytes, startup_mimxrt1052.o(.text))
<BR>[Address Reference Count : 1]<UL><LI> startup_mimxrt1052.o(RESET)
</UL>
<P><STRONG><a name="[51]"></a>Reserved87_IRQHandler</STRONG> (Thumb, 0 bytes, Stack size 0 bytes, startup_mimxrt1052.o(.text))
<BR>[Address Reference Count : 1]<UL><LI> startup_mimxrt1052.o(RESET)
</UL>
<P><STRONG><a name="[d1]"></a>SAI1_DriverIRQHandler</STRONG> (Thumb, 0 bytes, Stack size 0 bytes, startup_mimxrt1052.o(.text))
<BR>[Address Reference Count : 1]<UL><LI> startup_mimxrt1052.o(.text)
</UL>
<P><STRONG><a name="[d2]"></a>SAI2_DriverIRQHandler</STRONG> (Thumb, 0 bytes, Stack size 0 bytes, startup_mimxrt1052.o(.text))
<BR>[Address Reference Count : 1]<UL><LI> startup_mimxrt1052.o(.text)
</UL>
<P><STRONG><a name="[d3]"></a>SAI3_RX_DriverIRQHandler</STRONG> (Thumb, 0 bytes, Stack size 0 bytes, startup_mimxrt1052.o(.text))
<BR>[Address Reference Count : 1]<UL><LI> startup_mimxrt1052.o(.text)
</UL>
<P><STRONG><a name="[d4]"></a>SAI3_TX_DriverIRQHandler</STRONG> (Thumb, 0 bytes, Stack size 0 bytes, startup_mimxrt1052.o(.text))
<BR>[Address Reference Count : 1]<UL><LI> startup_mimxrt1052.o(.text)
</UL>
<P><STRONG><a name="[77]"></a>SEMC_IRQHandler</STRONG> (Thumb, 0 bytes, Stack size 0 bytes, startup_mimxrt1052.o(.text))
<BR>[Address Reference Count : 1]<UL><LI> startup_mimxrt1052.o(RESET)
</UL>
<P><STRONG><a name="[a8]"></a>SJC_ARM_DEBUG_IRQHandler</STRONG> (Thumb, 0 bytes, Stack size 0 bytes, startup_mimxrt1052.o(.text))
<BR>[Address Reference Count : 1]<UL><LI> startup_mimxrt1052.o(RESET)
</UL>
<P><STRONG><a name="[40]"></a>SJC_IRQHandler</STRONG> (Thumb, 0 bytes, Stack size 0 bytes, startup_mimxrt1052.o(.text))
<BR>[Address Reference Count : 1]<UL><LI> startup_mimxrt1052.o(RESET)
</UL>
<P><STRONG><a name="[38]"></a>SNVS_HP_WRAPPER_IRQHandler</STRONG> (Thumb, 0 bytes, Stack size 0 bytes, startup_mimxrt1052.o(.text))
<BR>[Address Reference Count : 1]<UL><LI> startup_mimxrt1052.o(RESET)
</UL>
<P><STRONG><a name="[39]"></a>SNVS_HP_WRAPPER_TZ_IRQHandler</STRONG> (Thumb, 0 bytes, Stack size 0 bytes, startup_mimxrt1052.o(.text))
<BR>[Address Reference Count : 1]<UL><LI> startup_mimxrt1052.o(RESET)
</UL>
<P><STRONG><a name="[3a]"></a>SNVS_LP_WRAPPER_IRQHandler</STRONG> (Thumb, 0 bytes, Stack size 0 bytes, startup_mimxrt1052.o(.text))
<BR>[Address Reference Count : 1]<UL><LI> startup_mimxrt1052.o(RESET)
</UL>
<P><STRONG><a name="[d5]"></a>SPDIF_DriverIRQHandler</STRONG> (Thumb, 0 bytes, Stack size 0 bytes, startup_mimxrt1052.o(.text))
<BR>[Address Reference Count : 1]<UL><LI> startup_mimxrt1052.o(.text)
</UL>
<P><STRONG><a name="[6c]"></a>SRC_IRQHandler</STRONG> (Thumb, 0 bytes, Stack size 0 bytes, startup_mimxrt1052.o(.text))
<BR>[Address Reference Count : 1]<UL><LI> startup_mimxrt1052.o(RESET)
</UL>
<P><STRONG><a name="[8f]"></a>TMR1_IRQHandler</STRONG> (Thumb, 0 bytes, Stack size 0 bytes, startup_mimxrt1052.o(.text))
<BR>[Address Reference Count : 1]<UL><LI> startup_mimxrt1052.o(RESET)
</UL>
<P><STRONG><a name="[90]"></a>TMR2_IRQHandler</STRONG> (Thumb, 0 bytes, Stack size 0 bytes, startup_mimxrt1052.o(.text))
<BR>[Address Reference Count : 1]<UL><LI> startup_mimxrt1052.o(RESET)
</UL>
<P><STRONG><a name="[91]"></a>TMR3_IRQHandler</STRONG> (Thumb, 0 bytes, Stack size 0 bytes, startup_mimxrt1052.o(.text))
<BR>[Address Reference Count : 1]<UL><LI> startup_mimxrt1052.o(RESET)
</UL>
<P><STRONG><a name="[92]"></a>TMR4_IRQHandler</STRONG> (Thumb, 0 bytes, Stack size 0 bytes, startup_mimxrt1052.o(.text))
<BR>[Address Reference Count : 1]<UL><LI> startup_mimxrt1052.o(RESET)
</UL>
<P><STRONG><a name="[3f]"></a>TRNG_IRQHandler</STRONG> (Thumb, 0 bytes, Stack size 0 bytes, startup_mimxrt1052.o(.text))
<BR>[Address Reference Count : 1]<UL><LI> startup_mimxrt1052.o(RESET)
</UL>
<P><STRONG><a name="[32]"></a>TSC_DIG_IRQHandler</STRONG> (Thumb, 0 bytes, Stack size 0 bytes, startup_mimxrt1052.o(.text))
<BR>[Address Reference Count : 1]<UL><LI> startup_mimxrt1052.o(RESET)
</UL>
<P><STRONG><a name="[7b]"></a>USB_OTG1_IRQHandler</STRONG> (Thumb, 0 bytes, Stack size 0 bytes, startup_mimxrt1052.o(.text))
<BR>[Address Reference Count : 1]<UL><LI> startup_mimxrt1052.o(RESET)
</UL>
<P><STRONG><a name="[7a]"></a>USB_OTG2_IRQHandler</STRONG> (Thumb, 0 bytes, Stack size 0 bytes, startup_mimxrt1052.o(.text))
<BR>[Address Reference Count : 1]<UL><LI> startup_mimxrt1052.o(RESET)
</UL>
<P><STRONG><a name="[4b]"></a>USB_PHY1_IRQHandler</STRONG> (Thumb, 0 bytes, Stack size 0 bytes, startup_mimxrt1052.o(.text))
<BR>[Address Reference Count : 1]<UL><LI> startup_mimxrt1052.o(RESET)
</UL>
<P><STRONG><a name="[4c]"></a>USB_PHY2_IRQHandler</STRONG> (Thumb, 0 bytes, Stack size 0 bytes, startup_mimxrt1052.o(.text))
<BR>[Address Reference Count : 1]<UL><LI> startup_mimxrt1052.o(RESET)
</UL>
<P><STRONG><a name="[d9]"></a>USDHC1_DriverIRQHandler</STRONG> (Thumb, 0 bytes, Stack size 0 bytes, startup_mimxrt1052.o(.text))
<BR>[Address Reference Count : 1]<UL><LI> startup_mimxrt1052.o(.text)
</UL>
<P><STRONG><a name="[da]"></a>USDHC2_DriverIRQHandler</STRONG> (Thumb, 0 bytes, Stack size 0 bytes, startup_mimxrt1052.o(.text))
<BR>[Address Reference Count : 1]<UL><LI> startup_mimxrt1052.o(.text)
</UL>
<P><STRONG><a name="[66]"></a>WDOG1_IRQHandler</STRONG> (Thumb, 0 bytes, Stack size 0 bytes, startup_mimxrt1052.o(.text))
<BR>[Address Reference Count : 1]<UL><LI> startup_mimxrt1052.o(RESET)
</UL>
[...]
</UL>
<BR>[Calls]<UL><LI><a href="#[199]">&gt;&gt;</a>&nbsp;&nbsp;&nbsp;lwip_htonl
<LI><a href="#[1a0]">&gt;&gt;</a>&nbsp;&nbsp;&nbsp;pbuf_realloc
<LI><a href="#[18f]">&gt;&gt;</a>&nbsp;&nbsp;&nbsp;dhcp_set_state
<LI><a href="#[19f]">&gt;&gt;</a>&nbsp;&nbsp;&nbsp;dhcp_option_trailer
<LI><a href="#[1a4]">&gt;&gt;</a>&nbsp;&nbsp;&nbsp;dhcp_option_short
<LI><a href="#[19e]">&gt;&gt;</a>&nbsp;&nbsp;&nbsp;dhcp_option_long
<LI><a href="#[19b]">&gt;&gt;</a>&nbsp;&nbsp;&nbsp;dhcp_option_byte
<LI><a href="#[19a]">&gt;&gt;</a>&nbsp;&nbsp;&nbsp;dhcp_option
<LI><a href="#[1a2]">&gt;&gt;</a>&nbsp;&nbsp;&nbsp;dhcp_delete_msg
<LI><a href="#[197]">&gt;&gt;</a>&nbsp;&nbsp;&nbsp;dhcp_create_msg
<LI><a href="#[1b6]">&gt;&gt;</a>&nbsp;&nbsp;&nbsp;udp_sendto_if
</UL>
<BR>[Called By]<UL><LI><a href="#[1a5]">&gt;&gt;</a>&nbsp;&nbsp;&nbsp;dhcp_timeout
</UL>

<P><STRONG><a name="[e2]"></a>dhcp_recv</STRONG> (Thumb, 356 bytes, Stack size 40 bytes, dhcp.o(i.dhcp_recv))
<BR><BR>[Stack]<UL><LI>Max Depth = 1280<LI>Call Chain = dhcp_recv &rArr; dhcp_bind &rArr; netif_set_addr &rArr; netif_set_ipaddr &rArr; tcp_netif_ip_addr_changed &rArr; tcp_netif_ip_addr_changed_pcblist &rArr; tcp_abort &rArr; tcp_abandon &rArr; tcp_pcb_remove &rArr; tcp_output &rArr; tcp_output_segment &rArr; ip4_output_if &rArr; ip4_output_if_src &rArr; ip4_frag &rArr; pbuf_alloc &rArr; pbuf_free &rArr; memp_free &rArr; do_memp_free_pool &rArr; sys_assert &rArr; DbgConsole_Printf &rArr; StrFormatPrintf &rArr; ConvertFloatRadixNumToString &rArr; __hardfp_pow &rArr; sqrt
</UL>
<BR>[Calls]<UL><LI><a href="#[18c]">&gt;&gt;</a>&nbsp;&nbsp;&nbsp;sys_assert
<LI><a href="#[1a3]">&gt;&gt;</a>&nbsp;&nbsp;&nbsp;pbuf_free
<LI><a href="#[199]">&gt;&gt;</a>&nbsp;&nbsp;&nbsp;lwip_htonl
<LI><a href="#[1b3]">&gt;&gt;</a>&nbsp;&nbsp;&nbsp;dhcp_parse_reply
<LI><a href="#[1a8]">&gt;&gt;</a>&nbsp;&nbsp;&nbsp;dhcp_handle_offer
<LI><a href="#[1a7]">&gt;&gt;</a>&nbsp;&nbsp;&nbsp;dhcp_handle_nak
<LI><a href="#[1a6]">&gt;&gt;</a>&nbsp;&nbsp;&nbsp;dhcp_handle_ack
<LI><a href="#[191]">&gt;&gt;</a>&nbsp;&nbsp;&nbsp;dhcp_check
<LI><a href="#[18e]">&gt;&gt;</a>&nbsp;&nbsp;&nbsp;dhcp_bind
</UL>
<BR>[Address Reference Count : 1]<UL><LI> dhcp.o(i.dhcp_inc_pcb_refcount)
</UL>
<P><STRONG><a name="[1a9]"></a>dhcp_select</STRONG> (Thumb, 258 bytes, Stack size 40 bytes, dhcp.o(i.dhcp_select))
<BR><BR>[Stack]<UL><LI>Max Depth = 1016<LI>Call Chain = dhcp_select &rArr; udp_sendto_if_src &rArr; ip4_output_if_src &rArr; ip4_frag &rArr; pbuf_alloc &rArr; pbuf_free &rArr; memp_free &rArr; do_memp_free_pool &rArr; sys_assert &rArr; DbgConsole_Printf &rArr; StrFormatPrintf &rArr; ConvertFloatRadixNumToString &rArr; __hardfp_pow &rArr; sqrt
</UL>
<BR>[Calls]<UL><LI><a href="#[199]">&gt;&gt;</a>&nbsp;&nbsp;&nbsp;lwip_htonl
<LI><a href="#[1a0]">&gt;&gt;</a>&nbsp;&nbsp;&nbsp;pbuf_realloc
<LI><a href="#[18f]">&gt;&gt;</a>&nbsp;&nbsp;&nbsp;dhcp_set_state
<LI><a href="#[19f]">&gt;&gt;</a>&nbsp;&nbsp;&nbsp;dhcp_option_trailer
<LI><a href="#[1a4]">&gt;&gt;</a>&nbsp;&nbsp;&nbsp;dhcp_option_short
<LI><a href="#[19e]">&gt;&gt;</a>&nbsp;&nbsp;&nbsp;dhcp_option_long
<LI><a href="#[19b]">&gt;&gt;</a>&nbsp;&nbsp;&nbsp;dhcp_option_byte
<LI><a href="#[19a]">&gt;&gt;</a>&nbsp;&nbsp;&nbsp;dhcp_option
<LI><a href="#[1a2]">&gt;&gt;</a>&nbsp;&nbsp;&nbsp;dhcp_delete_msg
<LI><a href="#[197]">&gt;&gt;</a>&nbsp;&nbsp;&nbsp;dhcp_create_msg
<LI><a href="#[1a1]">&gt;&gt;</a>&nbsp;&nbsp;&nbsp;udp_sendto_if_src
</UL>
<BR>[Called By]<UL><LI><a href="#[1a5]">&gt;&gt;</a>&nbsp;&nbsp;&nbsp;dhcp_timeout
<LI><a href="#[1a8]">&gt;&gt;</a>&nbsp;&nbsp;&nbsp;dhcp_handle_offer
</UL>

<P><STRONG><a name="[18f]"></a>dhcp_set_state</STRONG> (Thumb, 16 bytes, Stack size 0 bytes, dhcp.o(i.dhcp_set_state))
<BR><BR>[Called By]<UL><LI><a href="#[1bb]">&gt;&gt;</a>&nbsp;&nbsp;&nbsp;dhcp_stop
<LI><a href="#[1b9]">&gt;&gt;</a>&nbsp;&nbsp;&nbsp;dhcp_renew
<LI><a href="#[193]">&gt;&gt;</a>&nbsp;&nbsp;&nbsp;dhcp_release
<LI><a href="#[1a9]">&gt;&gt;</a>&nbsp;&nbsp;&nbsp;dhcp_select
<LI><a href="#[1b7]">&gt;&gt;</a>&nbsp;&nbsp;&nbsp;dhcp_reboot
<LI><a href="#[1b5]">&gt;&gt;</a>&nbsp;&nbsp;&nbsp;dhcp_rebind
<LI><a href="#[1a7]">&gt;&gt;</a>&nbsp;&nbsp;&nbsp;dhcp_handle_nak
<LI><a href="#[194]">&gt;&gt;</a>&nbsp;&nbsp;&nbsp;dhcp_discover
<LI><a href="#[18d]">&gt;&gt;</a>&nbsp;&nbsp;&nbsp;dhcp_decline
<LI><a href="#[191]">&gt;&gt;</a>&nbsp;&nbsp;&nbsp;dhcp_check
<LI><a href="#[18e]">&gt;&gt;</a>&nbsp;&nbsp;&nbsp;dhcp_bind
</UL>

<P><STRONG><a name="[196]"></a>dhcp_t1_timeout</STRONG> (Thumb, 74 bytes, Stack size 16 bytes, dhcp.o(i.dhcp_t1_timeout))
<BR><BR>[Stack]<UL><LI>Max Depth = 1064<LI>Call Chain = dhcp_t1_timeout &rArr; dhcp_renew &rArr; udp_sendto_if &rArr; udp_sendto_if_src &rArr; ip4_output_if_src &rArr; ip4_frag &rArr; pbuf_alloc &rArr; pbuf_free &rArr; memp_free &rArr; do_memp_free_pool &rArr; sys_assert &rArr; DbgConsole_Printf &rArr; StrFormatPrintf &rArr; ConvertFloatRadixNumToString &rArr; __hardfp_pow &rArr; sqrt
</UL>
<BR>[Calls]<UL><LI><a href="#[1b9]">&gt;&gt;</a>&nbsp;&nbsp;&nbsp;dhcp_renew
</UL>
<BR>[Called By]<UL><LI><a href="#[105]">&gt;&gt;</a>&nbsp;&nbsp;&nbsp;dhcp_coarse_tmr
</UL>

<P><STRONG><a name="[195]"></a>dhcp_t2_timeout</STRONG> (Thumb, 80 bytes, Stack size 16 bytes, dhcp.o(i.dhcp_t2_timeout))
<BR><BR>[Stack]<UL><LI>Max Depth = 1064<LI>Call Chain = dhcp_t2_timeout &rArr; dhcp_rebind &rArr; udp_sendto_if &rArr; udp_sendto_if_src &rArr; ip4_output_if_src &rArr; ip4_frag &rArr; pbuf_alloc &rArr; pbuf_free &rArr; memp_free &rArr; do_memp_free_pool &rArr; sys_assert &rArr; DbgConsole_Printf &rArr; StrFormatPrintf &rArr; ConvertFloatRadixNumToString &rArr; __hardfp_pow &rArr; sqrt
</UL>
<BR>[Calls]<UL><LI><a href="#[1b5]">&gt;&gt;</a>&nbsp;&nbsp;&nbsp;dhcp_rebind
</UL>
<BR>[Called By]<UL><LI><a href="#[105]">&gt;&gt;</a>&nbsp;&nbsp;&nbsp;dhcp_coarse_tmr
</UL>

<P><STRONG><a name="[1a5]"></a>dhcp_timeout</STRONG> (Thumb, 136 bytes, Stack size 16 bytes, dhcp.o(i.dhcp_timeout))
<BR><BR>[Stack]<UL><LI>Max Depth = 1264<LI>Call Chain = dhcp_timeout &rArr; dhcp_release &rArr; netif_set_addr &rArr; netif_set_ipaddr &rArr; tcp_netif_ip_addr_changed &rArr; tcp_netif_ip_addr_changed_pcblist &rArr; tcp_abort &rArr; tcp_abandon &rArr; tcp_pcb_remove &rArr; tcp_output &rArr; tcp_output_segment &rArr; ip4_output_if &rArr; ip4_output_if_src &rArr; ip4_frag &rArr; pbuf_alloc &rArr; pbuf_free &rArr; memp_free &rArr; do_memp_free_pool &rArr; sys_assert &rArr; DbgConsole_Printf &rArr; StrFormatPrintf &rArr; ConvertFloatRadixNumToString &rArr; __hardfp_pow &rArr; sqrt
</UL>
<BR>[Calls]<UL><LI><a href="#[193]">&gt;&gt;</a>&nbsp;&nbsp;&nbsp;dhcp_release
<LI><a href="#[1a9]">&gt;&gt;</a>&nbsp;&nbsp;&nbsp;dhcp_select
<LI><a href="#[1b7]">&gt;&gt;</a>&nbsp;&nbsp;&nbsp;dhcp_reboot
<LI><a href="#[194]">&gt;&gt;</a>&nbsp;&nbsp;&nbsp;dhcp_discover
<LI><a href="#[191]">&gt;&gt;</a>&nbsp;&nbsp;&nbsp;dhcp_check
<LI><a href="#[18e]">&gt;&gt;</a>&nbsp;&nbsp;&nbsp;dhcp_bind
</UL>
<BR>[Called By]<UL><LI><a href="#[106]">&gt;&gt;</a>&nbsp;&nbsp;&nbsp;dhcp_fine_tmr
</UL>

<P><STRONG><a name="[1c3]"></a>etharp_find_entry</STRONG> (Thumb, 450 bytes, Stack size 48 bytes, etharp.o(i.etharp_find_entry))
<BR><BR>[Stack]<UL><LI>Max Depth = 784<LI>Call Chain = etharp_find_entry &rArr; etharp_free_entry &rArr; pbuf_free &rArr; memp_free &rArr; do_memp_free_pool &rArr; sys_assert &rArr; DbgConsole_Printf &rArr; StrFormatPrintf &rArr; ConvertFloatRadixNumToString &rArr; __hardfp_pow &rArr; sqrt
</UL>
<BR>[Calls]<UL><LI><a href="#[18c]">&gt;&gt;</a>&nbsp;&nbsp;&nbsp;sys_assert
<LI><a href="#[1c4]">&gt;&gt;</a>&nbsp;&nbsp;&nbsp;etharp_free_entry
</UL>
<BR>[Called By]<UL><LI><a href="#[1c6]">&gt;&gt;</a>&nbsp;&nbsp;&nbsp;etharp_update_arp_entry
<LI><a href="#[192]">&gt;&gt;</a>&nbsp;&nbsp;&nbsp;etharp_query
</UL>

<P><STRONG><a name="[1c4]"></a>etharp_free_entry</STRONG> (Thumb, 112 bytes, Stack size 8 bytes, etharp.o(i.etharp_free_entry))
<BR><BR>[Stack]<UL><LI>Max Depth = 736<LI>Call Chain = etharp_free_entry &rArr; pbuf_free &rArr; memp_free &rArr; do_memp_free_pool &rArr; sys_assert &rArr; DbgConsole_Printf &rArr; StrFormatPrintf &rArr; ConvertFloatRadixNumToString &rArr; __hardfp_pow &rArr; sqrt
</UL>
<BR>[Calls]<UL><LI><a href="#[1a3]">&gt;&gt;</a>&nbsp;&nbsp;&nbsp;pbuf_free
</UL>
<BR>[Called By]<UL><LI><a href="#[1c3]">&gt;&gt;</a>&nbsp;&nbsp;&nbsp;etharp_find_entry
<LI><a href="#[104]">&gt;&gt;</a>&nbsp;&nbsp;&nbsp;etharp_tmr
</UL>

<P><STRONG><a name="[1c9]"></a>etharp_output_to_arp_index</STRONG> (Thumb, 200 bytes, Stack size 24 bytes, etharp.o(i.etharp_output_to_arp_index))
<BR><BR>[Stack]<UL><LI>Max Depth = 888<LI>Call Chain = etharp_output_to_arp_index &rArr; etharp_request &rArr; etharp_request_dst &rArr; etharp_raw &rArr; pbuf_alloc &rArr; pbuf_free &rArr; memp_free &rArr; do_memp_free_pool &rArr; sys_assert &rArr; DbgConsole_Printf &rArr; StrFormatPrintf &rArr; ConvertFloatRadixNumToString &rArr; __hardfp_pow &rArr; sqrt
</UL>
<BR>[Calls]<UL><LI><a href="#[18c]">&gt;&gt;</a>&nbsp;&nbsp;&nbsp;sys_assert
<LI><a href="#[1cb]">&gt;&gt;</a>&nbsp;&nbsp;&nbsp;etharp_request
<LI><a href="#[1ca]">&gt;&gt;</a>&nbsp;&nbsp;&nbsp;ethernet_output
<LI><a href="#[1cc]">&gt;&gt;</a>&nbsp;&nbsp;&nbsp;etharp_request_dst
</UL>
<BR>[Called By]<UL><LI><a href="#[e3]">&gt;&gt;</a>&nbsp;&nbsp;&nbsp;etharp_output
</UL>

<P><STRONG><a name="[1c7]"></a>etharp_raw</STRONG> (Thumb, 194 bytes, Stack size 48 bytes, etharp.o(i.etharp_raw))
<BR><BR>[Stack]<UL><LI>Max Depth = 816<LI>Call Chain = etharp_raw &rArr; pbuf_alloc &rArr; pbuf_free &rArr; memp_free &rArr; do_memp_free_pool &rArr; sys_assert &rArr; DbgConsole_Printf &rArr; StrFormatPrintf &rArr; ConvertFloatRadixNumToString &rArr; __hardfp_pow &rArr; sqrt
</UL>
<BR>[Calls]<UL><LI><a href="#[18c]">&gt;&gt;</a>&nbsp;&nbsp;&nbsp;sys_assert
<LI><a href="#[1a3]">&gt;&gt;</a>&nbsp;&nbsp;&nbsp;pbuf_free
<LI><a href="#[198]">&gt;&gt;</a>&nbsp;&nbsp;&nbsp;pbuf_alloc
<LI><a href="#[1cf]">&gt;&gt;</a>&nbsp;&nbsp;&nbsp;lwip_htons
<LI><a href="#[1ca]">&gt;&gt;</a>&nbsp;&nbsp;&nbsp;ethernet_output
</UL>
<BR>[Called By]<UL><LI><a href="#[1c5]">&gt;&gt;</a>&nbsp;&nbsp;&nbsp;etharp_input
<LI><a href="#[1cc]">&gt;&gt;</a>&nbsp;&nbsp;&nbsp;etharp_request_dst
</UL>

<P><STRONG><a name="[1cc]"></a>etharp_request_dst</STRONG> (Thumb, 38 bytes, Stack size 32 bytes, etharp.o(i.etharp_request_dst))
<BR><BR>[Stack]<UL><LI>Max Depth = 848<LI>Call Chain = etharp_request_dst &rArr; etharp_raw &rArr; pbuf_alloc &rArr; pbuf_free &rArr; memp_free &rArr; do_memp_free_pool &rArr; sys_assert &rArr; DbgConsole_Printf &rArr; StrFormatPrintf &rArr; ConvertFloatRadixNumToString &rArr; __hardfp_pow &rArr; sqrt
</UL>
<BR>[Calls]<UL><LI><a href="#[1c7]">&gt;&gt;</a>&nbsp;&nbsp;&nbsp;etharp_raw
</UL>
<BR>[Called By]<UL><LI><a href="#[1cb]">&gt;&gt;</a>&nbsp;&nbsp;&nbsp;etharp_request
<LI><a href="#[1c9]">&gt;&gt;</a>&nbsp;&nbsp;&nbsp;etharp_output_to_arp_index
</UL>

<P><STRONG><a name="[1c6]"></a>etharp_update_arp_entry</STRONG> (Thumb, 212 bytes, Stack size 32 bytes, etharp.o(i.etharp_update_arp_entry))
<BR><BR>[Stack]<UL><LI>Max Depth = 816<LI>Call Chain = etharp_update_arp_entry &rArr; etharp_find_entry &rArr; etharp_free_entry &rArr; pbuf_free &rArr; memp_free &rArr; do_memp_free_pool &rArr; sys_assert &rArr; DbgConsole_Printf &rArr; StrFormatPrintf &rArr; ConvertFloatRadixNumToString &rArr; __hardfp_pow &rArr; sqrt
</UL>
<BR>[Calls]<UL><LI><a href="#[18c]">&gt;&gt;</a>&nbsp;&nbsp;&nbsp;sys_assert
<LI><a href="#[1a3]">&gt;&gt;</a>&nbsp;&nbsp;&nbsp;pbuf_free
<LI><a href="#[1ca]">&gt;&gt;</a>&nbsp;&nbsp;&nbsp;ethernet_output
<LI><a href="#[1c3]">&gt;&gt;</a>&nbsp;&nbsp;&nbsp;etharp_find_entry
<LI><a href="#[1c8]">&gt;&gt;</a>&nbsp;&nbsp;&nbsp;ip4_addr_isbroadcast_u32
</UL>
<BR>[Called By]<UL><LI><a href="#[1c5]">&gt;&gt;</a>&nbsp;&nbsp;&nbsp;etharp_input
</UL>

<P><STRONG><a name="[1d8]"></a>icmp_send_response</STRONG> (Thumb, 142 bytes, Stack size 48 bytes, icmp.o(i.icmp_send_response))
<BR><BR>[Stack]<UL><LI>Max Depth = 1016<LI>Call Chain = icmp_send_response &rArr; ip4_output_if &rArr; ip4_output_if_src &rArr; ip4_frag &rArr; pbuf_alloc &rArr; pbuf_free &rArr; memp_free &rArr; do_memp_free_pool &rArr; sys_assert &rArr; DbgConsole_Printf &rArr; StrFormatPrintf &rArr; ConvertFloatRadixNumToString &rArr; __hardfp_pow &rArr; sqrt
</UL>
<BR>[Calls]<UL><LI><a href="#[18c]">&gt;&gt;</a>&nbsp;&nbsp;&nbsp;sys_assert
<LI><a href="#[1a3]">&gt;&gt;</a>&nbsp;&nbsp;&nbsp;pbuf_free
<LI><a href="#[198]">&gt;&gt;</a>&nbsp;&nbsp;&nbsp;pbuf_alloc
<LI><a href="#[1db]">&gt;&gt;</a>&nbsp;&nbsp;&nbsp;inet_chksum
<LI><a href="#[14b]">&gt;&gt;</a>&nbsp;&nbsp;&nbsp;__aeabi_memcpy
<LI><a href="#[1dd]">&gt;&gt;</a>&nbsp;&nbsp;&nbsp;ip4_route
<LI><a href="#[1dc]">&gt;&gt;</a>&nbsp;&nbsp;&nbsp;ip4_output_if
</UL>
<BR>[Called By]<UL><LI><a href="#[1de]">&gt;&gt;</a>&nbsp;&nbsp;&nbsp;icmp_time_exceeded
<LI><a href="#[1d7]">&gt;&gt;</a>&nbsp;&nbsp;&nbsp;icmp_dest_unreach
</UL>

<P><STRONG><a name="[1e3]"></a>ip_frag_alloc_pbuf_custom_ref</STRONG> (Thumb, 10 bytes, Stack size 8 bytes, ip4_frag.o(i.ip_frag_alloc_pbuf_custom_ref))
<BR><BR>[Stack]<UL><LI>Max Depth = 696<LI>Call Chain = ip_frag_alloc_pbuf_custom_ref &rArr; memp_malloc &rArr; do_memp_malloc_pool &rArr; sys_assert &rArr; DbgConsole_Printf &rArr; StrFormatPrintf &rArr; ConvertFloatRadixNumToString &rArr; __hardfp_pow &rArr; sqrt
</UL>
<BR>[Calls]<UL><LI><a href="#[1f2]">&gt;&gt;</a>&nbsp;&nbsp;&nbsp;memp_malloc
</UL>
<BR>[Called By]<UL><LI><a href="#[1e2]">&gt;&gt;</a>&nbsp;&nbsp;&nbsp;ip4_frag
</UL>

<P><STRONG><a name="[1e5]"></a>ip_frag_free_pbuf_custom_ref</STRONG> (Thumb, 26 bytes, Stack size 8 bytes, ip4_frag.o(i.ip_frag_free_pbuf_custom_ref))
<BR><BR>[Stack]<UL><LI>Max Depth = 704<LI>Call Chain = ip_frag_free_pbuf_custom_ref &rArr; memp_free &rArr; do_memp_free_pool &rArr; sys_assert &rArr; DbgConsole_Printf &rArr; StrFormatPrintf &rArr; ConvertFloatRadixNumToString &rArr; __hardfp_pow &rArr; sqrt
</UL>
<BR>[Calls]<UL><LI><a href="#[18c]">&gt;&gt;</a>&nbsp;&nbsp;&nbsp;sys_assert
<LI><a href="#[1f3]">&gt;&gt;</a>&nbsp;&nbsp;&nbsp;memp_free
</UL>
<BR>[Called By]<UL><LI><a href="#[e7]">&gt;&gt;</a>&nbsp;&nbsp;&nbsp;ipfrag_free_pbuf_custom
<LI><a href="#[1e2]">&gt;&gt;</a>&nbsp;&nbsp;&nbsp;ip4_frag
</UL>

<P><STRONG><a name="[1ef]"></a>ip_reass_chain_frag_into_datagram_and_validate</STRONG> (Thumb, 432 bytes, Stack size 48 bytes, ip4_frag.o(i.ip_reass_chain_frag_into_datagram_and_validate))
<BR><BR>[Stack]<UL><LI>Max Depth = 776<LI>Call Chain = ip_reass_chain_frag_into_datagram_and_validate &rArr; pbuf_free &rArr; memp_free &rArr; do_memp_free_pool &rArr; sys_assert &rArr; DbgConsole_Printf &rArr; StrFormatPrintf &rArr; ConvertFloatRadixNumToString &rArr; __hardfp_pow &rArr; sqrt
</UL>
<BR>[Calls]<UL><LI><a href="#[18c]">&gt;&gt;</a>&nbsp;&nbsp;&nbsp;sys_assert
<LI><a href="#[1a3]">&gt;&gt;</a>&nbsp;&nbsp;&nbsp;pbuf_free
<LI><a href="#[1cf]">&gt;&gt;</a>&nbsp;&nbsp;&nbsp;lwip_htons
<LI><a href="#[1ec]">&gt;&gt;</a>&nbsp;&nbsp;&nbsp;pbuf_clen
</UL>
<BR>[Called By]<UL><LI><a href="#[1e7]">&gt;&gt;</a>&nbsp;&nbsp;&nbsp;ip4_reass
</UL>

<P><STRONG><a name="[1f0]"></a>ip_reass_dequeue_datagram</STRONG> (Thumb, 48 bytes, Stack size 16 bytes, ip4_frag.o(i.ip_reass_dequeue_datagram))
<BR><BR>[Stack]<UL><LI>Max Depth = 712<LI>Call Chain = ip_reass_dequeue_datagram &rArr; memp_free &rArr; do_memp_free_pool &rArr; sys_assert &rArr; DbgConsole_Printf &rArr; StrFormatPrintf &rArr; ConvertFloatRadixNumToString &rArr; __hardfp_pow &rArr; sqrt
</UL>
<BR>[Calls]<UL><LI><a href="#[18c]">&gt;&gt;</a>&nbsp;&nbsp;&nbsp;sys_assert
<LI><a href="#[1f3]">&gt;&gt;</a>&nbsp;&nbsp;&nbsp;memp_free
</UL>
<BR>[Called By]<UL><LI><a href="#[1f4]">&gt;&gt;</a>&nbsp;&nbsp;&nbsp;ip_reass_free_complete_datagram
<LI><a href="#[1e7]">&gt;&gt;</a>&nbsp;&nbsp;&nbsp;ip4_reass
</UL>

<P><STRONG><a name="[1ee]"></a>ip_reass_enqueue_new_datagram</STRONG> (Thumb, 84 bytes, Stack size 16 bytes, ip4_frag.o(i.ip_reass_enqueue_new_datagram))
<BR><BR>[Stack]<UL><LI>Max Depth = 1120<LI>Call Chain = ip_reass_enqueue_new_datagram &rArr; ip_reass_remove_oldest_datagram &rArr; ip_reass_free_complete_datagram &rArr; icmp_time_exceeded &rArr; icmp_send_response &rArr; ip4_output_if &rArr; ip4_output_if_src &rArr; ip4_frag &rArr; pbuf_alloc &rArr; pbuf_free &rArr; memp_free &rArr; do_memp_free_pool &rArr; sys_assert &rArr; DbgConsole_Printf &rArr; StrFormatPrintf &rArr; ConvertFloatRadixNumToString &rArr; __hardfp_pow &rArr; sqrt
</UL>
<BR>[Calls]<UL><LI><a href="#[1f2]">&gt;&gt;</a>&nbsp;&nbsp;&nbsp;memp_malloc
<LI><a href="#[13e]">&gt;&gt;</a>&nbsp;&nbsp;&nbsp;__aeabi_memclr4
<LI><a href="#[14b]">&gt;&gt;</a>&nbsp;&nbsp;&nbsp;__aeabi_memcpy
<LI><a href="#[1ed]">&gt;&gt;</a>&nbsp;&nbsp;&nbsp;ip_reass_remove_oldest_datagram
</UL>
<BR>[Called By]<UL><LI><a href="#[1e7]">&gt;&gt;</a>&nbsp;&nbsp;&nbsp;ip4_reass
</UL>

<P><STRONG><a name="[1f4]"></a>ip_reass_free_complete_datagram</STRONG> (Thumb, 222 bytes, Stack size 32 bytes, ip4_frag.o(i.ip_reass_free_complete_datagram))
<BR><BR>[Stack]<UL><LI>Max Depth = 1064<LI>Call Chain = ip_reass_free_complete_datagram &rArr; icmp_time_exceeded &rArr; icmp_send_response &rArr; ip4_output_if &rArr; ip4_output_if_src &rArr; ip4_frag &rArr; pbuf_alloc &rArr; pbuf_free &rArr; memp_free &rArr; do_memp_free_pool &rArr; sys_assert &rArr; DbgConsole_Printf &rArr; StrFormatPrintf &rArr; ConvertFloatRadixNumToString &rArr; __hardfp_pow &rArr; sqrt
</UL>
<BR>[Calls]<UL><LI><a href="#[18c]">&gt;&gt;</a>&nbsp;&nbsp;&nbsp;sys_assert
<LI><a href="#[1a3]">&gt;&gt;</a>&nbsp;&nbsp;&nbsp;pbuf_free
<LI><a href="#[14b]">&gt;&gt;</a>&nbsp;&nbsp;&nbsp;__aeabi_memcpy
<LI><a href="#[1ec]">&gt;&gt;</a>&nbsp;&nbsp;&nbsp;pbuf_clen
<LI><a href="#[1de]">&gt;&gt;</a>&nbsp;&nbsp;&nbsp;icmp_time_exceeded
<LI><a href="#[1f0]">&gt;&gt;</a>&nbsp;&nbsp;&nbsp;ip_reass_dequeue_datagram
</UL>
<BR>[Called By]<UL><LI><a href="#[103]">&gt;&gt;</a>&nbsp;&nbsp;&nbsp;ip_reass_tmr
<LI><a href="#[1ed]">&gt;&gt;</a>&nbsp;&nbsp;&nbsp;ip_reass_remove_oldest_datagram
</UL>

<P><STRONG><a name="[1ed]"></a>ip_reass_remove_oldest_datagram</STRONG> (Thumb, 130 bytes, Stack size 40 bytes, ip4_frag.o(i.ip_reass_remove_oldest_datagram))
<BR><BR>[Stack]<UL><LI>Max Depth = 1104<LI>Call Chain = ip_reass_remove_oldest_datagram &rArr; ip_reass_free_complete_datagram &rArr; icmp_time_exceeded &rArr; icmp_send_response &rArr; ip4_output_if &rArr; ip4_output_if_src &rArr; ip4_frag &rArr; pbuf_alloc &rArr; pbuf_free &rArr; memp_free &rArr; do_memp_free_pool &rArr; sys_assert &rArr; DbgConsole_Printf &rArr; StrFormatPrintf &rArr; ConvertFloatRadixNumToString &rArr; __hardfp_pow &rArr; sqrt
</UL>
<BR>[Calls]<UL><LI><a href="#[1f4]">&gt;&gt;</a>&nbsp;&nbsp;&nbsp;ip_reass_free_complete_datagram
</UL>
<BR>[Called By]<UL><LI><a href="#[1ee]">&gt;&gt;</a>&nbsp;&nbsp;&nbsp;ip_reass_enqueue_new_datagram
<LI><a href="#[1e7]">&gt;&gt;</a>&nbsp;&nbsp;&nbsp;ip4_reass
</UL>

<P><STRONG><a name="[e7]"></a>ipfrag_free_pbuf_custom</STRONG> (Thumb, 50 bytes, Stack size 16 bytes, ip4_frag.o(i.ipfrag_free_pbuf_custom))
<BR><BR>[Stack]<UL><LI>Max Depth = 744<LI>Call Chain = ipfrag_free_pbuf_custom &rArr; pbuf_free &rArr; memp_free &rArr; do_memp_free_pool &rArr; sys_assert &rArr; DbgConsole_Printf &rArr; StrFormatPrintf &rArr; ConvertFloatRadixNumToString &rArr; __hardfp_pow &rArr; sqrt
</UL>
<BR>[Calls]<UL><LI><a href="#[18c]">&gt;&gt;</a>&nbsp;&nbsp;&nbsp;sys_assert
<LI><a href="#[1a3]">&gt;&gt;</a>&nbsp;&nbsp;&nbsp;pbuf_free
<LI><a href="#[1e5]">&gt;&gt;</a>&nbsp;&nbsp;&nbsp;ip_frag_free_pbuf_custom_ref
</UL>
<BR>[Address Reference Count : 1]<UL><LI> ip4_frag.o(i.ip4_frag)
</UL><P>
<H3>
Undefined Global Symbols
</H3><HR></body></html>
